Archive member included to satisfy reference by file (symbol)

c:/nxp/mcuxpressoide_11.5.1_7266/ide/plugins/com.nxp.mcuxpresso.tools.win32_11.5.1.202201181444/tools/bin/../lib/gcc/arm-none-eabi/10.3.1/../../../../arm-none-eabi/lib/thumb/v6-m/nofp\libcr_nohost_nf.a(_cr__main.o)
                              ./startup/startup_mkl25z4.o (__main)
c:/nxp/mcuxpressoide_11.5.1_7266/ide/plugins/com.nxp.mcuxpresso.tools.win32_11.5.1.202201181444/tools/bin/../lib/gcc/arm-none-eabi/10.3.1/../../../../arm-none-eabi/lib/thumb/v6-m/nofp\libcr_c.a(memcpy.o)
                              ./freertos/queue.o (memcpy)
c:/nxp/mcuxpressoide_11.5.1_7266/ide/plugins/com.nxp.mcuxpresso.tools.win32_11.5.1.202201181444/tools/bin/../lib/gcc/arm-none-eabi/10.3.1/../../../../arm-none-eabi/lib/thumb/v6-m/nofp\libcr_c.a(memset.o)
                              ./freertos/tasks.o (memset)
c:/nxp/mcuxpressoide_11.5.1_7266/ide/plugins/com.nxp.mcuxpresso.tools.win32_11.5.1.202201181444/tools/bin/../lib/gcc/arm-none-eabi/10.3.1/../../../../arm-none-eabi/lib/thumb/v6-m/nofp\libcr_c.a(initio.o)
                              c:/nxp/mcuxpressoide_11.5.1_7266/ide/plugins/com.nxp.mcuxpresso.tools.win32_11.5.1.202201181444/tools/bin/../lib/gcc/arm-none-eabi/10.3.1/../../../../arm-none-eabi/lib/thumb/v6-m/nofp\libcr_nohost_nf.a(_cr__main.o) (_initio)
c:/nxp/mcuxpressoide_11.5.1_7266/ide/plugins/com.nxp.mcuxpresso.tools.win32_11.5.1.202201181444/tools/bin/../lib/gcc/arm-none-eabi/10.3.1/../../../../arm-none-eabi/lib/thumb/v6-m/nofp\libcr_c.a(setvbuf.o)
                              c:/nxp/mcuxpressoide_11.5.1_7266/ide/plugins/com.nxp.mcuxpresso.tools.win32_11.5.1.202201181444/tools/bin/../lib/gcc/arm-none-eabi/10.3.1/../../../../arm-none-eabi/lib/thumb/v6-m/nofp\libcr_c.a(initio.o) (setvbuf)
c:/nxp/mcuxpressoide_11.5.1_7266/ide/plugins/com.nxp.mcuxpresso.tools.win32_11.5.1.202201181444/tools/bin/../lib/gcc/arm-none-eabi/10.3.1/../../../../arm-none-eabi/lib/thumb/v6-m/nofp\libcr_c.a(strlen.o)
                              ./utilities/fsl_debug_console.o (strlen)
c:/nxp/mcuxpressoide_11.5.1_7266/ide/plugins/com.nxp.mcuxpresso.tools.win32_11.5.1.202201181444/tools/bin/../lib/gcc/arm-none-eabi/10.3.1/../../../../arm-none-eabi/lib/thumb/v6-m/nofp\libcr_c.a(_fdopen.o)
                              c:/nxp/mcuxpressoide_11.5.1_7266/ide/plugins/com.nxp.mcuxpresso.tools.win32_11.5.1.202201181444/tools/bin/../lib/gcc/arm-none-eabi/10.3.1/../../../../arm-none-eabi/lib/thumb/v6-m/nofp\libcr_c.a(initio.o) (_fdopen)
c:/nxp/mcuxpressoide_11.5.1_7266/ide/plugins/com.nxp.mcuxpresso.tools.win32_11.5.1.202201181444/tools/bin/../lib/gcc/arm-none-eabi/10.3.1/../../../../arm-none-eabi/lib/thumb/v6-m/nofp\libcr_c.a(fclose.o)
                              c:/nxp/mcuxpressoide_11.5.1_7266/ide/plugins/com.nxp.mcuxpresso.tools.win32_11.5.1.202201181444/tools/bin/../lib/gcc/arm-none-eabi/10.3.1/../../../../arm-none-eabi/lib/thumb/v6-m/nofp\libcr_c.a(initio.o) (fclose)
c:/nxp/mcuxpressoide_11.5.1_7266/ide/plugins/com.nxp.mcuxpresso.tools.win32_11.5.1.202201181444/tools/bin/../lib/gcc/arm-none-eabi/10.3.1/../../../../arm-none-eabi/lib/thumb/v6-m/nofp\libcr_c.a(fflush.o)
                              c:/nxp/mcuxpressoide_11.5.1_7266/ide/plugins/com.nxp.mcuxpresso.tools.win32_11.5.1.202201181444/tools/bin/../lib/gcc/arm-none-eabi/10.3.1/../../../../arm-none-eabi/lib/thumb/v6-m/nofp\libcr_c.a(fclose.o) (fflush)
c:/nxp/mcuxpressoide_11.5.1_7266/ide/plugins/com.nxp.mcuxpresso.tools.win32_11.5.1.202201181444/tools/bin/../lib/gcc/arm-none-eabi/10.3.1/../../../../arm-none-eabi/lib/thumb/v6-m/nofp\libcr_c.a(fseek.o)
                              c:/nxp/mcuxpressoide_11.5.1_7266/ide/plugins/com.nxp.mcuxpresso.tools.win32_11.5.1.202201181444/tools/bin/../lib/gcc/arm-none-eabi/10.3.1/../../../../arm-none-eabi/lib/thumb/v6-m/nofp\libcr_c.a(_fdopen.o) (fseek)
c:/nxp/mcuxpressoide_11.5.1_7266/ide/plugins/com.nxp.mcuxpresso.tools.win32_11.5.1.202201181444/tools/bin/../lib/gcc/arm-none-eabi/10.3.1/../../../../arm-none-eabi/lib/thumb/v6-m/nofp\libcr_c.a(ftell.o)
                              c:/nxp/mcuxpressoide_11.5.1_7266/ide/plugins/com.nxp.mcuxpresso.tools.win32_11.5.1.202201181444/tools/bin/../lib/gcc/arm-none-eabi/10.3.1/../../../../arm-none-eabi/lib/thumb/v6-m/nofp\libcr_c.a(fseek.o) (ftell)
c:/nxp/mcuxpressoide_11.5.1_7266/ide/plugins/com.nxp.mcuxpresso.tools.win32_11.5.1.202201181444/tools/bin/../lib/gcc/arm-none-eabi/10.3.1/../../../../arm-none-eabi/lib/thumb/v6-m/nofp\libcr_c.a(remove.o)
                              c:/nxp/mcuxpressoide_11.5.1_7266/ide/plugins/com.nxp.mcuxpresso.tools.win32_11.5.1.202201181444/tools/bin/../lib/gcc/arm-none-eabi/10.3.1/../../../../arm-none-eabi/lib/thumb/v6-m/nofp\libcr_c.a(fclose.o) (remove)
c:/nxp/mcuxpressoide_11.5.1_7266/ide/plugins/com.nxp.mcuxpresso.tools.win32_11.5.1.202201181444/tools/bin/../lib/gcc/arm-none-eabi/10.3.1/../../../../arm-none-eabi/lib/thumb/v6-m/nofp\libcr_c.a(_do_fflush.o)
[...]
Memory Configuration

Name             Origin             Length             Attributes
PROGRAM_FLASH    0x00000000         0x00020000         xr
SRAM             0x1ffff000         0x00004000         xrw
*default*        0x00000000         0xffffffff

Linker script and memory map

LOAD ./utilities/fsl_debug_console.o
LOAD ./startup/startup_mkl25z4.o
LOAD ./source/analog_in.o
LOAD ./source/led_out.o
LOAD ./source/main.o
LOAD ./source/mtb.o
LOAD ./source/neopixel_lib.o
LOAD ./source/process_data.o
LOAD ./source/semihost_hardfault.o
LOAD ./freertos/croutine.o
LOAD ./freertos/event_groups.o
LOAD ./freertos/fsl_tickless_lptmr.o
LOAD ./freertos/fsl_tickless_systick.o
LOAD ./freertos/heap_4.o
LOAD ./freertos/list.o
LOAD ./freertos/port.o
LOAD ./freertos/queue.o
LOAD ./freertos/tasks.o
LOAD ./freertos/timers.o
LOAD ./drivers/fsl_clock.o
LOAD ./drivers/fsl_common.o
LOAD ./drivers/fsl_flash.o
LOAD ./drivers/fsl_gpio.o
LOAD ./drivers/fsl_lpsci.o
LOAD ./drivers/fsl_lpsci_freertos.o
LOAD ./drivers/fsl_smc.o
LOAD ./drivers/fsl_uart.o
LOAD ./drivers/fsl_uart_freertos.o
LOAD ./board/board.o
LOAD ./board/clock_config.o
LOAD ./board/peripherals.o
LOAD ./board/pin_mux.o
LOAD ./CMSIS/system_MKL25Z4.o
START GROUP
LOAD c:/nxp/mcuxpressoide_11.5.1_7266/ide/plugins/com.nxp.mcuxpresso.tools.win32_11.5.1.202201181444/tools/bin/../lib/gcc/arm-none-eabi/10.3.1/../../../../arm-none-eabi/lib/thumb/v6-m/nofp\libcr_nohost_nf.a
LOAD c:/nxp/mcuxpressoide_11.5.1_7266/ide/plugins/com.nxp.mcuxpresso.tools.win32_11.5.1.202201181444/tools/bin/../lib/gcc/arm-none-eabi/10.3.1/../../../../arm-none-eabi/lib/thumb/v6-m/nofp\libcr_c.a
LOAD c:/nxp/mcuxpressoide_11.5.1_7266/ide/plugins/com.nxp.mcuxpresso.tools.win32_11.5.1.202201181444/tools/bin/../lib/gcc/arm-none-eabi/10.3.1/thumb/v6-m/nofp\libcr_eabihelpers.a
LOAD c:/nxp/mcuxpressoide_11.5.1_7266/ide/plugins/com.nxp.mcuxpresso.tools.win32_11.5.1.202201181444/tools/bin/../lib/gcc/arm-none-eabi/10.3.1/thumb/v6-m/nofp\libgcc.a
END GROUP
                0x00000000                __base_PROGRAM_FLASH = 0x0
                0x00000000                __base_Flash = 0x0
                0x00020000                __top_PROGRAM_FLASH = 0x20000
                0x00020000                __top_Flash = 0x20000
                0x1ffff000                __base_SRAM = 0x1ffff000
                0x1ffff000                __base_RAM = 0x1ffff000
                0x20003000                __top_SRAM = 0x20003000
                0x20003000                __top_RAM = 0x20003000

.text           0x00000000     0x5898
 FILL mask 0xff
                0x00000000                __vectors_start__ = ABSOLUTE (.)
 *(SORT_BY_ALIGNMENT(.isr_vector))
 .isr_vector    0x00000000       0xc0 ./startup/startup_mkl25z4.o
                0x00000000                g_pfnVectors
                0x00000000                __Vectors
                0x000000c0                . = ALIGN (0x4)
                0x000000c0                __section_table_start = .
                0x000000c0                __data_section_table = .
                0x000000c0        0x4 LONG 0x5898 LOADADDR (.data)
                0x000000c4        0x4 LONG 0x1ffff080 ADDR (.data)
                0x000000c8        0x4 LONG 0x18 SIZEOF (.data)
                0x000000cc                __data_section_table_end = .
                0x000000cc                __bss_section_table = .
                0x000000cc        0x4 LONG 0x1ffff098 ADDR (.bss)
                0x000000d0        0x4 LONG 0x3058 SIZEOF (.bss)
                0x000000d4                __bss_section_table_end = .
                0x000000d4                __section_table_end = .
 *(SORT_BY_ALIGNMENT(.after_vectors*))
 .after_vectors.reset
                0x000000d4       0x4c ./startup/startup_mkl25z4.o
                0x000000d4                ResetISR
 .after_vectors.init_data
                0x00000120       0x12 ./startup/startup_mkl25z4.o
                0x00000120                data_init
 .after_vectors.init_bss
                0x00000132       0x10 ./startup/startup_mkl25z4.o
                0x00000132                bss_init
 .after_vectors
                0x00000142      0x10c ./startup/startup_mkl25z4.o
                0x00000142                NMI_Handler
                0x0000014c                I2C0_DriverIRQHandler
                0x0000014c                DMA0_DriverIRQHandler
                0x0000014c                SPI1_DriverIRQHandler
                0x0000014c                LPTMR0_DriverIRQHandler
                0x0000014c                Reserved39_DriverIRQHandler
                0x0000014c                PIT_DriverIRQHandler
                0x0000014c                PORTD_DriverIRQHandler
                0x0000014c                DMA2_DriverIRQHandler
                0x0000014c                CMP0_DriverIRQHandler
                0x0000014c                TPM2_DriverIRQHandler
                0x0000014c                ADC0_DriverIRQHandler
                0x0000014c                SPI0_DriverIRQHandler
                0x0000014c                TSI0_DriverIRQHandler
                0x0000014c                RTC_Seconds_DriverIRQHandler
                0x0000014c                I2C1_DriverIRQHandler
                0x0000014c                DMA1_DriverIRQHandler
                0x0000014c                LLWU_DriverIRQHandler
                0x0000014c                MCG_DriverIRQHandler
                0x0000014c                RTC_DriverIRQHandler
                0x0000014c                TPM1_DriverIRQHandler
                0x0000014c                PORTA_DriverIRQHandler
                0x0000014c                FTFA_DriverIRQHandler
                0x0000014c                IntDefaultHandler
                0x0000014c                USB0_DriverIRQHandler
                0x0000014c                DAC0_DriverIRQHandler
                0x0000014c                Reserved45_DriverIRQHandler
                0x0000014c                LVD_LVW_DriverIRQHandler
                0x0000014c                TPM0_DriverIRQHandler
                0x0000014c                DMA3_DriverIRQHandler
                0x0000014c                Reserved20_DriverIRQHandler
                0x00000156                DMA1_IRQHandler
                0x0000015e                DMA2_IRQHandler
                0x00000166                DMA3_IRQHandler
                0x0000016e                Reserved20_IRQHandler
                0x00000176                FTFA_IRQHandler
                0x0000017e                LVD_LVW_IRQHandler
                0x00000186                LLWU_IRQHandler
                0x0000018e                I2C0_IRQHandler
                0x00000196                I2C1_IRQHandler
                0x0000019e                SPI0_IRQHandler
                0x000001a6                SPI1_IRQHandler
                0x000001ae                UART0_IRQHandler
                0x000001b6                UART1_IRQHandler
                0x000001be                UART2_IRQHandler
                0x000001c6                ADC0_IRQHandler
                0x000001ce                CMP0_IRQHandler
                0x000001d6                TPM0_IRQHandler
                0x000001de                TPM1_IRQHandler
                0x000001e6                TPM2_IRQHandler
                0x000001ee                RTC_IRQHandler
                0x000001f6                RTC_Seconds_IRQHandler
                0x000001fe                PIT_IRQHandler
                0x00000206                Reserved39_IRQHandler
                0x0000020e                USB0_IRQHandler
                0x00000216                DAC0_IRQHandler
                0x0000021e                TSI0_IRQHandler
                0x00000226                MCG_IRQHandler
                0x0000022e                LPTMR0_IRQHandler
                0x00000236                Reserved45_IRQHandler
                0x0000023e                PORTA_IRQHandler
                0x00000246                PORTD_IRQHandler
                0x00000400                . = 0x400
 *fill*         0x0000024e      0x1b2 ff
                0x00000400                PROVIDE (__FLASH_CONFIG_START__ = .)
 *(SORT_BY_ALIGNMENT(.FlashConfig))
 .FlashConfig   0x00000400       0x10 ./startup/startup_mkl25z4.o
                0x00000400                Flash_Config
                0x00000410                PROVIDE (__FLASH_CONFIG_END__ = .)
                0x00000001                ASSERT (! ((__FLASH_CONFIG_START__ == __FLASH_CONFIG_END__)), Linker Flash Config Support Enabled, but no .FlashConfig section provided within application)
 *(SORT_BY_ALIGNMENT(.text*))
 .text.vPortStartFirstTask
                0x00000410       0x38 ./freertos/port.o
 *fill*         0x00000448        0x8 ff
 .text.PendSV_Handler
                0x00000450       0x48 ./freertos/port.o
                0x00000450                PendSV_Handler
 .text.DbgConsole_Init
                0x00000498       0xf4 ./utilities/fsl_debug_console.o
                0x00000498                DbgConsole_Init
 .text.DbgConsole_Printf
                0x0000058c       0x44 ./utilities/fsl_debug_console.o
                0x0000058c                DbgConsole_Printf
 .text.DbgConsole_Putchar
                0x000005d0       0x34 ./utilities/fsl_debug_console.o
                0x000005d0                DbgConsole_Putchar
 .text.TPM1_init
                0x00000604       0x60 ./source/analog_in.o
                0x00000604                TPM1_init
 .text.ADC_init
                0x00000664       0x8c ./source/analog_in.o
                0x00000664                ADC_init
 .text.ADC_sampling
                0x000006f0       0x78 ./source/analog_in.o
                0x000006f0                ADC_sampling
 .text.NVIC_EnableIRQ
                0x00000768       0x2c ./source/led_out.o
 .text.NVIC_ClearPendingIRQ
                0x00000794       0x30 ./source/led_out.o
 .text.NVIC_SetPriority
                0x000007c4       0xdc ./source/led_out.o
 .text.GPIO_init
                0x000008a0       0x58 ./source/led_out.o
                0x000008a0                GPIO_init
 .text.clock_init
                0x000008f8       0x4c ./source/led_out.o
                0x000008f8                clock_init
 .text.DMA_init
                0x00000944       0x88 ./source/led_out.o
                0x00000944                DMA_init
 .text.TPM0_init
                0x000009cc       0x7c ./source/led_out.o
                0x000009cc                TPM0_init
 .text.DMA0_IRQHandler
                0x00000a48       0x4c ./source/led_out.o
                0x00000a48                DMA0_IRQHandler
 .text.Neo_output
                0x00000a94       0x28 ./source/led_out.o
                0x00000a94                Neo_output
 .text.Neo_loop
                0x00000abc       0x28 ./source/led_out.o
                0x00000abc                Neo_loop
 .text.DMA_SetValues
                0x00000ae4       0x64 ./source/led_out.o
                0x00000ae4                DMA_SetValues
 .text.Neo_UpdateStrip
                0x00000b48       0x24 ./source/led_out.o
                0x00000b48                Neo_UpdateStrip
 .text.main     0x00000b6c       0xc8 ./source/main.o
                0x00000b6c                main
 .text.ADC_task
                0x00000c34       0x50 ./source/main.o
 .text.process_task
                0x00000c84       0xb0 ./source/main.o
 .text.neopixel_task
                0x00000d34       0x50 ./source/main.o
 .text.clear_LED_buffer
                0x00000d84       0x60 ./source/neopixel_lib.o
 .text.Neo_ClearAllPixel
                0x00000de4       0x54 ./source/neopixel_lib.o
                0x00000de4                Neo_ClearAllPixel
 .text.Neo_PixelTrail
                0x00000e38       0xf0 ./source/neopixel_lib.o
                0x00000e38                Neo_PixelTrail
 .text.HardFault_Handler
                0x00000f28       0x30 ./source/semihost_hardfault.o
                0x00000f28                HardFault_Handler
 .text.prvSetupTimerInterrupt
                0x00000f58       0x40 ./freertos/fsl_tickless_lptmr.o
                0x00000f58                prvSetupTimerInterrupt
 .text.pvPortMalloc
                0x00000f98      0x14c ./freertos/heap_4.o
                0x00000f98                pvPortMalloc
 .text.vPortFree
                0x000010e4       0x90 ./freertos/heap_4.o
                0x000010e4                vPortFree
 .text.prvHeapInit
                0x00001174       0xc0 ./freertos/heap_4.o
 .text.prvInsertBlockIntoFreeList
                0x00001234       0xb0 ./freertos/heap_4.o
 .text.pxPortInitialiseStack
                0x000012e4       0x54 ./freertos/port.o
                0x000012e4                pxPortInitialiseStack
 .text.prvTaskExitError
                0x00001338       0x18 ./freertos/port.o
 .text.xPortStartScheduler
                0x00001350       0x44 ./freertos/port.o
                0x00001350                xPortStartScheduler
 .text.vPortYield
                0x00001394       0x20 ./freertos/port.o
                0x00001394                vPortYield
 .text.vPortEnterCritical
                0x000013b4       0x24 ./freertos/port.o
                0x000013b4                vPortEnterCritical
 .text.vPortExitCritical
                0x000013d8       0x30 ./freertos/port.o
                0x000013d8                vPortExitCritical
 .text.SysTick_Handler
                0x00001408       0x34 ./freertos/port.o
                0x00001408                SysTick_Handler
 .text.vQueueAddToRegistry
                0x0000143c       0x50 ./freertos/queue.o
                0x0000143c                vQueueAddToRegistry
 .text.prvInitialiseNewTask
                0x0000148c      0x12c ./freertos/tasks.o
 .text.prvAddNewTaskToReadyList
                0x000015b8       0xd0 ./freertos/tasks.o
 .text.vTaskDelay
                0x00001688       0x4c ./freertos/tasks.o
                0x00001688                vTaskDelay
 .text.vTaskSuspend
                0x000016d4       0xb8 ./freertos/tasks.o
                0x000016d4                vTaskSuspend
 .text.prvTaskIsTaskSuspended
                0x0000178c       0x60 ./freertos/tasks.o
 .text.vTaskResume
                0x000017ec       0x9c ./freertos/tasks.o
                0x000017ec                vTaskResume
 .text.vTaskStartScheduler
                0x00001888       0x78 ./freertos/tasks.o
                0x00001888                vTaskStartScheduler
 .text.vTaskSuspendAll
                0x00001900       0x18 ./freertos/tasks.o
                0x00001900                vTaskSuspendAll
 .text.xTaskResumeAll
                0x00001918      0x118 ./freertos/tasks.o
                0x00001918                xTaskResumeAll
 .text.xTaskGetTickCount
                0x00001a30       0x1c ./freertos/tasks.o
                0x00001a30                xTaskGetTickCount
 .text.xTaskIncrementTick
                0x00001a4c      0x14c ./freertos/tasks.o
                0x00001a4c                xTaskIncrementTick
 .text.vTaskSwitchContext
                0x00001b98       0xa4 ./freertos/tasks.o
                0x00001b98                vTaskSwitchContext
 .text.vTaskPlaceOnEventList
                0x00001c3c       0x3c ./freertos/tasks.o
                0x00001c3c                vTaskPlaceOnEventList
 .text.vTaskPlaceOnEventListRestricted
                0x00001c78       0x4c ./freertos/tasks.o
                0x00001c78                vTaskPlaceOnEventListRestricted
 .text.xTaskRemoveFromEventList
                0x00001cc4       0xb8 ./freertos/tasks.o
                0x00001cc4                xTaskRemoveFromEventList
 .text.vTaskSetTimeOutState
                0x00001d7c       0x34 ./freertos/tasks.o
                0x00001d7c                vTaskSetTimeOutState
 .text.xTaskCheckForTimeOut
                0x00001db0       0x9c ./freertos/tasks.o
                0x00001db0                xTaskCheckForTimeOut
 .text.vTaskMissedYield
                0x00001e4c       0x14 ./freertos/tasks.o
                0x00001e4c                vTaskMissedYield
 .text.prvIdleTask
                0x00001e60       0x20 ./freertos/tasks.o
 .text.prvInitialiseTaskLists
                0x00001e80       0x88 ./freertos/tasks.o
 .text.prvCheckTasksWaitingTermination
                0x00001f08       0x78 ./freertos/tasks.o
 .text.prvResetNextTaskUnblockTime
                0x00001f80       0x48 ./freertos/tasks.o
 .text.xTaskGetSchedulerState
                0x00001fc8       0x38 ./freertos/tasks.o
                0x00001fc8                xTaskGetSchedulerState
 .text.vTaskPriorityInherit
                0x00002000       0xbc ./freertos/tasks.o
                0x00002000                vTaskPriorityInherit
 .text.xTaskPriorityDisinherit
                0x000020bc       0xb8 ./freertos/tasks.o
                0x000020bc                xTaskPriorityDisinherit
 .text.pvTaskIncrementMutexHeldCount
                0x00002174       0x24 ./freertos/tasks.o
                0x00002174                pvTaskIncrementMutexHeldCount
 .text.xTaskGenericNotify
                0x00002198      0x118 ./freertos/tasks.o
                0x00002198                xTaskGenericNotify
 .text.xTaskGenericNotifyFromISR
                0x000022b0      0x154 ./freertos/tasks.o
                0x000022b0                xTaskGenericNotifyFromISR
 .text.prvAddCurrentTaskToDelayedList
                0x00002404       0xa8 ./freertos/tasks.o
 .text.xTimerCreateTimerTask
                0x000024ac       0x54 ./freertos/timers.o
                0x000024ac                xTimerCreateTimerTask
 .text.xTimerGenericCommand
                0x00002500       0x94 ./freertos/timers.o
                0x00002500                xTimerGenericCommand
 .text.prvProcessExpiredTimer
                0x00002594       0x70 ./freertos/timers.o
 .text.prvProcessTimerOrBlockTask
                0x00002604       0x8c ./freertos/timers.o
 .text.prvGetNextExpireTime
                0x00002690       0x40 ./freertos/timers.o
 .text.prvSampleTimeNow
                0x000026d0       0x40 ./freertos/timers.o
 .text.prvInsertTimerInActiveList
                0x00002710       0x84 ./freertos/timers.o
 .text.prvProcessReceivedCommands
                0x00002794      0x128 ./freertos/timers.o
 .text.prvSwitchTimerLists
                0x000028bc       0xb4 ./freertos/timers.o
 .text.prvCheckForValidListAndQueue
                0x00002970       0x74 ./freertos/timers.o
 .text.CLOCK_SetEr32kClock
                0x000029e4       0x34 ./drivers/fsl_clock.o
 .text.CLOCK_SetPllFllSelClock
                0x00002a18       0x38 ./drivers/fsl_clock.o
 .text.CLOCK_GetMcgExtClkFreq
                0x00002a50       0x28 ./drivers/fsl_clock.o
 .text.CLOCK_GetFllExtRefClkFreq
                0x00002a78       0xa8 ./drivers/fsl_clock.o
 .text.CLOCK_GetFllRefClkFreq
                0x00002b20       0x2c ./drivers/fsl_clock.o
 .text.CLOCK_GetOscRangeFromFreq
                0x00002b4c       0x4c ./drivers/fsl_clock.o
 .text.CLOCK_GetPllFllSelClkFreq
                0x00002b98       0x4c ./drivers/fsl_clock.o
                0x00002b98                CLOCK_GetPllFllSelClkFreq
 .text.CLOCK_SetSimConfig
                0x00002be4       0x38 ./drivers/fsl_clock.o
                0x00002be4                CLOCK_SetSimConfig
 .text.CLOCK_GetFllFreq
                0x00002c1c       0x84 ./drivers/fsl_clock.o
                0x00002c1c                CLOCK_GetFllFreq
 .text.CLOCK_GetPll0Freq
                0x00002ca0       0x70 ./drivers/fsl_clock.o
                0x00002ca0                CLOCK_GetPll0Freq
 .text.CLOCK_SetInternalRefClkConfig
                0x00002d10      0x124 ./drivers/fsl_clock.o
                0x00002d10                CLOCK_SetInternalRefClkConfig
 .text.CLOCK_EnablePll0
                0x00002e34       0x94 ./drivers/fsl_clock.o
                0x00002e34                CLOCK_EnablePll0
 .text.CLOCK_InitOsc0
                0x00002ec8       0x94 ./drivers/fsl_clock.o
                0x00002ec8                CLOCK_InitOsc0
 .text.CLOCK_SetPbeMode
                0x00002f5c       0xb0 ./drivers/fsl_clock.o
                0x00002f5c                CLOCK_SetPbeMode
 .text.CLOCK_BootToPeeMode
                0x0000300c       0x70 ./drivers/fsl_clock.o
                0x0000300c                CLOCK_BootToPeeMode
 .text.__assertion_failed
                0x0000307c       0x1c ./drivers/fsl_common.o
                0x0000307c                __assertion_failed
 .text.CLOCK_EnableClock
                0x00003098       0x34 ./drivers/fsl_lpsci.o
 .text.LPSCI_GetInstance
                0x000030cc       0x48 ./drivers/fsl_lpsci.o
                0x000030cc                LPSCI_GetInstance
 .text.LPSCI_Init
                0x00003114      0x258 ./drivers/fsl_lpsci.o
                0x00003114                LPSCI_Init
 .text.LPSCI_GetDefaultConfig
                0x0000336c       0x44 ./drivers/fsl_lpsci.o
                0x0000336c                LPSCI_GetDefaultConfig
 .text.LPSCI_ClearStatusFlags
                0x000033b0       0x94 ./drivers/fsl_lpsci.o
                0x000033b0                LPSCI_ClearStatusFlags
 .text.LPSCI_WriteBlocking
                0x00003444       0x4c ./drivers/fsl_lpsci.o
                0x00003444                LPSCI_WriteBlocking
 .text.LPSCI_ReadBlocking
                0x00003490       0xc0 ./drivers/fsl_lpsci.o
                0x00003490                LPSCI_ReadBlocking
 .text.UART0_DriverIRQHandler
                0x00003550       0x24 ./drivers/fsl_lpsci.o
                0x00003550                UART0_DriverIRQHandler
 .text.CLOCK_EnableClock
                0x00003574       0x34 ./drivers/fsl_uart.o
 .text.UART_GetInstance
                0x000035a8       0x54 ./drivers/fsl_uart.o
                0x000035a8                UART_GetInstance
 .text.UART_Init
                0x000035fc      0x1e0 ./drivers/fsl_uart.o
                0x000035fc                UART_Init
 .text.UART_GetDefaultConfig
                0x000037dc       0x44 ./drivers/fsl_uart.o
                0x000037dc                UART_GetDefaultConfig
 .text.UART_ReadBlocking
                0x00003820       0x98 ./drivers/fsl_uart.o
                0x00003820                UART_ReadBlocking
 .text.UART1_DriverIRQHandler
                0x000038b8       0x24 ./drivers/fsl_uart.o
                0x000038b8                UART1_DriverIRQHandler
 .text.UART2_DriverIRQHandler
                0x000038dc       0x24 ./drivers/fsl_uart.o
                0x000038dc                UART2_DriverIRQHandler
 .text.CLOCK_SetLpsci0Clock
                0x00003900       0x38 ./board/board.o
 .text.BOARD_InitDebugConsole
                0x00003938       0x30 ./board/board.o
                0x00003938                BOARD_InitDebugConsole
 .text.CLOCK_SetSimSafeDivs
                0x00003968       0x20 ./board/clock_config.o
 .text.CLOCK_SetXtal0Freq
                0x00003988       0x1c ./board/clock_config.o
 .text.CLOCK_CONFIG_SetFllExtRefDiv
                0x000039a4       0x3c ./board/clock_config.o
 .text.BOARD_BootClockRUN
                0x000039e0       0x64 ./board/clock_config.o
                0x000039e0                BOARD_BootClockRUN
 .text.CLOCK_EnableClock
                0x00003a44       0x34 ./board/pin_mux.o
 .text.PORT_SetPinMux
                0x00003a78       0x40 ./board/pin_mux.o
 .text.BOARD_InitPins
                0x00003ab8       0x4c ./board/pin_mux.o
                0x00003ab8                BOARD_InitPins
 .text.SystemInit
                0x00003b04       0x18 ./CMSIS/system_MKL25Z4.o
                0x00003b04                SystemInit
 .text._initio  0x00003b1c       0x7c c:/nxp/mcuxpressoide_11.5.1_7266/ide/plugins/com.nxp.mcuxpresso.tools.win32_11.5.1.202201181444/tools/bin/../lib/gcc/arm-none-eabi/10.3.1/../../../../arm-none-eabi/lib/thumb/v6-m/nofp\libcr_c.a(initio.o)
                0x00003b1c                _initio
 .text.setvbuf  0x00003b98       0x4c c:/nxp/mcuxpressoide_11.5.1_7266/ide/plugins/com.nxp.mcuxpresso.tools.win32_11.5.1.202201181444/tools/bin/../lib/gcc/arm-none-eabi/10.3.1/../../../../arm-none-eabi/lib/thumb/v6-m/nofp\libcr_c.a(setvbuf.o)
                0x00003b98                setvbuf
 .text.strlen   0x00003be4       0x58 c:/nxp/mcuxpressoide_11.5.1_7266/ide/plugins/com.nxp.mcuxpresso.tools.win32_11.5.1.202201181444/tools/bin/../lib/gcc/arm-none-eabi/10.3.1/../../../../arm-none-eabi/lib/thumb/v6-m/nofp\libcr_c.a(strlen.o)
                0x00003be4                strlen
 .text._fdopen  0x00003c3c       0x74 c:/nxp/mcuxpressoide_11.5.1_7266/ide/plugins/com.nxp.mcuxpresso.tools.win32_11.5.1.202201181444/tools/bin/../lib/gcc/arm-none-eabi/10.3.1/../../../../arm-none-eabi/lib/thumb/v6-m/nofp\libcr_c.a(_fdopen.o)
                0x00003c3c                _fdopen
 .text.fclose   0x00003cb0       0x5c c:/nxp/mcuxpressoide_11.5.1_7266/ide/plugins/com.nxp.mcuxpresso.tools.win32_11.5.1.202201181444/tools/bin/../lib/gcc/arm-none-eabi/10.3.1/../../../../arm-none-eabi/lib/thumb/v6-m/nofp\libcr_c.a(fclose.o)
                0x00003cb0                fclose
 .text.fflush   0x00003d0c       0x44 c:/nxp/mcuxpressoide_11.5.1_7266/ide/plugins/com.nxp.mcuxpresso.tools.win32_11.5.1.202201181444/tools/bin/../lib/gcc/arm-none-eabi/10.3.1/../../../../arm-none-eabi/lib/thumb/v6-m/nofp\libcr_c.a(fflush.o)
                0x00003d0c                fflush
 .text.fseek    0x00003d50       0xf0 c:/nxp/mcuxpressoide_11.5.1_7266/ide/plugins/com.nxp.mcuxpresso.tools.win32_11.5.1.202201181444/tools/bin/../lib/gcc/arm-none-eabi/10.3.1/../../../../arm-none-eabi/lib/thumb/v6-m/nofp\libcr_c.a(fseek.o)
                0x00003d50                fseek
 .text.ftell    0x00003e40       0x48 c:/nxp/mcuxpressoide_11.5.1_7266/ide/plugins/com.nxp.mcuxpresso.tools.win32_11.5.1.202201181444/tools/bin/../lib/gcc/arm-none-eabi/10.3.1/../../../../arm-none-eabi/lib/thumb/v6-m/nofp\libcr_c.a(ftell.o)
                0x00003e40                ftell
 .text._do_fflush
                0x00003e88       0x48 c:/nxp/mcuxpressoide_11.5.1_7266/ide/plugins/com.nxp.mcuxpresso.tools.win32_11.5.1.202201181444/tools/bin/../lib/gcc/arm-none-eabi/10.3.1/../../../../arm-none-eabi/lib/thumb/v6-m/nofp\libcr_c.a(_do_fflush.o)
                0x00003e88                _do_fflush
 .text._fflush  0x00003ed0       0x60 c:/nxp/mcuxpressoide_11.5.1_7266/ide/plugins/com.nxp.mcuxpresso.tools.win32_11.5.1.202201181444/tools/bin/../lib/gcc/arm-none-eabi/10.3.1/../../../../arm-none-eabi/lib/thumb/v6-m/nofp\libcr_c.a(_fflush.o)
                0x00003ed0                _fflush
 .text._Cwritebuf
                0x00003f30       0x68 c:/nxp/mcuxpressoide_11.5.1_7266/ide/plugins/com.nxp.mcuxpresso.tools.win32_11.5.1.202201181444/tools/bin/../lib/gcc/arm-none-eabi/10.3.1/../../../../arm-none-eabi/lib/thumb/v6-m/nofp\libcr_c.a(_writebuf.o)
                0x00003f30                _Cwritebuf
 .text._deferredlazyseek
                0x00003f98       0x40 c:/nxp/mcuxpressoide_11.5.1_7266/ide/plugins/com.nxp.mcuxpresso.tools.win32_11.5.1.202201181444/tools/bin/../lib/gcc/arm-none-eabi/10.3.1/../../../../arm-none-eabi/lib/thumb/v6-m/nofp\libcr_c.a(_deferredlazyseek.o)
                0x00003f98                _deferredlazyseek
 .text.UART_EnableTx
                0x00003fd8       0x40 ./utilities/fsl_debug_console.o
 .text.UART_EnableRx
                0x00004018       0x40 ./utilities/fsl_debug_console.o
 .text.LPSCI_EnableTx
                0x00004058       0x40 ./utilities/fsl_debug_console.o
 .text.LPSCI_EnableRx
                0x00004098       0x40 ./utilities/fsl_debug_console.o
 .text.DbgConsole_PrintfPaddingCharacter
                0x000040d8       0x48 ./utilities/fsl_debug_console.o
 .text.DbgConsole_ConvertRadixNumToString
                0x00004120      0x114 ./utilities/fsl_debug_console.o
 .text.DbgConsole_PrintfFormattedData
                0x00004234      0x33a ./utilities/fsl_debug_console.o
 .text.Neo_init
                0x0000456e       0x18 ./source/neopixel_lib.o
                0x0000456e                Neo_init
 .text.Neo_SetColor
                0x00004586       0x6c ./source/neopixel_lib.o
 .text.Neo_GetColor
                0x000045f2       0x6c ./source/neopixel_lib.o
 .text.Neo_SetPixel
                0x0000465e       0x66 ./source/neopixel_lib.o
                0x0000465e                Neo_SetPixel
 .text.Neo_PixelBrightness
                0x000046c4       0x80 ./source/neopixel_lib.o
                0x000046c4                Neo_PixelBrightness
 .text.Neo_GetPixel
                0x00004744       0x6a ./source/neopixel_lib.o
                0x00004744                Neo_GetPixel
 .text.vListInitialise
                0x000047ae       0x3c ./freertos/list.o
                0x000047ae                vListInitialise
 .text.vListInitialiseItem
                0x000047ea       0x16 ./freertos/list.o
                0x000047ea                vListInitialiseItem
 .text.vListInsertEnd
                0x00004800       0x44 ./freertos/list.o
                0x00004800                vListInsertEnd
 .text.vListInsert
                0x00004844       0x6c ./freertos/list.o
                0x00004844                vListInsert
 .text.uxListRemove
                0x000048b0       0x50 ./freertos/list.o
                0x000048b0                uxListRemove
 .text.SVC_Handler
                0x00004900        0xa ./freertos/port.o
                0x00004900                SVC_Handler
 .text.ulSetInterruptMaskFromISR
                0x0000490a        0xc ./freertos/port.o
                0x0000490a                ulSetInterruptMaskFromISR
 .text.vClearInterruptMaskFromISR
                0x00004916        0x8 ./freertos/port.o
                0x00004916                vClearInterruptMaskFromISR
 .text.xQueueGenericReset
                0x0000491e       0xa8 ./freertos/queue.o
                0x0000491e                xQueueGenericReset
 .text.xQueueGenericCreate
                0x000049c6       0x64 ./freertos/queue.o
                0x000049c6                xQueueGenericCreate
 .text.prvInitialiseNewQueue
                0x00004a2a       0x4e ./freertos/queue.o
 .text.prvInitialiseMutex
                0x00004a78       0x34 ./freertos/queue.o
 .text.xQueueCreateMutex
                0x00004aac       0x38 ./freertos/queue.o
                0x00004aac                xQueueCreateMutex
 .text.xQueueGenericSend
                0x00004ae4      0x188 ./freertos/queue.o
                0x00004ae4                xQueueGenericSend
 .text.xQueueGenericSendFromISR
                0x00004c6c       0xe2 ./freertos/queue.o
                0x00004c6c                xQueueGenericSendFromISR
 .text.xQueueGenericReceive
                0x00004d4e      0x1c8 ./freertos/queue.o
                0x00004d4e                xQueueGenericReceive
 .text.prvCopyDataToQueue
                0x00004f16       0xd6 ./freertos/queue.o
 .text.prvCopyDataFromQueue
                0x00004fec       0x4c ./freertos/queue.o
 .text.prvUnlockQueue
                0x00005038       0xbc ./freertos/queue.o
 .text.prvIsQueueEmpty
                0x000050f4       0x2c ./freertos/queue.o
 .text.prvIsQueueFull
                0x00005120       0x30 ./freertos/queue.o
 .text.vQueueWaitForMessageRestricted
                0x00005150       0x66 ./freertos/queue.o
                0x00005150                vQueueWaitForMessageRestricted
 .text.xTaskCreate
                0x000051b6       0x90 ./freertos/tasks.o
                0x000051b6                xTaskCreate
 .text.prvDeleteTCB
                0x00005246       0x22 ./freertos/tasks.o
 .text.prvTimerTask
                0x00005268       0x28 ./freertos/timers.o
 .text.OSC_SetExtRefClkConfig
                0x00005290       0x3e ./drivers/fsl_clock.o
 .text.OSC_SetCapLoad
                0x000052ce       0x42 ./drivers/fsl_clock.o
 .text.CLOCK_GetPll0RefFreq
                0x00005310       0x10 ./drivers/fsl_clock.o
 .text.CLOCK_SetExternalRefClkConfig
                0x00005320       0x16 ./drivers/fsl_clock.o
                0x00005320                CLOCK_SetExternalRefClkConfig
 .text.LPSCI_GetStatusFlags
                0x00005336       0x26 ./drivers/fsl_lpsci.o
                0x00005336                LPSCI_GetStatusFlags
 .text.UART_GetStatusFlags
                0x0000535c       0x26 ./drivers/fsl_uart.o
                0x0000535c                UART_GetStatusFlags
 .text.UART_WriteBlocking
                0x00005382       0x3c ./drivers/fsl_uart.o
                0x00005382                UART_WriteBlocking
 .text.BOARD_InitBootClocks
                0x000053be        0xe ./board/clock_config.o
                0x000053be                BOARD_InitBootClocks
 .text.BOARD_InitBootPeripherals
                0x000053cc        0xa ./board/peripherals.o
                0x000053cc                BOARD_InitBootPeripherals
 .text.BOARD_InitBootPins
                0x000053d6        0xe ./board/pin_mux.o
                0x000053d6                BOARD_InitBootPins
 .text.__main   0x000053e4        0xc c:/nxp/mcuxpressoide_11.5.1_7266/ide/plugins/com.nxp.mcuxpresso.tools.win32_11.5.1.202201181444/tools/bin/../lib/gcc/arm-none-eabi/10.3.1/../../../../arm-none-eabi/lib/thumb/v6-m/nofp\libcr_nohost_nf.a(_cr__main.o)
                0x000053e4                __main
 .text.memcpy   0x000053f0        0x8 c:/nxp/mcuxpressoide_11.5.1_7266/ide/plugins/com.nxp.mcuxpresso.tools.win32_11.5.1.202201181444/tools/bin/../lib/gcc/arm-none-eabi/10.3.1/../../../../arm-none-eabi/lib/thumb/v6-m/nofp\libcr_c.a(memcpy.o)
                0x000053f0                memcpy
 .text.memset   0x000053f8        0x8 c:/nxp/mcuxpressoide_11.5.1_7266/ide/plugins/com.nxp.mcuxpresso.tools.win32_11.5.1.202201181444/tools/bin/../lib/gcc/arm-none-eabi/10.3.1/../../../../arm-none-eabi/lib/thumb/v6-m/nofp\libcr_c.a(memset.o)
                0x000053f8                memset
 .text.remove   0x00005400       0x12 c:/nxp/mcuxpressoide_11.5.1_7266/ide/plugins/com.nxp.mcuxpresso.tools.win32_11.5.1.202201181444/tools/bin/../lib/gcc/arm-none-eabi/10.3.1/../../../../arm-none-eabi/lib/thumb/v6-m/nofp\libcr_c.a(remove.o)
                0x00005400                remove
 .text.free     0x00005412       0x2c c:/nxp/mcuxpressoide_11.5.1_7266/ide/plugins/com.nxp.mcuxpresso.tools.win32_11.5.1.202201181444/tools/bin/../lib/gcc/arm-none-eabi/10.3.1/../../../../arm-none-eabi/lib/thumb/v6-m/nofp\libcr_c.a(alloc.o)
                0x00005412                free
 .text.__aeabi_division_idivmod
                0x0000543e       0x78 c:/nxp/mcuxpressoide_11.5.1_7266/ide/plugins/com.nxp.mcuxpresso.tools.win32_11.5.1.202201181444/tools/bin/../lib/gcc/arm-none-eabi/10.3.1/thumb/v6-m/nofp\libcr_eabihelpers.a(division_32.o)
                0x0000543e                __aeabi_idivmod
                0x0000543e                __aeabi_idiv
                0x00005444                __aeabi_uidivmod
                0x00005444                __aeabi_uidiv
 .text.__aeabi_division_idiv0
                0x000054b6        0x2 c:/nxp/mcuxpressoide_11.5.1_7266/ide/plugins/com.nxp.mcuxpresso.tools.win32_11.5.1.202201181444/tools/bin/../lib/gcc/arm-none-eabi/10.3.1/thumb/v6-m/nofp\libcr_eabihelpers.a(division_idiv0.o)
                0x000054b6                __aeabi_idiv0
 .text.__aeabi_memcpy
                0x000054b8       0x2c c:/nxp/mcuxpressoide_11.5.1_7266/ide/plugins/com.nxp.mcuxpresso.tools.win32_11.5.1.202201181444/tools/bin/../lib/gcc/arm-none-eabi/10.3.1/thumb/v6-m/nofp\libcr_eabihelpers.a(memcpy.o)
                0x000054b8                __aeabi_memcpy4
                0x000054b8                __aeabi_memcpy8
                0x000054b8                __aeabi_memcpy
 .text.__aeabi_memset_lowlevel
                0x000054e4       0x2a c:/nxp/mcuxpressoide_11.5.1_7266/ide/plugins/com.nxp.mcuxpresso.tools.win32_11.5.1.202201181444/tools/bin/../lib/gcc/arm-none-eabi/10.3.1/thumb/v6-m/nofp\libcr_eabihelpers.a(memcpy.o)
                0x000054e4                __aeabi_lowlevel_memset
 .text.__sys_close
                0x0000550e        0x6 c:/nxp/mcuxpressoide_11.5.1_7266/ide/plugins/com.nxp.mcuxpresso.tools.win32_11.5.1.202201181444/tools/bin/../lib/gcc/arm-none-eabi/10.3.1/../../../../arm-none-eabi/lib/thumb/v6-m/nofp\libcr_nohost_nf.a(__sys_close.o)
                0x0000550e                __sys_close
 .text.__sys_flen
                0x00005514        0x6 c:/nxp/mcuxpressoide_11.5.1_7266/ide/plugins/com.nxp.mcuxpresso.tools.win32_11.5.1.202201181444/tools/bin/../lib/gcc/arm-none-eabi/10.3.1/../../../../arm-none-eabi/lib/thumb/v6-m/nofp\libcr_nohost_nf.a(__sys_flen.o)
                0x00005514                __sys_flen
 .text.__sys_istty
                0x0000551a        0x6 c:/nxp/mcuxpressoide_11.5.1_7266/ide/plugins/com.nxp.mcuxpresso.tools.win32_11.5.1.202201181444/tools/bin/../lib/gcc/arm-none-eabi/10.3.1/../../../../arm-none-eabi/lib/thumb/v6-m/nofp\libcr_nohost_nf.a(__sys_istty.o)
                0x0000551a                __sys_istty
 .text.__sys_remove
                0x00005520        0x6 c:/nxp/mcuxpressoide_11.5.1_7266/ide/plugins/com.nxp.mcuxpresso.tools.win32_11.5.1.202201181444/tools/bin/../lib/gcc/arm-none-eabi/10.3.1/../../../../arm-none-eabi/lib/thumb/v6-m/nofp\libcr_nohost_nf.a(__sys_remove.o)
                0x00005520                __sys_remove
 .text.__sys_seek
                0x00005526        0x6 c:/nxp/mcuxpressoide_11.5.1_7266/ide/plugins/com.nxp.mcuxpresso.tools.win32_11.5.1.202201181444/tools/bin/../lib/gcc/arm-none-eabi/10.3.1/../../../../arm-none-eabi/lib/thumb/v6-m/nofp\libcr_nohost_nf.a(__sys_seek.o)
                0x00005526                __sys_seek
 .text.__sys_tmpnam
                0x0000552c        0x6 c:/nxp/mcuxpressoide_11.5.1_7266/ide/plugins/com.nxp.mcuxpresso.tools.win32_11.5.1.202201181444/tools/bin/../lib/gcc/arm-none-eabi/10.3.1/../../../../arm-none-eabi/lib/thumb/v6-m/nofp\libcr_nohost_nf.a(__sys_tmpnam.o)
                0x0000552c                __sys_tmpnam
 .text.__sys_write
                0x00005532        0x4 c:/nxp/mcuxpressoide_11.5.1_7266/ide/plugins/com.nxp.mcuxpresso.tools.win32_11.5.1.202201181444/tools/bin/../lib/gcc/arm-none-eabi/10.3.1/../../../../arm-none-eabi/lib/thumb/v6-m/nofp\libcr_nohost_nf.a(__sys_write.o)
                0x00005532                __sys_write
 *freertos*/tasks.o(SORT_BY_ALIGNMENT(.rodata*))
 *fill*         0x00005536        0x2 ff
 .rodata.vTaskStartScheduler.str1.4
                0x00005538        0x5 ./freertos/tasks.o
 *fill*         0x0000553d        0x3 ff
 .rodata.xTaskGenericNotify
                0x00005540       0x14 ./freertos/tasks.o
 .rodata.xTaskGenericNotifyFromISR
                0x00005554       0x14 ./freertos/tasks.o
 .rodata        0x00005568       0x10 ./freertos/tasks.o
                0x00005568                FreeRTOSDebugConfig
 *(SORT_BY_ALIGNMENT(.rodata) SORT_BY_ALIGNMENT(.rodata.*) SORT_BY_ALIGNMENT(.constdata) SORT_BY_ALIGNMENT(.constdata.*))
 .rodata.main.str1.4
                0x00005578       0x39 ./source/main.o
 *fill*         0x000055b1        0x3 ff
 .rodata.ADC_task.str1.4
                0x000055b4       0x2e ./source/main.o
 *fill*         0x000055e2        0x2 ff
 .rodata.process_task.str1.4
                0x000055e4       0x15 ./source/main.o
 *fill*         0x000055f9        0x3 ff
 .rodata.neopixel_task.str1.4
                0x000055fc       0x16 ./source/main.o
 *fill*         0x00005612        0x2 ff
 .rodata        0x00005614        0x3 ./source/neopixel_lib.o
 *fill*         0x00005617        0x1 ff
 .rodata.xTimerCreateTimerTask.str1.4
                0x00005618        0x8 ./freertos/timers.o
 .rodata.prvProcessReceivedCommands
                0x00005620       0x28 ./freertos/timers.o
 .rodata.prvCheckForValidListAndQueue.str1.4
                0x00005648        0x5 ./freertos/timers.o
 *fill*         0x0000564d        0x3 ff
 .rodata.CLOCK_GetMcgExtClkFreq.str1.4
                0x00005650       0x1e ./drivers/fsl_clock.o
 *fill*         0x0000566e        0x2 ff
 .rodata.CLOCK_GetPll0Freq.str1.4
                0x00005670       0x1d ./drivers/fsl_clock.o
 *fill*         0x0000568d        0x3 ff
 .rodata.CLOCK_EnablePll0.str1.4
                0x00005690       0x19 ./drivers/fsl_clock.o
 *fill*         0x000056a9        0x3 ff
 .rodata.CLOCK_SetPbeMode.str1.4
                0x000056ac       0x1a ./drivers/fsl_clock.o
 *fill*         0x000056c6        0x2 ff
 .rodata.CLOCK_BootToPeeMode.str1.4
                0x000056c8       0x1a ./drivers/fsl_clock.o
 *fill*         0x000056e2        0x2 ff
 .rodata.fllFactorTable.1
                0x000056e4       0x10 ./drivers/fsl_clock.o
 .rodata.__assertion_failed.str1.4
                0x000056f4        0x4 ./drivers/fsl_common.o
 .rodata.LPSCI_GetInstance.str1.4
                0x000056f8       0x36 ./drivers/fsl_lpsci.o
 *fill*         0x0000572e        0x2 ff
 .rodata.LPSCI_Init.str1.4
                0x00005730       0x43 ./drivers/fsl_lpsci.o
 *fill*         0x00005773        0x1 ff
 .rodata.LPSCI_GetDefaultConfig.str1.4
                0x00005774       0x19 ./drivers/fsl_lpsci.o
 *fill*         0x0000578d        0x3 ff
 .rodata.LPSCI_WriteBlocking.str1.4
                0x00005790       0x17 ./drivers/fsl_lpsci.o
 *fill*         0x000057a7        0x1 ff
 .rodata.LPSCI_ReadBlocking.str1.4
                0x000057a8       0x17 ./drivers/fsl_lpsci.o
 *fill*         0x000057bf        0x1 ff
 .rodata.s_uartBases
                0x000057c0        0xc ./drivers/fsl_uart.o
 .rodata.s_uartClock
                0x000057cc        0xc ./drivers/fsl_uart.o
 .rodata.UART_GetInstance.str1.4
                0x000057d8       0x2b ./drivers/fsl_uart.o
 *fill*         0x00005803        0x1 ff
 .rodata.UART_Init.str1.4
                0x00005804       0x3e ./drivers/fsl_uart.o
 *fill*         0x00005842        0x2 ff
 .rodata.UART_GetDefaultConfig.str1.4
                0x00005844       0x18 ./drivers/fsl_uart.o
 .rodata.UART_ReadBlocking.str1.4
                0x0000585c       0x16 ./drivers/fsl_uart.o
 *fill*         0x00005872        0x2 ff
 .rodata.mcgConfig_BOARD_BootClockRUN
                0x00005874        0xa ./board/clock_config.o
                0x00005874                mcgConfig_BOARD_BootClockRUN
 *fill*         0x0000587e        0x2 ff
 .rodata.simConfig_BOARD_BootClockRUN
                0x00005880        0x8 ./board/clock_config.o
                0x00005880                simConfig_BOARD_BootClockRUN
 .rodata.oscConfig_BOARD_BootClockRUN
                0x00005888        0x8 ./board/clock_config.o
                0x00005888                oscConfig_BOARD_BootClockRUN
 .rodata.__num_Ciob_streams
                0x00005890        0x4 c:/nxp/mcuxpressoide_11.5.1_7266/ide/plugins/com.nxp.mcuxpresso.tools.win32_11.5.1.202201181444/tools/bin/../lib/gcc/arm-none-eabi/10.3.1/../../../../arm-none-eabi/lib/thumb/v6-m/nofp\libcr_nohost_nf.a(__ciob.o)
                0x00005890                __num_Ciob_streams
 .rodata._initio.str1.1
                0x00005894        0x4 c:/nxp/mcuxpressoide_11.5.1_7266/ide/plugins/com.nxp.mcuxpresso.tools.win32_11.5.1.202201181444/tools/bin/../lib/gcc/arm-none-eabi/10.3.1/../../../../arm-none-eabi/lib/thumb/v6-m/nofp\libcr_c.a(initio.o)
                0x00005898                . = ALIGN (0x4)
                0x00005898                _etext = .

.glue_7         0x00005898        0x0
 .glue_7        0x00005898        0x0 linker stubs

.glue_7t        0x00005898        0x0
 .glue_7t       0x00005898        0x0 linker stubs

.vfp11_veneer   0x00005898        0x0
 .vfp11_veneer  0x00005898        0x0 linker stubs

.v4_bx          0x00005898        0x0
 .v4_bx         0x00005898        0x0 linker stubs

.iplt           0x00005898        0x0
 .iplt          0x00005898        0x0 ./utilities/fsl_debug_console.o

.rel.dyn        0x00005898        0x0
 .rel.iplt      0x00005898        0x0 ./utilities/fsl_debug_console.o

.m_usb_data
 *(SORT_BY_ALIGNMENT(m_usb_bdt))

.mtb_buffer_default
                0x1ffff000       0x80
 *(SORT_BY_ALIGNMENT(.mtb*))
 .mtb.$RAM1     0x1ffff000       0x80 ./source/mtb.o
                0x1ffff000                __mtb_buffer__

.uninit_RESERVED
                0x1ffff080        0x0
                0x1ffff080                _start_uninit_RESERVED = .
 *(SORT_BY_ALIGNMENT(.bss.$RESERVED*))
                0x1ffff080                . = ALIGN (0x4)
                0x1ffff080                _end_uninit_RESERVED = .

.data           0x1ffff080       0x18 load address 0x00005898
 FILL mask 0xff
                0x1ffff080                _data = .
                [!provide]                PROVIDE (__start_data_RAM = .)
                [!provide]                PROVIDE (__start_data_SRAM = .)
 *(SORT_BY_ALIGNMENT(vtable))
 *(SORT_BY_ALIGNMENT(.ramfunc*))
 *(SORT_BY_ALIGNMENT(CodeQuickAccess))
 *(SORT_BY_ALIGNMENT(DataQuickAccess))
 *(SORT_BY_ALIGNMENT(RamFunction))
 *(SORT_BY_ALIGNMENT(.data*))
 .data.min      0x1ffff080        0x4 ./source/analog_in.o
                0x1ffff080                min
 .data.max      0x1ffff084        0x4 ./source/analog_in.o
                0x1ffff084                max
 .data.colors_initial
                0x1ffff088        0x3 ./source/led_out.o
                0x1ffff088                colors_initial
 *fill*         0x1ffff08b        0x1 ff
 .data.uxCriticalNesting
                0x1ffff08c        0x4 ./freertos/port.o
 .data.s_slowIrcFreq
                0x1ffff090        0x4 ./drivers/fsl_clock.o
 .data.SystemCoreClock
                0x1ffff094        0x4 ./CMSIS/system_MKL25Z4.o
                0x1ffff094                SystemCoreClock
                0x1ffff098                . = ALIGN (0x4)
                0x1ffff098                _edata = .
                [!provide]                PROVIDE (__end_data_RAM = .)
                [!provide]                PROVIDE (__end_data_SRAM = .)

.igot.plt       0x1ffff098        0x0 load address 0x000058b0
 .igot.plt      0x1ffff098        0x0 ./utilities/fsl_debug_console.o

.bss            0x1ffff098     0x3058
                0x1ffff098                _bss = .
                [!provide]                PROVIDE (__start_bss_RAM = .)
                [!provide]                PROVIDE (__start_bss_SRAM = .)
 *(SORT_BY_ALIGNMENT(.bss*))
 .bss.s_debugConsole
                0x1ffff098       0x10 ./utilities/fsl_debug_console.o
 .bss.LED_buffer
                0x1ffff0a8      0x5ba ./source/led_out.o
                0x1ffff0a8                LED_buffer
 *fill*         0x1ffff662        0x2 
 .bss.ADC_handle
                0x1ffff664        0x4 ./source/main.o
                0x1ffff664                ADC_handle
 .bss.neopixel_handle
                0x1ffff668        0x4 ./source/main.o
                0x1ffff668                neopixel_handle
 .bss.process_handle
                0x1ffff66c        0x4 ./source/main.o
                0x1ffff66c                process_handle
 .bss.xQueue_sample
                0x1ffff670        0x4 ./source/main.o
                0x1ffff670                xQueue_sample
 .bss.xMutex    0x1ffff674        0x4 ./source/main.o
                0x1ffff674                xMutex
 .bss.colors    0x1ffff678        0x3 ./source/main.o
                0x1ffff678                colors
 *fill*         0x1ffff67b        0x1 
 .bss.clear_pixel
                0x1ffff67c        0x3 ./source/neopixel_lib.o
                0x1ffff67c                clear_pixel
 *fill*         0x1ffff67f        0x1 
 .bss.ucHeap    0x1ffff680     0x2800 ./freertos/heap_4.o
 .bss.xStart    0x20001e80        0x8 ./freertos/heap_4.o
 .bss.pxEnd     0x20001e88        0x4 ./freertos/heap_4.o
 .bss.xFreeBytesRemaining
                0x20001e8c        0x4 ./freertos/heap_4.o
 .bss.xMinimumEverFreeBytesRemaining
                0x20001e90        0x4 ./freertos/heap_4.o
 .bss.xBlockAllocatedBit
                0x20001e94        0x4 ./freertos/heap_4.o
 .bss.xQueueRegistry
                0x20001e98       0x40 ./freertos/queue.o
                0x20001e98                xQueueRegistry
 .bss.pxCurrentTCB
                0x20001ed8        0x4 ./freertos/tasks.o
                0x20001ed8                pxCurrentTCB
 .bss.pxReadyTasksLists
                0x20001edc       0x64 ./freertos/tasks.o
 .bss.xDelayedTaskList1
                0x20001f40       0x14 ./freertos/tasks.o
 .bss.xDelayedTaskList2
                0x20001f54       0x14 ./freertos/tasks.o
 .bss.pxDelayedTaskList
                0x20001f68        0x4 ./freertos/tasks.o
 .bss.pxOverflowDelayedTaskList
                0x20001f6c        0x4 ./freertos/tasks.o
 .bss.xPendingReadyList
                0x20001f70       0x14 ./freertos/tasks.o
 .bss.xTasksWaitingTermination
                0x20001f84       0x14 ./freertos/tasks.o
 .bss.uxDeletedTasksWaitingCleanUp
                0x20001f98        0x4 ./freertos/tasks.o
 .bss.xSuspendedTaskList
                0x20001f9c       0x14 ./freertos/tasks.o
 .bss.uxCurrentNumberOfTasks
                0x20001fb0        0x4 ./freertos/tasks.o
 .bss.xTickCount
                0x20001fb4        0x4 ./freertos/tasks.o
 .bss.uxTopReadyPriority
                0x20001fb8        0x4 ./freertos/tasks.o
 .bss.xSchedulerRunning
                0x20001fbc        0x4 ./freertos/tasks.o
 .bss.uxPendedTicks
                0x20001fc0        0x4 ./freertos/tasks.o
 .bss.xYieldPending
                0x20001fc4        0x4 ./freertos/tasks.o
 .bss.xNumOfOverflows
                0x20001fc8        0x4 ./freertos/tasks.o
 .bss.uxTaskNumber
                0x20001fcc        0x4 ./freertos/tasks.o
 .bss.xNextTaskUnblockTime
                0x20001fd0        0x4 ./freertos/tasks.o
 .bss.xIdleTaskHandle
                0x20001fd4        0x4 ./freertos/tasks.o
 .bss.uxSchedulerSuspended
                0x20001fd8        0x4 ./freertos/tasks.o
 .bss.xActiveTimerList1
                0x20001fdc       0x14 ./freertos/timers.o
 .bss.xActiveTimerList2
                0x20001ff0       0x14 ./freertos/timers.o
 .bss.pxCurrentTimerList
                0x20002004        0x4 ./freertos/timers.o
 .bss.pxOverflowTimerList
                0x20002008        0x4 ./freertos/timers.o
 .bss.xTimerQueue
                0x2000200c        0x4 ./freertos/timers.o
 .bss.xTimerTaskHandle
                0x20002010        0x4 ./freertos/timers.o
 .bss.xLastTime.0
                0x20002014        0x4 ./freertos/timers.o
 .bss.g_xtal0Freq
                0x20002018        0x4 ./drivers/fsl_clock.o
                0x20002018                g_xtal0Freq
 .bss.s_lpsciHandle
                0x2000201c        0x4 ./drivers/fsl_lpsci.o
 .bss.s_lpsciIsr
                0x20002020        0x4 ./drivers/fsl_lpsci.o
 .bss.s_uartHandle
                0x20002024        0xc ./drivers/fsl_uart.o
 .bss.s_uartIsr
                0x20002030        0x4 ./drivers/fsl_uart.o
 .bss.errno     0x20002034        0x4 c:/nxp/mcuxpressoide_11.5.1_7266/ide/plugins/com.nxp.mcuxpresso.tools.win32_11.5.1.202201181444/tools/bin/../lib/gcc/arm-none-eabi/10.3.1/../../../../arm-none-eabi/lib/thumb/v6-m/nofp\libcr_c.a(errno.o)
                0x20002034                errno
 .bss.__Ciob    0x20002038       0xb4 c:/nxp/mcuxpressoide_11.5.1_7266/ide/plugins/com.nxp.mcuxpresso.tools.win32_11.5.1.202201181444/tools/bin/../lib/gcc/arm-none-eabi/10.3.1/../../../../arm-none-eabi/lib/thumb/v6-m/nofp\libcr_nohost_nf.a(__ciob.o)
                0x20002038                __Ciob
 .bss.transfer_done
                0x200020ec        0x1 ./source/led_out.o
                0x200020ec                transfer_done
 *(SORT_BY_ALIGNMENT(COMMON))
                0x200020f0                . = ALIGN (0x4)
 *fill*         0x200020ed        0x3 
                0x200020f0                _ebss = .
                [!provide]                PROVIDE (__end_bss_RAM = .)
                [!provide]                PROVIDE (__end_bss_SRAM = .)
                [!provide]                PROVIDE (end = .)

.noinit         0x200020f0        0x0
                0x200020f0                _noinit = .
                [!provide]                PROVIDE (__start_noinit_RAM = .)
                [!provide]                PROVIDE (__start_noinit_SRAM = .)
 *(SORT_BY_ALIGNMENT(.noinit*))
                0x200020f0                . = ALIGN (0x4)
                0x200020f0                _end_noinit = .
                [!provide]                PROVIDE (__end_noinit_RAM = .)
                [!provide]                PROVIDE (__end_noinit_SRAM = .)

.ARM.extab
 *(SORT_BY_ALIGNMENT(.ARM.extab*) SORT_BY_ALIGNMENT(.gnu.linkonce.armextab.*))

.ARM.exidx      0x000058b0        0x0
                0x000058b0                __exidx_start = .
 *(SORT_BY_ALIGNMENT(.ARM.exidx*) SORT_BY_ALIGNMENT(.gnu.linkonce.armexidx.*))
                0x000058b0                __exidx_end = .
                0x00000400                _HeapSize = 0x400

.heap           0x200020f0      0x400
                0x200020f0                _pvHeapStart = .
                0x200024f0                . = (. + _HeapSize)
 *fill*         0x200020f0      0x400 
                0x200024f0                . = ALIGN (0x4)
                0x200024f0                _pvHeapLimit = .
                0x00000400                _StackSize = 0x400

.heap2stackfill
                0x200024f0      0x400
                0x200028f0                . = (. + _StackSize)
 *fill*         0x200024f0      0x400 

.stack          0x20002c00        0x0
                0x20002c00                _vStackBase = .
                0x20002c00                . = ALIGN (0x4)
                0x20003000                _vStackTop = (. + _StackSize)
                0x00000000                _image_start = LOADADDR (.text)
                0x000058b0                _image_end = (LOADADDR (.data) + SIZEOF (.data))
                0x000058b0                _image_size = (_image_end - _image_start)
OUTPUT(frdmkl25z_rtos_examples_freertos_hello_project.axf elf32-littlearm)
LOAD linker stubs

.debug_info     0x00000000     0xc8b4
 .debug_info    0x00000000      0xe12 ./utilities/fsl_debug_console.o
 .debug_info    0x00000e12      0x4e7 ./startup/startup_mkl25z4.o
 .debug_info    0x000012f9      0x7ce ./source/analog_in.o
 .debug_info    0x00001ac7      0xb62 ./source/led_out.o
 .debug_info    0x00002629      0x373 ./source/main.o
 .debug_info    0x0000299c       0x4f ./source/mtb.o
 .debug_info    0x000029eb      0x583 ./source/neopixel_lib.o
 .debug_info    0x00002f6e       0x38 ./source/semihost_hardfault.o
 .debug_info    0x00002fa6       0xb0 ./freertos/fsl_tickless_lptmr.o
 .debug_info    0x00003056      0x2f8 ./freertos/heap_4.o
 .debug_info    0x0000334e      0x2af ./freertos/list.o
 .debug_info    0x000035fd      0x232 ./freertos/port.o
 .debug_info    0x0000382f      0xebf ./freertos/queue.o
 .debug_info    0x000046ee     0x18c3 ./freertos/tasks.o
 .debug_info    0x00005fb1      0xb56 ./freertos/timers.o
 .debug_info    0x00006b07     0x1a56 ./drivers/fsl_clock.o
 .debug_info    0x0000855d      0x3e4 ./drivers/fsl_common.o
 .debug_info    0x00008941     0x1409 ./drivers/fsl_lpsci.o
 .debug_info    0x00009d4a     0x13aa ./drivers/fsl_uart.o
 .debug_info    0x0000b0f4      0x390 ./board/board.o
 .debug_info    0x0000b484      0xab8 ./board/clock_config.o
 .debug_info    0x0000bf3c       0x38 ./board/peripherals.o
 .debug_info    0x0000bf74      0x543 ./board/pin_mux.o
 .debug_info    0x0000c4b7      0x3fd ./CMSIS/system_MKL25Z4.o

.debug_abbrev   0x00000000     0x263f
 .debug_abbrev  0x00000000      0x2a2 ./utilities/fsl_debug_console.o
 .debug_abbrev  0x000002a2      0x195 ./startup/startup_mkl25z4.o
 .debug_abbrev  0x00000437      0x165 ./source/analog_in.o
 .debug_abbrev  0x0000059c      0x219 ./source/led_out.o
 .debug_abbrev  0x000007b5       0xdb ./source/main.o
 .debug_abbrev  0x00000890       0x43 ./source/mtb.o
 .debug_abbrev  0x000008d3      0x12b ./source/neopixel_lib.o
 .debug_abbrev  0x000009fe       0x2e ./source/semihost_hardfault.o
 .debug_abbrev  0x00000a2c       0x66 ./freertos/fsl_tickless_lptmr.o
 .debug_abbrev  0x00000a92      0x172 ./freertos/heap_4.o
 .debug_abbrev  0x00000c04       0xe8 ./freertos/list.o
 .debug_abbrev  0x00000cec      0x175 ./freertos/port.o
 .debug_abbrev  0x00000e61      0x1df ./freertos/queue.o
 .debug_abbrev  0x00001040      0x2b5 ./freertos/tasks.o
 .debug_abbrev  0x000012f5      0x1e7 ./freertos/timers.o
 .debug_abbrev  0x000014dc      0x354 ./drivers/fsl_clock.o
 .debug_abbrev  0x00001830      0x258 ./drivers/fsl_common.o
 .debug_abbrev  0x00001a88      0x2d4 ./drivers/fsl_lpsci.o
 .debug_abbrev  0x00001d5c      0x2ee ./drivers/fsl_uart.o
 .debug_abbrev  0x0000204a      0x118 ./board/board.o
 .debug_abbrev  0x00002162      0x1fe ./board/clock_config.o
 .debug_abbrev  0x00002360       0x2e ./board/peripherals.o
 .debug_abbrev  0x0000238e      0x186 ./board/pin_mux.o
 .debug_abbrev  0x00002514      0x12b ./CMSIS/system_MKL25Z4.o

.debug_aranges  0x00000000      0xdb8
 .debug_aranges
                0x00000000       0x90 ./utilities/fsl_debug_console.o
 .debug_aranges
                0x00000090      0x160 ./startup/startup_mkl25z4.o
 .debug_aranges
                0x000001f0       0x30 ./source/analog_in.o
 .debug_aranges
                0x00000220       0x78 ./source/led_out.o
 .debug_aranges
                0x00000298       0x38 ./source/main.o
 .debug_aranges
                0x000002d0       0x18 ./source/mtb.o
 .debug_aranges
                0x000002e8       0x60 ./source/neopixel_lib.o
 .debug_aranges
                0x00000348       0x20 ./source/semihost_hardfault.o
 .debug_aranges
                0x00000368       0x20 ./freertos/fsl_tickless_lptmr.o
 .debug_aranges
                0x00000388       0x50 ./freertos/heap_4.o
 .debug_aranges
                0x000003d8       0x40 ./freertos/list.o
 .debug_aranges
                0x00000418       0x80 ./freertos/port.o
 .debug_aranges
                0x00000498      0x118 ./freertos/queue.o
 .debug_aranges
                0x000005b0      0x1e8 ./freertos/tasks.o
 .debug_aranges
                0x00000798       0xc8 ./freertos/timers.o
 .debug_aranges
                0x00000860      0x1d8 ./drivers/fsl_clock.o
 .debug_aranges
                0x00000a38       0x38 ./drivers/fsl_common.o
 .debug_aranges
                0x00000a70      0x118 ./drivers/fsl_lpsci.o
 .debug_aranges
                0x00000b88      0x130 ./drivers/fsl_uart.o
 .debug_aranges
                0x00000cb8       0x28 ./board/board.o
 .debug_aranges
                0x00000ce0       0x58 ./board/clock_config.o
 .debug_aranges
                0x00000d38       0x20 ./board/peripherals.o
 .debug_aranges
                0x00000d58       0x38 ./board/pin_mux.o
 .debug_aranges
                0x00000d90       0x28 ./CMSIS/system_MKL25Z4.o

.debug_ranges   0x00000000      0xc30
 .debug_ranges  0x00000000       0x80 ./utilities/fsl_debug_console.o
 .debug_ranges  0x00000080      0x150 ./startup/startup_mkl25z4.o
 .debug_ranges  0x000001d0       0x20 ./source/analog_in.o
 .debug_ranges  0x000001f0       0x68 ./source/led_out.o
 .debug_ranges  0x00000258       0x28 ./source/main.o
 .debug_ranges  0x00000280       0x50 ./source/neopixel_lib.o
 .debug_ranges  0x000002d0       0x10 ./source/semihost_hardfault.o
 .debug_ranges  0x000002e0       0x10 ./freertos/fsl_tickless_lptmr.o
 .debug_ranges  0x000002f0       0x40 ./freertos/heap_4.o
 .debug_ranges  0x00000330       0x30 ./freertos/list.o
 .debug_ranges  0x00000360       0x70 ./freertos/port.o
 .debug_ranges  0x000003d0      0x108 ./freertos/queue.o
 .debug_ranges  0x000004d8      0x1d8 ./freertos/tasks.o
 .debug_ranges  0x000006b0       0xb8 ./freertos/timers.o
 .debug_ranges  0x00000768      0x1c8 ./drivers/fsl_clock.o
 .debug_ranges  0x00000930       0x28 ./drivers/fsl_common.o
 .debug_ranges  0x00000958      0x108 ./drivers/fsl_lpsci.o
 .debug_ranges  0x00000a60      0x120 ./drivers/fsl_uart.o
 .debug_ranges  0x00000b80       0x18 ./board/board.o
 .debug_ranges  0x00000b98       0x48 ./board/clock_config.o
 .debug_ranges  0x00000be0       0x10 ./board/peripherals.o
 .debug_ranges  0x00000bf0       0x28 ./board/pin_mux.o
 .debug_ranges  0x00000c18       0x18 ./CMSIS/system_MKL25Z4.o

.debug_line     0x00000000     0x8296
 .debug_line    0x00000000      0xbcf ./utilities/fsl_debug_console.o
 .debug_line    0x00000bcf      0x1ed ./startup/startup_mkl25z4.o
 .debug_line    0x00000dbc      0x27b ./source/analog_in.o
 .debug_line    0x00001037      0x40d ./source/led_out.o
 .debug_line    0x00001444      0x29a ./source/main.o
 .debug_line    0x000016de       0x30 ./source/mtb.o
 .debug_line    0x0000170e      0x430 ./source/neopixel_lib.o
 .debug_line    0x00001b3e       0x59 ./source/semihost_hardfault.o
 .debug_line    0x00001b97      0x100 ./freertos/fsl_tickless_lptmr.o
 .debug_line    0x00001c97      0x3c6 ./freertos/heap_4.o
 .debug_line    0x0000205d      0x1e6 ./freertos/list.o
 .debug_line    0x00002243      0x281 ./freertos/port.o
 .debug_line    0x000024c4      0xbdd ./freertos/queue.o
 .debug_line    0x000030a1     0x1488 ./freertos/tasks.o
 .debug_line    0x00004529      0x5ef ./freertos/timers.o
 .debug_line    0x00004b18     0x11d5 ./drivers/fsl_clock.o
 .debug_line    0x00005ced      0x25b ./drivers/fsl_common.o
 .debug_line    0x00005f48      0xcdd ./drivers/fsl_lpsci.o
 .debug_line    0x00006c25      0xccc ./drivers/fsl_uart.o
 .debug_line    0x000078f1      0x1fa ./board/board.o
 .debug_line    0x00007aeb      0x2fd ./board/clock_config.o
 .debug_line    0x00007de8       0x4b ./board/peripherals.o
 .debug_line    0x00007e33      0x253 ./board/pin_mux.o
 .debug_line    0x00008086      0x210 ./CMSIS/system_MKL25Z4.o

.debug_str      0x00000000     0x5966
 .debug_str     0x00000000      0xc95 ./utilities/fsl_debug_console.o
                                0xd19 (size before relaxing)
 .debug_str     0x00000c95      0x37b ./startup/startup_mkl25z4.o
                                0x4e6 (size before relaxing)
 .debug_str     0x00001010      0x1c1 ./source/analog_in.o
                                0x835 (size before relaxing)
 .debug_str     0x000011d1      0x38d ./source/led_out.o
                                0xb35 (size before relaxing)
 .debug_str     0x0000155e       0xce ./source/main.o
                                0x74f (size before relaxing)
 .debug_str     0x0000162c       0x1f ./source/mtb.o
                                0x184 (size before relaxing)
 .debug_str     0x0000164b      0x113 ./source/neopixel_lib.o
                                0x79b (size before relaxing)
 .debug_str     0x0000175e       0x1f ./source/semihost_hardfault.o
                                0x184 (size before relaxing)
 .debug_str     0x0000177d       0x48 ./freertos/fsl_tickless_lptmr.o
                                0x23f (size before relaxing)
 .debug_str     0x000017c5      0x1d3 ./freertos/heap_4.o
                                0x3c5 (size before relaxing)
 .debug_str     0x00001998      0x131 ./freertos/list.o
                                0x339 (size before relaxing)
 .debug_str     0x00001ac9      0x130 ./freertos/port.o
                                0x36b (size before relaxing)
 .debug_str     0x00001bf9      0x557 ./freertos/queue.o
                                0x85b (size before relaxing)
 .debug_str     0x00002150      0xbdf ./freertos/tasks.o
                                0xfd9 (size before relaxing)
 .debug_str     0x00002d2f      0x4dd ./freertos/timers.o
                                0x81b (size before relaxing)
 .debug_str     0x0000320c      0xfbd ./drivers/fsl_clock.o
                               0x17df (size before relaxing)
 .debug_str     0x000041c9      0x113 ./drivers/fsl_common.o
                                0x4e8 (size before relaxing)
 .debug_str     0x000042dc      0x970 ./drivers/fsl_lpsci.o
                               0x158e (size before relaxing)
 .debug_str     0x00004c4c      0x819 ./drivers/fsl_uart.o
                               0x159a (size before relaxing)
 .debug_str     0x00005465       0x4c ./board/board.o
                                0x30a (size before relaxing)
 .debug_str     0x000054b1      0x2e8 ./board/clock_config.o
                                0xdc9 (size before relaxing)
 .debug_str     0x00005799       0x31 ./board/peripherals.o
                                0x184 (size before relaxing)
 .debug_str     0x000057ca      0x14d ./board/pin_mux.o
                                0x5b6 (size before relaxing)
 .debug_str     0x00005917       0x4f ./CMSIS/system_MKL25Z4.o
                                0x330 (size before relaxing)

.comment        0x00000000       0x49
 .comment       0x00000000       0x49 ./utilities/fsl_debug_console.o
                                 0x4a (size before relaxing)
 .comment       0x00000049       0x4a ./startup/startup_mkl25z4.o
 .comment       0x00000049       0x4a ./source/analog_in.o
 .comment       0x00000049       0x4a ./source/led_out.o
 .comment       0x00000049       0x4a ./source/main.o
 .comment       0x00000049       0x4a ./source/mtb.o
 .comment       0x00000049       0x4a ./source/neopixel_lib.o
 .comment       0x00000049       0x4a ./source/semihost_hardfault.o
 .comment       0x00000049       0x4a ./freertos/fsl_tickless_lptmr.o
 .comment       0x00000049       0x4a ./freertos/heap_4.o
 .comment       0x00000049       0x4a ./freertos/list.o
 .comment       0x00000049       0x4a ./freertos/port.o
 .comment       0x00000049       0x4a ./freertos/queue.o
 .comment       0x00000049       0x4a ./freertos/tasks.o
 .comment       0x00000049       0x4a ./freertos/timers.o
 .comment       0x00000049       0x4a ./drivers/fsl_clock.o
 .comment       0x00000049       0x4a ./drivers/fsl_common.o
 .comment       0x00000049       0x4a ./drivers/fsl_lpsci.o
 .comment       0x00000049       0x4a ./drivers/fsl_uart.o
 .comment       0x00000049       0x4a ./board/board.o
 .comment       0x00000049       0x4a ./board/clock_config.o
 .comment       0x00000049       0x4a ./board/peripherals.o
 .comment       0x00000049       0x4a ./board/pin_mux.o
 .comment       0x00000049       0x4a ./CMSIS/system_MKL25Z4.o
 .comment       0x00000049       0x4a c:/nxp/mcuxpressoide_11.5.1_7266/ide/plugins/com.nxp.mcuxpresso.tools.win32_11.5.1.202201181444/tools/bin/../lib/gcc/arm-none-eabi/10.3.1/../../../../arm-none-eabi/lib/thumb/v6-m/nofp\libcr_nohost_nf.a(_cr__main.o)
 .comment       0x00000049       0x4a c:/nxp/mcuxpressoide_11.5.1_7266/ide/plugins/com.nxp.mcuxpresso.tools.win32_11.5.1.202201181444/tools/bin/../lib/gcc/arm-none-eabi/10.3.1/../../../../arm-none-eabi/lib/thumb/v6-m/nofp\libcr_c.a(memcpy.o)
 .comment       0x00000049       0x4a c:/nxp/mcuxpressoide_11.5.1_7266/ide/plugins/com.nxp.mcuxpresso.tools.win32_11.5.1.202201181444/tools/bin/../lib/gcc/arm-none-eabi/10.3.1/../../../../arm-none-eabi/lib/thumb/v6-m/nofp\libcr_c.a(memset.o)
 .comment       0x00000049       0x4a c:/nxp/mcuxpressoide_11.5.1_7266/ide/plugins/com.nxp.mcuxpresso.tools.win32_11.5.1.202201181444/tools/bin/../lib/gcc/arm-none-eabi/10.3.1/../../../../arm-none-eabi/lib/thumb/v6-m/nofp\libcr_c.a(initio.o)
 .comment       0x00000049       0x4a c:/nxp/mcuxpressoide_11.5.1_7266/ide/plugins/com.nxp.mcuxpresso.tools.win32_11.5.1.202201181444/tools/bin/../lib/gcc/arm-none-eabi/10.3.1/../../../../arm-none-eabi/lib/thumb/v6-m/nofp\libcr_c.a(setvbuf.o)
 .comment       0x00000049       0x4a c:/nxp/mcuxpressoide_11.5.1_7266/ide/plugins/com.nxp.mcuxpresso.tools.win32_11.5.1.202201181444/tools/bin/../lib/gcc/arm-none-eabi/10.3.1/../../../../arm-none-eabi/lib/thumb/v6-m/nofp\libcr_c.a(strlen.o)
 .comment       0x00000049       0x4a c:/nxp/mcuxpressoide_11.5.1_7266/ide/plugins/com.nxp.mcuxpresso.tools.win32_11.5.1.202201181444/tools/bin/../lib/gcc/arm-none-eabi/10.3.1/../../../../arm-none-eabi/lib/thumb/v6-m/nofp\libcr_c.a(_fdopen.o)
 .comment       0x00000049       0x4a c:/nxp/mcuxpressoide_11.5.1_7266/ide/plugins/com.nxp.mcuxpresso.tools.win32_11.5.1.202201181444/tools/bin/../lib/gcc/arm-none-eabi/10.3.1/../../../../arm-none-eabi/lib/thumb/v6-m/nofp\libcr_c.a(fclose.o)
 .comment       0x00000049       0x4a c:/nxp/mcuxpressoide_11.5.1_7266/ide/plugins/com.nxp.mcuxpresso.tools.win32_11.5.1.202201181444/tools/bin/../lib/gcc/arm-none-eabi/10.3.1/../../../../arm-none-eabi/lib/thumb/v6-m/nofp\libcr_c.a(fflush.o)
 .comment       0x00000049       0x4a c:/nxp/mcuxpressoide_11.5.1_7266/ide/plugins/com.nxp.mcuxpresso.tools.win32_11.5.1.202201181444/tools/bin/../lib/gcc/arm-none-eabi/10.3.1/../../../../arm-none-eabi/lib/thumb/v6-m/nofp\libcr_c.a(fseek.o)
 .comment       0x00000049       0x4a c:/nxp/mcuxpressoide_11.5.1_7266/ide/plugins/com.nxp.mcuxpresso.tools.win32_11.5.1.202201181444/tools/bin/../lib/gcc/arm-none-eabi/10.3.1/../../../../arm-none-eabi/lib/thumb/v6-m/nofp\libcr_c.a(ftell.o)
 .comment       0x00000049       0x4a c:/nxp/mcuxpressoide_11.5.1_7266/ide/plugins/com.nxp.mcuxpresso.tools.win32_11.5.1.202201181444/tools/bin/../lib/gcc/arm-none-eabi/10.3.1/../../../../arm-none-eabi/lib/thumb/v6-m/nofp\libcr_c.a(remove.o)
 .comment       0x00000049       0x4a c:/nxp/mcuxpressoide_11.5.1_7266/ide/plugins/com.nxp.mcuxpresso.tools.win32_11.5.1.202201181444/tools/bin/../lib/gcc/arm-none-eabi/10.3.1/../../../../arm-none-eabi/lib/thumb/v6-m/nofp\libcr_c.a(_do_fflush.o)
 .comment       0x00000049       0x4a c:/nxp/mcuxpressoide_11.5.1_7266/ide/plugins/com.nxp.mcuxpresso.tools.win32_11.5.1.202201181444/tools/bin/../lib/gcc/arm-none-eabi/10.3.1/../../../../arm-none-eabi/lib/thumb/v6-m/nofp\libcr_c.a(_fflush.o)
 .comment       0x00000049       0x4a c:/nxp/mcuxpressoide_11.5.1_7266/ide/plugins/com.nxp.mcuxpresso.tools.win32_11.5.1.202201181444/tools/bin/../lib/gcc/arm-none-eabi/10.3.1/../../../../arm-none-eabi/lib/thumb/v6-m/nofp\libcr_c.a(_writebuf.o)
 .comment       0x00000049       0x4a c:/nxp/mcuxpressoide_11.5.1_7266/ide/plugins/com.nxp.mcuxpresso.tools.win32_11.5.1.202201181444/tools/bin/../lib/gcc/arm-none-eabi/10.3.1/../../../../arm-none-eabi/lib/thumb/v6-m/nofp\libcr_c.a(alloc.o)
 .comment       0x00000049       0x4a c:/nxp/mcuxpressoide_11.5.1_7266/ide/plugins/com.nxp.mcuxpresso.tools.win32_11.5.1.202201181444/tools/bin/../lib/gcc/arm-none-eabi/10.3.1/../../../../arm-none-eabi/lib/thumb/v6-m/nofp\libcr_c.a(errno.o)
 .comment       0x00000049       0x4a c:/nxp/mcuxpressoide_11.5.1_7266/ide/plugins/com.nxp.mcuxpresso.tools.win32_11.5.1.202201181444/tools/bin/../lib/gcc/arm-none-eabi/10.3.1/../../../../arm-none-eabi/lib/thumb/v6-m/nofp\libcr_c.a(_deferredlazyseek.o)
 .comment       0x00000049       0x4a c:/nxp/mcuxpressoide_11.5.1_7266/ide/plugins/com.nxp.mcuxpresso.tools.win32_11.5.1.202201181444/tools/bin/../lib/gcc/arm-none-eabi/10.3.1/../../../../arm-none-eabi/lib/thumb/v6-m/nofp\libcr_nohost_nf.a(__ciob.o)
 .comment       0x00000049       0x4a c:/nxp/mcuxpressoide_11.5.1_7266/ide/plugins/com.nxp.mcuxpresso.tools.win32_11.5.1.202201181444/tools/bin/../lib/gcc/arm-none-eabi/10.3.1/../../../../arm-none-eabi/lib/thumb/v6-m/nofp\libcr_nohost_nf.a(__sys_close.o)
 .comment       0x00000049       0x4a c:/nxp/mcuxpressoide_11.5.1_7266/ide/plugins/com.nxp.mcuxpresso.tools.win32_11.5.1.202201181444/tools/bin/../lib/gcc/arm-none-eabi/10.3.1/../../../../arm-none-eabi/lib/thumb/v6-m/nofp\libcr_nohost_nf.a(__sys_flen.o)
 .comment       0x00000049       0x4a c:/nxp/mcuxpressoide_11.5.1_7266/ide/plugins/com.nxp.mcuxpresso.tools.win32_11.5.1.202201181444/tools/bin/../lib/gcc/arm-none-eabi/10.3.1/../../../../arm-none-eabi/lib/thumb/v6-m/nofp\libcr_nohost_nf.a(__sys_istty.o)
 .comment       0x00000049       0x4a c:/nxp/mcuxpressoide_11.5.1_7266/ide/plugins/com.nxp.mcuxpresso.tools.win32_11.5.1.202201181444/tools/bin/../lib/gcc/arm-none-eabi/10.3.1/../../../../arm-none-eabi/lib/thumb/v6-m/nofp\libcr_nohost_nf.a(__sys_remove.o)
 .comment       0x00000049       0x4a c:/nxp/mcuxpressoide_11.5.1_7266/ide/plugins/com.nxp.mcuxpresso.tools.win32_11.5.1.202201181444/tools/bin/../lib/gcc/arm-none-eabi/10.3.1/../../../../arm-none-eabi/lib/thumb/v6-m/nofp\libcr_nohost_nf.a(__sys_seek.o)
 .comment       0x00000049       0x4a c:/nxp/mcuxpressoide_11.5.1_7266/ide/plugins/com.nxp.mcuxpresso.tools.win32_11.5.1.202201181444/tools/bin/../lib/gcc/arm-none-eabi/10.3.1/../../../../arm-none-eabi/lib/thumb/v6-m/nofp\libcr_nohost_nf.a(__sys_tmpnam.o)
 .comment       0x00000049       0x4a c:/nxp/mcuxpressoide_11.5.1_7266/ide/plugins/com.nxp.mcuxpresso.tools.win32_11.5.1.202201181444/tools/bin/../lib/gcc/arm-none-eabi/10.3.1/../../../../arm-none-eabi/lib/thumb/v6-m/nofp\libcr_nohost_nf.a(__sys_write.o)

.ARM.attributes
                0x00000000       0x2a
 .ARM.attributes
                0x00000000       0x2c ./utilities/fsl_debug_console.o
 .ARM.attributes
                0x0000002c       0x2c ./startup/startup_mkl25z4.o
 .ARM.attributes
                0x00000058       0x2c ./source/analog_in.o
 .ARM.attributes
                0x00000084       0x2c ./source/led_out.o
 .ARM.attributes
                0x000000b0       0x2c ./source/main.o
 .ARM.attributes
                0x000000dc       0x32 ./source/mtb.o
 .ARM.attributes
                0x0000010e       0x2c ./source/neopixel_lib.o
 .ARM.attributes
                0x0000013a       0x2c ./source/semihost_hardfault.o
 .ARM.attributes
                0x00000166       0x2c ./freertos/fsl_tickless_lptmr.o
 .ARM.attributes
                0x00000192       0x2c ./freertos/heap_4.o
 .ARM.attributes
                0x000001be       0x2c ./freertos/list.o
 .ARM.attributes
                0x000001ea       0x2c ./freertos/port.o
 .ARM.attributes
                0x00000216       0x2c ./freertos/queue.o
 .ARM.attributes
                0x00000242       0x2c ./freertos/tasks.o
 .ARM.attributes
                0x0000026e       0x2c ./freertos/timers.o
 .ARM.attributes
                0x0000029a       0x2c ./drivers/fsl_clock.o
 .ARM.attributes
                0x000002c6       0x2c ./drivers/fsl_common.o
 .ARM.attributes
                0x000002f2       0x2c ./drivers/fsl_lpsci.o
 .ARM.attributes
                0x0000031e       0x2c ./drivers/fsl_uart.o
 .ARM.attributes
                0x0000034a       0x2c ./board/board.o
 .ARM.attributes
                0x00000376       0x2c ./board/clock_config.o
 .ARM.attributes
                0x000003a2       0x2c ./board/peripherals.o
 .ARM.attributes
                0x000003ce       0x2c ./board/pin_mux.o
 .ARM.attributes
                0x000003fa       0x2c ./CMSIS/system_MKL25Z4.o
 .ARM.attributes
                0x00000426       0x2c c:/nxp/mcuxpressoide_11.5.1_7266/ide/plugins/com.nxp.mcuxpresso.tools.win32_11.5.1.202201181444/tools/bin/../lib/gcc/arm-none-eabi/10.3.1/../../../../arm-none-eabi/lib/thumb/v6-m/nofp\libcr_nohost_nf.a(_cr__main.o)
 .ARM.attributes
                0x00000452       0x2c c:/nxp/mcuxpressoide_11.5.1_7266/ide/plugins/com.nxp.mcuxpresso.tools.win32_11.5.1.202201181444/tools/bin/../lib/gcc/arm-none-eabi/10.3.1/../../../../arm-none-eabi/lib/thumb/v6-m/nofp\libcr_c.a(memcpy.o)
 .ARM.attributes
                0x0000047e       0x2c c:/nxp/mcuxpressoide_11.5.1_7266/ide/plugins/com.nxp.mcuxpresso.tools.win32_11.5.1.202201181444/tools/bin/../lib/gcc/arm-none-eabi/10.3.1/../../../../arm-none-eabi/lib/thumb/v6-m/nofp\libcr_c.a(memset.o)
 .ARM.attributes
                0x000004aa       0x2c c:/nxp/mcuxpressoide_11.5.1_7266/ide/plugins/com.nxp.mcuxpresso.tools.win32_11.5.1.202201181444/tools/bin/../lib/gcc/arm-none-eabi/10.3.1/../../../../arm-none-eabi/lib/thumb/v6-m/nofp\libcr_c.a(initio.o)
 .ARM.attributes
                0x000004d6       0x2c c:/nxp/mcuxpressoide_11.5.1_7266/ide/plugins/com.nxp.mcuxpresso.tools.win32_11.5.1.202201181444/tools/bin/../lib/gcc/arm-none-eabi/10.3.1/../../../../arm-none-eabi/lib/thumb/v6-m/nofp\libcr_c.a(setvbuf.o)
 .ARM.attributes
                0x00000502       0x2c c:/nxp/mcuxpressoide_11.5.1_7266/ide/plugins/com.nxp.mcuxpresso.tools.win32_11.5.1.202201181444/tools/bin/../lib/gcc/arm-none-eabi/10.3.1/../../../../arm-none-eabi/lib/thumb/v6-m/nofp\libcr_c.a(strlen.o)
 .ARM.attributes
                0x0000052e       0x2c c:/nxp/mcuxpressoide_11.5.1_7266/ide/plugins/com.nxp.mcuxpresso.tools.win32_11.5.1.202201181444/tools/bin/../lib/gcc/arm-none-eabi/10.3.1/../../../../arm-none-eabi/lib/thumb/v6-m/nofp\libcr_c.a(_fdopen.o)
 .ARM.attributes
                0x0000055a       0x2c c:/nxp/mcuxpressoide_11.5.1_7266/ide/plugins/com.nxp.mcuxpresso.tools.win32_11.5.1.202201181444/tools/bin/../lib/gcc/arm-none-eabi/10.3.1/../../../../arm-none-eabi/lib/thumb/v6-m/nofp\libcr_c.a(fclose.o)
 .ARM.attributes
                0x00000586       0x2c c:/nxp/mcuxpressoide_11.5.1_7266/ide/plugins/com.nxp.mcuxpresso.tools.win32_11.5.1.202201181444/tools/bin/../lib/gcc/arm-none-eabi/10.3.1/../../../../arm-none-eabi/lib/thumb/v6-m/nofp\libcr_c.a(fflush.o)
 .ARM.attributes
                0x000005b2       0x2c c:/nxp/mcuxpressoide_11.5.1_7266/ide/plugins/com.nxp.mcuxpresso.tools.win32_11.5.1.202201181444/tools/bin/../lib/gcc/arm-none-eabi/10.3.1/../../../../arm-none-eabi/lib/thumb/v6-m/nofp\libcr_c.a(fseek.o)
 .ARM.attributes
                0x000005de       0x2c c:/nxp/mcuxpressoide_11.5.1_7266/ide/plugins/com.nxp.mcuxpresso.tools.win32_11.5.1.202201181444/tools/bin/../lib/gcc/arm-none-eabi/10.3.1/../../../../arm-none-eabi/lib/thumb/v6-m/nofp\libcr_c.a(ftell.o)
 .ARM.attributes
                0x0000060a       0x2c c:/nxp/mcuxpressoide_11.5.1_7266/ide/plugins/com.nxp.mcuxpresso.tools.win32_11.5.1.202201181444/tools/bin/../lib/gcc/arm-none-eabi/10.3.1/../../../../arm-none-eabi/lib/thumb/v6-m/nofp\libcr_c.a(remove.o)
 .ARM.attributes
                0x00000636       0x2c c:/nxp/mcuxpressoide_11.5.1_7266/ide/plugins/com.nxp.mcuxpresso.tools.win32_11.5.1.202201181444/tools/bin/../lib/gcc/arm-none-eabi/10.3.1/../../../../arm-none-eabi/lib/thumb/v6-m/nofp\libcr_c.a(_do_fflush.o)
 .ARM.attributes
                0x00000662       0x2c c:/nxp/mcuxpressoide_11.5.1_7266/ide/plugins/com.nxp.mcuxpresso.tools.win32_11.5.1.202201181444/tools/bin/../lib/gcc/arm-none-eabi/10.3.1/../../../../arm-none-eabi/lib/thumb/v6-m/nofp\libcr_c.a(_fflush.o)
 .ARM.attributes
                0x0000068e       0x2c c:/nxp/mcuxpressoide_11.5.1_7266/ide/plugins/com.nxp.mcuxpresso.tools.win32_11.5.1.202201181444/tools/bin/../lib/gcc/arm-none-eabi/10.3.1/../../../../arm-none-eabi/lib/thumb/v6-m/nofp\libcr_c.a(_writebuf.o)
 .ARM.attributes
                0x000006ba       0x2c c:/nxp/mcuxpressoide_11.5.1_7266/ide/plugins/com.nxp.mcuxpresso.tools.win32_11.5.1.202201181444/tools/bin/../lib/gcc/arm-none-eabi/10.3.1/../../../../arm-none-eabi/lib/thumb/v6-m/nofp\libcr_c.a(alloc.o)
 .ARM.attributes
                0x000006e6       0x31 c:/nxp/mcuxpressoide_11.5.1_7266/ide/plugins/com.nxp.mcuxpresso.tools.win32_11.5.1.202201181444/tools/bin/../lib/gcc/arm-none-eabi/10.3.1/../../../../arm-none-eabi/lib/thumb/v6-m/nofp\libcr_c.a(errno.o)
 .ARM.attributes
                0x00000717       0x2c c:/nxp/mcuxpressoide_11.5.1_7266/ide/plugins/com.nxp.mcuxpresso.tools.win32_11.5.1.202201181444/tools/bin/../lib/gcc/arm-none-eabi/10.3.1/../../../../arm-none-eabi/lib/thumb/v6-m/nofp\libcr_c.a(_deferredlazyseek.o)
 .ARM.attributes
                0x00000743       0x1c c:/nxp/mcuxpressoide_11.5.1_7266/ide/plugins/com.nxp.mcuxpresso.tools.win32_11.5.1.202201181444/tools/bin/../lib/gcc/arm-none-eabi/10.3.1/thumb/v6-m/nofp\libcr_eabihelpers.a(division_32.o)
 .ARM.attributes
                0x0000075f       0x1c c:/nxp/mcuxpressoide_11.5.1_7266/ide/plugins/com.nxp.mcuxpresso.tools.win32_11.5.1.202201181444/tools/bin/../lib/gcc/arm-none-eabi/10.3.1/thumb/v6-m/nofp\libcr_eabihelpers.a(division_idiv0.o)
 .ARM.attributes
                0x0000077b       0x1c c:/nxp/mcuxpressoide_11.5.1_7266/ide/plugins/com.nxp.mcuxpresso.tools.win32_11.5.1.202201181444/tools/bin/../lib/gcc/arm-none-eabi/10.3.1/thumb/v6-m/nofp\libcr_eabihelpers.a(memcpy.o)
 .ARM.attributes
                0x00000797       0x31 c:/nxp/mcuxpressoide_11.5.1_7266/ide/plugins/com.nxp.mcuxpresso.tools.win32_11.5.1.202201181444/tools/bin/../lib/gcc/arm-none-eabi/10.3.1/../../../../arm-none-eabi/lib/thumb/v6-m/nofp\libcr_nohost_nf.a(__ciob.o)
 .ARM.attributes
                0x000007c8       0x2c c:/nxp/mcuxpressoide_11.5.1_7266/ide/plugins/com.nxp.mcuxpresso.tools.win32_11.5.1.202201181444/tools/bin/../lib/gcc/arm-none-eabi/10.3.1/../../../../arm-none-eabi/lib/thumb/v6-m/nofp\libcr_nohost_nf.a(__sys_close.o)
 .ARM.attributes
                0x000007f4       0x2c c:/nxp/mcuxpressoide_11.5.1_7266/ide/plugins/com.nxp.mcuxpresso.tools.win32_11.5.1.202201181444/tools/bin/../lib/gcc/arm-none-eabi/10.3.1/../../../../arm-none-eabi/lib/thumb/v6-m/nofp\libcr_nohost_nf.a(__sys_flen.o)
 .ARM.attributes
                0x00000820       0x2c c:/nxp/mcuxpressoide_11.5.1_7266/ide/plugins/com.nxp.mcuxpresso.tools.win32_11.5.1.202201181444/tools/bin/../lib/gcc/arm-none-eabi/10.3.1/../../../../arm-none-eabi/lib/thumb/v6-m/nofp\libcr_nohost_nf.a(__sys_istty.o)
 .ARM.attributes
                0x0000084c       0x2c c:/nxp/mcuxpressoide_11.5.1_7266/ide/plugins/com.nxp.mcuxpresso.tools.win32_11.5.1.202201181444/tools/bin/../lib/gcc/arm-none-eabi/10.3.1/../../../../arm-none-eabi/lib/thumb/v6-m/nofp\libcr_nohost_nf.a(__sys_remove.o)
 .ARM.attributes
                0x00000878       0x2c c:/nxp/mcuxpressoide_11.5.1_7266/ide/plugins/com.nxp.mcuxpresso.tools.win32_11.5.1.202201181444/tools/bin/../lib/gcc/arm-none-eabi/10.3.1/../../../../arm-none-eabi/lib/thumb/v6-m/nofp\libcr_nohost_nf.a(__sys_seek.o)
 .ARM.attributes
                0x000008a4       0x2c c:/nxp/mcuxpressoide_11.5.1_7266/ide/plugins/com.nxp.mcuxpresso.tools.win32_11.5.1.202201181444/tools/bin/../lib/gcc/arm-none-eabi/10.3.1/../../../../arm-none-eabi/lib/thumb/v6-m/nofp\libcr_nohost_nf.a(__sys_tmpnam.o)
 .ARM.attributes
                0x000008d0       0x2c c:/nxp/mcuxpressoide_11.5.1_7266/ide/plugins/com.nxp.mcuxpresso.tools.win32_11.5.1.202201181444/tools/bin/../lib/gcc/arm-none-eabi/10.3.1/../../../../arm-none-eabi/lib/thumb/v6-m/nofp\libcr_nohost_nf.a(__sys_write.o)

.debug_frame    0x00000000     0x2cc0
 .debug_frame   0x00000000      0x1f0 ./utilities/fsl_debug_console.o
 .debug_frame   0x000001f0      0x3b0 ./startup/startup_mkl25z4.o
 .debug_frame   0x000005a0       0x68 ./source/analog_in.o
 .debug_frame   0x00000608      0x174 ./source/led_out.o
 .debug_frame   0x0000077c       0x90 ./source/main.o
 .debug_frame   0x0000080c      0x134 ./source/neopixel_lib.o
 .debug_frame   0x00000940       0x20 ./source/semihost_hardfault.o
 .debug_frame   0x00000960       0x2c ./freertos/fsl_tickless_lptmr.o
 .debug_frame   0x0000098c       0xe4 ./freertos/heap_4.o
 .debug_frame   0x00000a70       0xb0 ./freertos/list.o
 .debug_frame   0x00000b20      0x154 ./freertos/port.o
 .debug_frame   0x00000c74      0x410 ./freertos/queue.o
 .debug_frame   0x00001084      0x73c ./freertos/tasks.o
 .debug_frame   0x000017c0      0x2c8 ./freertos/timers.o
 .debug_frame   0x00001a88      0x6e0 ./drivers/fsl_clock.o
 .debug_frame   0x00002168       0x90 ./drivers/fsl_common.o
 .debug_frame   0x000021f8      0x414 ./drivers/fsl_lpsci.o
 .debug_frame   0x0000260c      0x464 ./drivers/fsl_uart.o
 .debug_frame   0x00002a70       0x50 ./board/board.o
 .debug_frame   0x00002ac0      0x100 ./board/clock_config.o
 .debug_frame   0x00002bc0       0x2c ./board/peripherals.o
 .debug_frame   0x00002bec       0x88 ./board/pin_mux.o
 .debug_frame   0x00002c74       0x4c ./CMSIS/system_MKL25Z4.o

Cross Reference Table

Symbol                                            File
ADC0_DriverIRQHandler                             ./startup/startup_mkl25z4.o
ADC0_IRQHandler                                   ./startup/startup_mkl25z4.o
ADC_handle                                        ./source/main.o
ADC_init                                          ./source/analog_in.o
                                                  ./source/main.o
ADC_sampling                                      ./source/analog_in.o
                                                  ./source/main.o
BOARD_BootClockRUN                                ./board/clock_config.o
BOARD_BootClockVLPR                               ./board/clock_config.o
BOARD_InitBootClocks                              ./board/clock_config.o
                                                  ./source/main.o
BOARD_InitBootPeripherals                         ./board/peripherals.o
                                                  ./source/main.o
BOARD_InitBootPins                                ./board/pin_mux.o
                                                  ./source/main.o
BOARD_InitDebugConsole                            ./board/board.o
                                                  ./source/main.o
BOARD_InitPins                                    ./board/pin_mux.o
CLOCK_BootToBlpeMode                              ./drivers/fsl_clock.o
CLOCK_BootToBlpiMode                              ./drivers/fsl_clock.o
                                                  ./board/clock_config.o
CLOCK_BootToFeeMode                               ./drivers/fsl_clock.o
CLOCK_BootToFeiMode                               ./drivers/fsl_clock.o
CLOCK_BootToPeeMode                               ./drivers/fsl_clock.o
                                                  ./board/clock_config.o
CLOCK_CalcPllDiv                                  ./drivers/fsl_clock.o
CLOCK_ClearStatusFlags                            ./drivers/fsl_clock.o
CLOCK_DeinitOsc0                                  ./drivers/fsl_clock.o
CLOCK_EnablePll0                                  ./drivers/fsl_clock.o
CLOCK_EnableUsbfs0Clock                           ./drivers/fsl_clock.o
CLOCK_ExternalModeToFbeModeQuick                  ./drivers/fsl_clock.o
CLOCK_FllStableDelay                              ./drivers/fsl_clock.o
CLOCK_GetBusClkFreq                               ./drivers/fsl_clock.o
CLOCK_GetCoreSysClkFreq                           ./drivers/fsl_clock.o
CLOCK_GetEr32kClkFreq                             ./drivers/fsl_clock.o
CLOCK_GetFixedFreqClkFreq                         ./drivers/fsl_clock.o
CLOCK_GetFlashClkFreq                             ./drivers/fsl_clock.o
CLOCK_GetFllFreq                                  ./drivers/fsl_clock.o
CLOCK_GetFreq                                     ./drivers/fsl_clock.o
CLOCK_GetInternalRefClkFreq                       ./drivers/fsl_clock.o
CLOCK_GetMode                                     ./drivers/fsl_clock.o
CLOCK_GetOsc0ErClkFreq                            ./drivers/fsl_clock.o
CLOCK_GetOutClkFreq                               ./drivers/fsl_clock.o
CLOCK_GetPlatClkFreq                              ./drivers/fsl_clock.o
CLOCK_GetPll0Freq                                 ./drivers/fsl_clock.o
CLOCK_GetPllFllSelClkFreq                         ./drivers/fsl_clock.o
                                                  ./board/board.o
CLOCK_GetStatusFlags                              ./drivers/fsl_clock.o
CLOCK_InitOsc0                                    ./drivers/fsl_clock.o
                                                  ./board/clock_config.o
CLOCK_InternalModeToFbiModeQuick                  ./drivers/fsl_clock.o
CLOCK_SetBlpeMode                                 ./drivers/fsl_clock.o
CLOCK_SetBlpiMode                                 ./drivers/fsl_clock.o
CLOCK_SetExternalRefClkConfig                     ./drivers/fsl_clock.o
CLOCK_SetFbeMode                                  ./drivers/fsl_clock.o
CLOCK_SetFbiMode                                  ./drivers/fsl_clock.o
CLOCK_SetFeeMode                                  ./drivers/fsl_clock.o
CLOCK_SetFeiMode                                  ./drivers/fsl_clock.o
CLOCK_SetInternalRefClkConfig                     ./drivers/fsl_clock.o
                                                  ./board/clock_config.o
CLOCK_SetMcgConfig                                ./drivers/fsl_clock.o
CLOCK_SetOsc0MonitorMode                          ./drivers/fsl_clock.o
CLOCK_SetPbeMode                                  ./drivers/fsl_clock.o
CLOCK_SetPeeMode                                  ./drivers/fsl_clock.o
CLOCK_SetPll0MonitorMode                          ./drivers/fsl_clock.o
CLOCK_SetSimConfig                                ./drivers/fsl_clock.o
                                                  ./board/clock_config.o
CLOCK_TrimInternalRefClk                          ./drivers/fsl_clock.o
CMP0_DriverIRQHandler                             ./startup/startup_mkl25z4.o
CMP0_IRQHandler                                   ./startup/startup_mkl25z4.o
DAC0_DriverIRQHandler                             ./startup/startup_mkl25z4.o
DAC0_IRQHandler                                   ./startup/startup_mkl25z4.o
DMA0_DriverIRQHandler                             ./startup/startup_mkl25z4.o
DMA0_IRQHandler                                   ./source/led_out.o
                                                  ./startup/startup_mkl25z4.o
DMA1_DriverIRQHandler                             ./startup/startup_mkl25z4.o
DMA1_IRQHandler                                   ./startup/startup_mkl25z4.o
DMA2_DriverIRQHandler                             ./startup/startup_mkl25z4.o
DMA2_IRQHandler                                   ./startup/startup_mkl25z4.o
DMA3_DriverIRQHandler                             ./startup/startup_mkl25z4.o
DMA3_IRQHandler                                   ./startup/startup_mkl25z4.o
DMA_SetValues                                     ./source/led_out.o
DMA_init                                          ./source/led_out.o
                                                  ./source/main.o
DbgConsole_Deinit                                 ./utilities/fsl_debug_console.o
DbgConsole_Getchar                                ./utilities/fsl_debug_console.o
DbgConsole_Init                                   ./utilities/fsl_debug_console.o
                                                  ./board/board.o
DbgConsole_Printf                                 ./utilities/fsl_debug_console.o
                                                  ./drivers/fsl_common.o
                                                  ./source/process_data.o
                                                  ./source/main.o
DbgConsole_Putchar                                ./utilities/fsl_debug_console.o
DbgConsole_Scanf                                  ./utilities/fsl_debug_console.o
FLASH_Erase                                       ./drivers/fsl_flash.o
FLASH_EraseAll                                    ./drivers/fsl_flash.o
FLASH_EraseAllExecuteOnlySegments                 ./drivers/fsl_flash.o
FLASH_GetProperty                                 ./drivers/fsl_flash.o
FLASH_GetSecurityState                            ./drivers/fsl_flash.o
FLASH_Init                                        ./drivers/fsl_flash.o
FLASH_IsExecuteOnly                               ./drivers/fsl_flash.o
FLASH_IsProtected                                 ./drivers/fsl_flash.o
FLASH_PflashGetPrefetchSpeculation                ./drivers/fsl_flash.o
FLASH_PflashGetProtection                         ./drivers/fsl_flash.o
FLASH_PflashSetPrefetchSpeculation                ./drivers/fsl_flash.o
                                                  ./drivers/fsl_smc.o
FLASH_PflashSetProtection                         ./drivers/fsl_flash.o
FLASH_PrepareExecuteInRamFunctions                ./drivers/fsl_flash.o
FLASH_Program                                     ./drivers/fsl_flash.o
FLASH_ProgramOnce                                 ./drivers/fsl_flash.o
FLASH_ReadOnce                                    ./drivers/fsl_flash.o
FLASH_ReadResource                                ./drivers/fsl_flash.o
FLASH_SecurityBypass                              ./drivers/fsl_flash.o
FLASH_SetCallback                                 ./drivers/fsl_flash.o
FLASH_SetProperty                                 ./drivers/fsl_flash.o
FLASH_VerifyErase                                 ./drivers/fsl_flash.o
FLASH_VerifyEraseAll                              ./drivers/fsl_flash.o
FLASH_VerifyEraseAllExecuteOnlySegments           ./drivers/fsl_flash.o
FLASH_VerifyProgram                               ./drivers/fsl_flash.o
FTFA_DriverIRQHandler                             ./startup/startup_mkl25z4.o
FTFA_IRQHandler                                   ./startup/startup_mkl25z4.o
Flash_Config                                      ./startup/startup_mkl25z4.o
FreeRTOSDebugConfig                               ./freertos/tasks.o
GPIO_ClearPinsInterruptFlags                      ./drivers/fsl_gpio.o
GPIO_GetPinsInterruptFlags                        ./drivers/fsl_gpio.o
GPIO_PinInit                                      ./drivers/fsl_gpio.o
GPIO_init                                         ./source/led_out.o
                                                  ./source/main.o
HardFault_Handler                                 ./source/semihost_hardfault.o
                                                  ./startup/startup_mkl25z4.o
I2C0_DriverIRQHandler                             ./startup/startup_mkl25z4.o
I2C0_IRQHandler                                   ./startup/startup_mkl25z4.o
I2C1_DriverIRQHandler                             ./startup/startup_mkl25z4.o
I2C1_IRQHandler                                   ./startup/startup_mkl25z4.o
InstallIRQHandler                                 ./drivers/fsl_common.o
IntDefaultHandler                                 ./startup/startup_mkl25z4.o
LED_buffer                                        ./source/led_out.o
LLWU_DriverIRQHandler                             ./startup/startup_mkl25z4.o
LLWU_IRQHandler                                   ./startup/startup_mkl25z4.o
LPSCI_ClearStatusFlags                            ./drivers/fsl_lpsci.o
                                                  ./drivers/fsl_lpsci_freertos.o
LPSCI_Deinit                                      ./drivers/fsl_lpsci.o
                                                  ./drivers/fsl_lpsci_freertos.o
                                                  ./utilities/fsl_debug_console.o
LPSCI_DisableInterrupts                           ./drivers/fsl_lpsci.o
LPSCI_EnableInterrupts                            ./drivers/fsl_lpsci.o
LPSCI_GetDefaultConfig                            ./drivers/fsl_lpsci.o
                                                  ./drivers/fsl_lpsci_freertos.o
                                                  ./utilities/fsl_debug_console.o
LPSCI_GetEnabledInterrupts                        ./drivers/fsl_lpsci.o
LPSCI_GetInstance                                 ./drivers/fsl_lpsci.o
LPSCI_GetStatusFlags                              ./drivers/fsl_lpsci.o
LPSCI_Init                                        ./drivers/fsl_lpsci.o
                                                  ./drivers/fsl_lpsci_freertos.o
                                                  ./utilities/fsl_debug_console.o
LPSCI_RTOS_Deinit                                 ./drivers/fsl_lpsci_freertos.o