Archive member included to satisfy reference by file (symbol)

c:/nxp/mcuxpressoide_11.5.1_7266/ide/plugins/com.nxp.mcuxpresso.tools.win32_11.5.1.202201181444/tools/bin/../lib/gcc/arm-none-eabi/10.3.1/../../../../arm-none-eabi/lib/thumb/v6-m/nofp\libcr_semihost_nf.a(_cr__main.o)
                              ./startup/startup_mkl25z4.o (__main)
c:/nxp/mcuxpressoide_11.5.1_7266/ide/plugins/com.nxp.mcuxpresso.tools.win32_11.5.1.202201181444/tools/bin/../lib/gcc/arm-none-eabi/10.3.1/../../../../arm-none-eabi/lib/thumb/v6-m/nofp\libcr_semihost_nf.a(_cr_assert.o)
                              ./drivers/fsl_clock.o (__assertion_failed)
c:/nxp/mcuxpressoide_11.5.1_7266/ide/plugins/com.nxp.mcuxpresso.tools.win32_11.5.1.202201181444/tools/bin/../lib/gcc/arm-none-eabi/10.3.1/../../../../arm-none-eabi/lib/thumb/v6-m/nofp\libcr_semihost_nf.a(__ciob.o)
                              c:/nxp/mcuxpressoide_11.5.1_7266/ide/plugins/com.nxp.mcuxpresso.tools.win32_11.5.1.202201181444/tools/bin/../lib/gcc/arm-none-eabi/10.3.1/../../../../arm-none-eabi/lib/thumb/v6-m/nofp\libcr_semihost_nf.a(_cr_assert.o) (__Ciob)
c:/nxp/mcuxpressoide_11.5.1_7266/ide/plugins/com.nxp.mcuxpresso.tools.win32_11.5.1.202201181444/tools/bin/../lib/gcc/arm-none-eabi/10.3.1/../../../../arm-none-eabi/lib/thumb/v6-m/nofp\libcr_semihost_nf.a(__sys_appexit.o)
                              c:/nxp/mcuxpressoide_11.5.1_7266/ide/plugins/com.nxp.mcuxpresso.tools.win32_11.5.1.202201181444/tools/bin/../lib/gcc/arm-none-eabi/10.3.1/../../../../arm-none-eabi/lib/thumb/v6-m/nofp\libcr_semihost_nf.a(_cr_assert.o) (__sys_appexit)
c:/nxp/mcuxpressoide_11.5.1_7266/ide/plugins/com.nxp.mcuxpresso.tools.win32_11.5.1.202201181444/tools/bin/../lib/gcc/arm-none-eabi/10.3.1/../../../../arm-none-eabi/lib/thumb/v6-m/nofp\libcr_c.a(memcpy.o)
                              ./freertos/queue.o (memcpy)
c:/nxp/mcuxpressoide_11.5.1_7266/ide/plugins/com.nxp.mcuxpresso.tools.win32_11.5.1.202201181444/tools/bin/../lib/gcc/arm-none-eabi/10.3.1/../../../../arm-none-eabi/lib/thumb/v6-m/nofp\libcr_c.a(memset.o)
                              ./freertos/tasks.o (memset)
c:/nxp/mcuxpressoide_11.5.1_7266/ide/plugins/com.nxp.mcuxpresso.tools.win32_11.5.1.202201181444/tools/bin/../lib/gcc/arm-none-eabi/10.3.1/../../../../arm-none-eabi/lib/thumb/v6-m/nofp\libcr_c.a(_deferredlazyseek.o)
                              c:/nxp/mcuxpressoide_11.5.1_7266/ide/plugins/com.nxp.mcuxpresso.tools.win32_11.5.1.202201181444/tools/bin/../lib/gcc/arm-none-eabi/10.3.1/../../../../arm-none-eabi/lib/thumb/v6-m/nofp\libcr_semihost_nf.a(_cr_assert.o) (__flsbuf)
c:/nxp/mcuxpressoide_11.5.1_7266/ide/plugins/com.nxp.mcuxpresso.tools.win32_11.5.1.202201181444/tools/bin/../lib/gcc/arm-none-eabi/10.3.1/../../../../arm-none-eabi/lib/thumb/v6-m/nofp\libcr_c.a(_fflush.o)
                              c:/nxp/mcuxpressoide_11.5.1_7266/ide/plugins/com.nxp.mcuxpresso.tools.win32_11.5.1.202201181444/tools/bin/../lib/gcc/arm-none-eabi/10.3.1/../../../../arm-none-eabi/lib/thumb/v6-m/nofp\libcr_c.a(_deferredlazyseek.o) (_fflush)
c:/nxp/mcuxpressoide_11.5.1_7266/ide/plugins/com.nxp.mcuxpresso.tools.win32_11.5.1.202201181444/tools/bin/../lib/gcc/arm-none-eabi/10.3.1/../../../../arm-none-eabi/lib/thumb/v6-m/nofp\libcr_c.a(_writebuf.o)
                              c:/nxp/mcuxpressoide_11.5.1_7266/ide/plugins/com.nxp.mcuxpresso.tools.win32_11.5.1.202201181444/tools/bin/../lib/gcc/arm-none-eabi/10.3.1/../../../../arm-none-eabi/lib/thumb/v6-m/nofp\libcr_c.a(_deferredlazyseek.o) (_Cwritebuf)
c:/nxp/mcuxpressoide_11.5.1_7266/ide/plugins/com.nxp.mcuxpresso.tools.win32_11.5.1.202201181444/tools/bin/../lib/gcc/arm-none-eabi/10.3.1/../../../../arm-none-eabi/lib/thumb/v6-m/nofp\libcr_c.a(alloc.o)
                              c:/nxp/mcuxpressoide_11.5.1_7266/ide/plugins/com.nxp.mcuxpresso.tools.win32_11.5.1.202201181444/tools/bin/../lib/gcc/arm-none-eabi/10.3.1/../../../../arm-none-eabi/lib/thumb/v6-m/nofp\libcr_c.a(_deferredlazyseek.o) (_Csys_alloc)
c:/nxp/mcuxpressoide_11.5.1_7266/ide/plugins/com.nxp.mcuxpresso.tools.win32_11.5.1.202201181444/tools/bin/../lib/gcc/arm-none-eabi/10.3.1/../../../../arm-none-eabi/lib/thumb/v6-m/nofp\libcr_c.a(fputs.o)
                              c:/nxp/mcuxpressoide_11.5.1_7266/ide/plugins/com.nxp.mcuxpresso.tools.win32_11.5.1.202201181444/tools/bin/../lib/gcc/arm-none-eabi/10.3.1/../../../../arm-none-eabi/lib/thumb/v6-m/nofp\libcr_semihost_nf.a(_cr_assert.o) (fputs)
c:/nxp/mcuxpressoide_11.5.1_7266/ide/plugins/com.nxp.mcuxpresso.tools.win32_11.5.1.202201181444/tools/bin/../lib/gcc/arm-none-eabi/10.3.1/../../../../arm-none-eabi/lib/thumb/v6-m/nofp\libcr_c.a(fseek.o)
                              c:/nxp/mcuxpressoide_11.5.1_7266/ide/plugins/com.nxp.mcuxpresso.tools.win32_11.5.1.202201181444/tools/bin/../lib/gcc/arm-none-eabi/10.3.1/../../../../arm-none-eabi/lib/thumb/v6-m/nofp\libcr_c.a(_deferredlazyseek.o) (fseek)
[...]
Memory Configuration

Name             Origin             Length             Attributes
PROGRAM_FLASH    0x00000000         0x00020000         xr
SRAM             0x1ffff000         0x00004000         xrw
*default*        0x00000000         0xffffffff

Linker script and memory map

LOAD ./utilities/fsl_debug_console.o
LOAD ./startup/startup_mkl25z4.o
LOAD ./source/analog_in.o
LOAD ./source/led_out.o
LOAD ./source/main.o
LOAD ./source/mtb.o
LOAD ./source/neopixel_lib.o
LOAD ./source/semihost_hardfault.o
LOAD ./freertos/croutine.o
LOAD ./freertos/event_groups.o
LOAD ./freertos/fsl_tickless_lptmr.o
LOAD ./freertos/fsl_tickless_systick.o
LOAD ./freertos/heap_4.o
LOAD ./freertos/list.o
LOAD ./freertos/port.o
LOAD ./freertos/queue.o
LOAD ./freertos/tasks.o
LOAD ./freertos/timers.o
LOAD ./drivers/fsl_clock.o
LOAD ./drivers/fsl_common.o
LOAD ./drivers/fsl_flash.o
LOAD ./drivers/fsl_gpio.o
LOAD ./drivers/fsl_lpsci.o
LOAD ./drivers/fsl_lpsci_freertos.o
LOAD ./drivers/fsl_smc.o
LOAD ./drivers/fsl_uart.o
LOAD ./drivers/fsl_uart_freertos.o
LOAD ./board/board.o
LOAD ./board/clock_config.o
LOAD ./board/peripherals.o
LOAD ./board/pin_mux.o
LOAD ./CMSIS/system_MKL25Z4.o
START GROUP
LOAD c:/nxp/mcuxpressoide_11.5.1_7266/ide/plugins/com.nxp.mcuxpresso.tools.win32_11.5.1.202201181444/tools/bin/../lib/gcc/arm-none-eabi/10.3.1/../../../../arm-none-eabi/lib/thumb/v6-m/nofp\libcr_semihost_nf.a
LOAD c:/nxp/mcuxpressoide_11.5.1_7266/ide/plugins/com.nxp.mcuxpresso.tools.win32_11.5.1.202201181444/tools/bin/../lib/gcc/arm-none-eabi/10.3.1/../../../../arm-none-eabi/lib/thumb/v6-m/nofp\libcr_c.a
LOAD c:/nxp/mcuxpressoide_11.5.1_7266/ide/plugins/com.nxp.mcuxpresso.tools.win32_11.5.1.202201181444/tools/bin/../lib/gcc/arm-none-eabi/10.3.1/thumb/v6-m/nofp\libcr_eabihelpers.a
LOAD c:/nxp/mcuxpressoide_11.5.1_7266/ide/plugins/com.nxp.mcuxpresso.tools.win32_11.5.1.202201181444/tools/bin/../lib/gcc/arm-none-eabi/10.3.1/thumb/v6-m/nofp\libgcc.a
END GROUP
                0x00000000                __base_PROGRAM_FLASH = 0x0
                0x00000000                __base_Flash = 0x0
                0x00020000                __top_PROGRAM_FLASH = 0x20000
                0x00020000                __top_Flash = 0x20000
                0x1ffff000                __base_SRAM = 0x1ffff000
                0x1ffff000                __base_RAM = 0x1ffff000
                0x20003000                __top_SRAM = 0x20003000
                0x20003000                __top_RAM = 0x20003000

.text           0x00000000     0x64b4
 FILL mask 0xff
                0x00000000                __vectors_start__ = ABSOLUTE (.)
 *(SORT_BY_ALIGNMENT(.isr_vector))
 .isr_vector    0x00000000       0xc0 ./startup/startup_mkl25z4.o
                0x00000000                g_pfnVectors
                0x00000000                __Vectors
                0x000000c0                . = ALIGN (0x4)
                0x000000c0                __section_table_start = .
                0x000000c0                __data_section_table = .
                0x000000c0        0x4 LONG 0x64b4 LOADADDR (.data)
                0x000000c4        0x4 LONG 0x1ffff080 ADDR (.data)
                0x000000c8        0x4 LONG 0x14 SIZEOF (.data)
                0x000000cc                __data_section_table_end = .
                0x000000cc                __bss_section_table = .
                0x000000cc        0x4 LONG 0x1ffff094 ADDR (.bss)
                0x000000d0        0x4 LONG 0x305c SIZEOF (.bss)
                0x000000d4                __bss_section_table_end = .
                0x000000d4                __section_table_end = .
 *(SORT_BY_ALIGNMENT(.after_vectors*))
 .after_vectors.reset
                0x000000d4       0x4c ./startup/startup_mkl25z4.o
                0x000000d4                ResetISR
 .after_vectors.init_data
                0x00000120       0x12 ./startup/startup_mkl25z4.o
                0x00000120                data_init
 .after_vectors.init_bss
                0x00000132       0x10 ./startup/startup_mkl25z4.o
                0x00000132                bss_init
 .after_vectors
                0x00000142      0x10c ./startup/startup_mkl25z4.o
                0x00000142                NMI_Handler
                0x0000014c                I2C0_DriverIRQHandler
                0x0000014c                DMA0_DriverIRQHandler
                0x0000014c                SPI1_DriverIRQHandler
                0x0000014c                LPTMR0_DriverIRQHandler
                0x0000014c                Reserved39_DriverIRQHandler
                0x0000014c                PIT_DriverIRQHandler
                0x0000014c                PORTD_DriverIRQHandler
                0x0000014c                DMA2_DriverIRQHandler
                0x0000014c                CMP0_DriverIRQHandler
                0x0000014c                TPM2_DriverIRQHandler
                0x0000014c                ADC0_DriverIRQHandler
                0x0000014c                SPI0_DriverIRQHandler
                0x0000014c                TSI0_DriverIRQHandler
                0x0000014c                RTC_Seconds_DriverIRQHandler
                0x0000014c                I2C1_DriverIRQHandler
                0x0000014c                DMA1_DriverIRQHandler
                0x0000014c                LLWU_DriverIRQHandler
                0x0000014c                MCG_DriverIRQHandler
                0x0000014c                RTC_DriverIRQHandler
                0x0000014c                TPM1_DriverIRQHandler
                0x0000014c                PORTA_DriverIRQHandler
                0x0000014c                FTFA_DriverIRQHandler
                0x0000014c                IntDefaultHandler
                0x0000014c                USB0_DriverIRQHandler
                0x0000014c                DAC0_DriverIRQHandler
                0x0000014c                Reserved45_DriverIRQHandler
                0x0000014c                LVD_LVW_DriverIRQHandler
                0x0000014c                TPM0_DriverIRQHandler
                0x0000014c                DMA3_DriverIRQHandler
                0x0000014c                Reserved20_DriverIRQHandler
                0x00000156                DMA1_IRQHandler
                0x0000015e                DMA2_IRQHandler
                0x00000166                DMA3_IRQHandler
                0x0000016e                Reserved20_IRQHandler
                0x00000176                FTFA_IRQHandler
                0x0000017e                LVD_LVW_IRQHandler
                0x00000186                LLWU_IRQHandler
                0x0000018e                I2C0_IRQHandler
                0x00000196                I2C1_IRQHandler
                0x0000019e                SPI0_IRQHandler
                0x000001a6                SPI1_IRQHandler
                0x000001ae                UART0_IRQHandler
                0x000001b6                UART1_IRQHandler
                0x000001be                UART2_IRQHandler
                0x000001c6                ADC0_IRQHandler
                0x000001ce                CMP0_IRQHandler
                0x000001d6                TPM0_IRQHandler
                0x000001de                TPM1_IRQHandler
                0x000001e6                TPM2_IRQHandler
                0x000001ee                RTC_IRQHandler
                0x000001f6                RTC_Seconds_IRQHandler
                0x000001fe                PIT_IRQHandler
                0x00000206                Reserved39_IRQHandler
                0x0000020e                USB0_IRQHandler
                0x00000216                DAC0_IRQHandler
                0x0000021e                TSI0_IRQHandler
                0x00000226                MCG_IRQHandler
                0x0000022e                LPTMR0_IRQHandler
                0x00000236                Reserved45_IRQHandler
                0x0000023e                PORTA_IRQHandler
                0x00000246                PORTD_IRQHandler
                0x00000400                . = 0x400
 *fill*         0x0000024e      0x1b2 ff
                0x00000400                PROVIDE (__FLASH_CONFIG_START__ = .)
 *(SORT_BY_ALIGNMENT(.FlashConfig))
 .FlashConfig   0x00000400       0x10 ./startup/startup_mkl25z4.o
                0x00000400                Flash_Config
                0x00000410                PROVIDE (__FLASH_CONFIG_END__ = .)
                0x00000001                ASSERT (! ((__FLASH_CONFIG_START__ == __FLASH_CONFIG_END__)), Linker Flash Config Support Enabled, but no .FlashConfig section provided within application)
 *(SORT_BY_ALIGNMENT(.text*))
 .text.vPortStartFirstTask
                0x00000410       0x38 ./freertos/port.o
 *fill*         0x00000448        0x8 ff
 .text.PendSV_Handler
                0x00000450       0x48 ./freertos/port.o
                0x00000450                PendSV_Handler
 .text.DbgConsole_Init
                0x00000498       0xf4 ./utilities/fsl_debug_console.o
                0x00000498                DbgConsole_Init
 .text.TPM1_init
                0x0000058c       0x60 ./source/analog_in.o
                0x0000058c                TPM1_init
 .text.ADC_init
                0x000005ec       0x8c ./source/analog_in.o
                0x000005ec                ADC_init
 .text.ADC_sampling
                0x00000678       0x40 ./source/analog_in.o
                0x00000678                ADC_sampling
 .text.NVIC_EnableIRQ
                0x000006b8       0x2c ./source/led_out.o
 .text.NVIC_ClearPendingIRQ
                0x000006e4       0x30 ./source/led_out.o
 .text.NVIC_SetPriority
                0x00000714       0xdc ./source/led_out.o
 .text.GPIO_init
                0x000007f0       0x58 ./source/led_out.o
                0x000007f0                GPIO_init
 .text.clock_init
                0x00000848       0x4c ./source/led_out.o
                0x00000848                clock_init
 .text.DMA_init
                0x00000894       0x88 ./source/led_out.o
                0x00000894                DMA_init
 .text.TPM0_init
                0x0000091c       0x7c ./source/led_out.o
                0x0000091c                TPM0_init
 .text.DMA0_IRQHandler
                0x00000998       0x54 ./source/led_out.o
                0x00000998                DMA0_IRQHandler
 .text.Neo_output
                0x000009ec       0x28 ./source/led_out.o
                0x000009ec                Neo_output
 .text.Neo_loop
                0x00000a14       0x28 ./source/led_out.o
                0x00000a14                Neo_loop
 .text.DMA_SetValues
                0x00000a3c       0x64 ./source/led_out.o
                0x00000a3c                DMA_SetValues
 .text.Neo_UpdateStrip
                0x00000aa0       0x24 ./source/led_out.o
                0x00000aa0                Neo_UpdateStrip
 .text.main     0x00000ac4       0xc4 ./source/main.o
                0x00000ac4                main
 .text.ADC_task
                0x00000b88       0x44 ./source/main.o
 .text.process_task
                0x00000bcc       0xa0 ./source/main.o
 .text.neopixel_task
                0x00000c6c       0x40 ./source/main.o
 .text.clear_LED_buffer
                0x00000cac       0x60 ./source/neopixel_lib.o
 .text.Neo_ClearAllPixel
                0x00000d0c       0x54 ./source/neopixel_lib.o
                0x00000d0c                Neo_ClearAllPixel
 .text.Neo_PixelTrail
                0x00000d60       0xf0 ./source/neopixel_lib.o
                0x00000d60                Neo_PixelTrail
 .text.HardFault_Handler
                0x00000e50       0x30 ./source/semihost_hardfault.o
                0x00000e50                HardFault_Handler
 .text.prvSetupTimerInterrupt
                0x00000e80       0x40 ./freertos/fsl_tickless_lptmr.o
                0x00000e80                prvSetupTimerInterrupt
 .text.pvPortMalloc
                0x00000ec0      0x14c ./freertos/heap_4.o
                0x00000ec0                pvPortMalloc
 .text.vPortFree
                0x0000100c       0x90 ./freertos/heap_4.o
                0x0000100c                vPortFree
 .text.prvHeapInit
                0x0000109c       0xc0 ./freertos/heap_4.o
 .text.prvInsertBlockIntoFreeList
                0x0000115c       0xb0 ./freertos/heap_4.o
 .text.pxPortInitialiseStack
                0x0000120c       0x54 ./freertos/port.o
                0x0000120c                pxPortInitialiseStack
 .text.prvTaskExitError
                0x00001260       0x18 ./freertos/port.o
 .text.xPortStartScheduler
                0x00001278       0x44 ./freertos/port.o
                0x00001278                xPortStartScheduler
 .text.vPortYield
                0x000012bc       0x20 ./freertos/port.o
                0x000012bc                vPortYield
 .text.vPortEnterCritical
                0x000012dc       0x24 ./freertos/port.o
                0x000012dc                vPortEnterCritical
 .text.vPortExitCritical
                0x00001300       0x30 ./freertos/port.o
                0x00001300                vPortExitCritical
 .text.SysTick_Handler
                0x00001330       0x34 ./freertos/port.o
                0x00001330                SysTick_Handler
 .text.vQueueAddToRegistry
                0x00001364       0x50 ./freertos/queue.o
                0x00001364                vQueueAddToRegistry
 .text.prvInitialiseNewTask
                0x000013b4      0x12c ./freertos/tasks.o
 .text.prvAddNewTaskToReadyList
                0x000014e0       0xd0 ./freertos/tasks.o
 .text.vTaskDelay
                0x000015b0       0x4c ./freertos/tasks.o
                0x000015b0                vTaskDelay
 .text.vTaskSuspend
                0x000015fc       0xb8 ./freertos/tasks.o
                0x000015fc                vTaskSuspend
 .text.prvTaskIsTaskSuspended
                0x000016b4       0x60 ./freertos/tasks.o
 .text.vTaskResume
                0x00001714       0x9c ./freertos/tasks.o
                0x00001714                vTaskResume
 .text.vTaskStartScheduler
                0x000017b0       0x78 ./freertos/tasks.o
                0x000017b0                vTaskStartScheduler
 .text.vTaskSuspendAll
                0x00001828       0x18 ./freertos/tasks.o
                0x00001828                vTaskSuspendAll
 .text.xTaskResumeAll
                0x00001840      0x118 ./freertos/tasks.o
                0x00001840                xTaskResumeAll
 .text.xTaskGetTickCount
                0x00001958       0x1c ./freertos/tasks.o
                0x00001958                xTaskGetTickCount
 .text.xTaskIncrementTick
                0x00001974      0x14c ./freertos/tasks.o
                0x00001974                xTaskIncrementTick
 .text.vTaskSwitchContext
                0x00001ac0       0xa4 ./freertos/tasks.o
                0x00001ac0                vTaskSwitchContext
 .text.vTaskPlaceOnEventList
                0x00001b64       0x3c ./freertos/tasks.o
                0x00001b64                vTaskPlaceOnEventList
 .text.vTaskPlaceOnEventListRestricted
                0x00001ba0       0x4c ./freertos/tasks.o
                0x00001ba0                vTaskPlaceOnEventListRestricted
 .text.xTaskRemoveFromEventList
                0x00001bec       0xb8 ./freertos/tasks.o
                0x00001bec                xTaskRemoveFromEventList
 .text.vTaskSetTimeOutState
                0x00001ca4       0x34 ./freertos/tasks.o
                0x00001ca4                vTaskSetTimeOutState
 .text.xTaskCheckForTimeOut
                0x00001cd8       0x9c ./freertos/tasks.o
                0x00001cd8                xTaskCheckForTimeOut
 .text.vTaskMissedYield
                0x00001d74       0x14 ./freertos/tasks.o
                0x00001d74                vTaskMissedYield
 .text.prvIdleTask
                0x00001d88       0x20 ./freertos/tasks.o
 .text.prvInitialiseTaskLists
                0x00001da8       0x88 ./freertos/tasks.o
 .text.prvCheckTasksWaitingTermination
                0x00001e30       0x78 ./freertos/tasks.o
 .text.prvResetNextTaskUnblockTime
                0x00001ea8       0x48 ./freertos/tasks.o
 .text.xTaskGetSchedulerState
                0x00001ef0       0x38 ./freertos/tasks.o
                0x00001ef0                xTaskGetSchedulerState
 .text.vTaskPriorityInherit
                0x00001f28       0xbc ./freertos/tasks.o
                0x00001f28                vTaskPriorityInherit
 .text.xTaskPriorityDisinherit
                0x00001fe4       0xb8 ./freertos/tasks.o
                0x00001fe4                xTaskPriorityDisinherit
 .text.pvTaskIncrementMutexHeldCount
                0x0000209c       0x24 ./freertos/tasks.o
                0x0000209c                pvTaskIncrementMutexHeldCount
 .text.xTaskGenericNotify
                0x000020c0      0x118 ./freertos/tasks.o
                0x000020c0                xTaskGenericNotify
 .text.xTaskGenericNotifyFromISR
                0x000021d8      0x154 ./freertos/tasks.o
                0x000021d8                xTaskGenericNotifyFromISR
 .text.prvAddCurrentTaskToDelayedList
                0x0000232c       0xa8 ./freertos/tasks.o
 .text.xTimerCreateTimerTask
                0x000023d4       0x54 ./freertos/timers.o
                0x000023d4                xTimerCreateTimerTask
 .text.xTimerGenericCommand
                0x00002428       0x94 ./freertos/timers.o
                0x00002428                xTimerGenericCommand
 .text.prvProcessExpiredTimer
                0x000024bc       0x70 ./freertos/timers.o
 .text.prvProcessTimerOrBlockTask
                0x0000252c       0x8c ./freertos/timers.o
 .text.prvGetNextExpireTime
                0x000025b8       0x40 ./freertos/timers.o
 .text.prvSampleTimeNow
                0x000025f8       0x40 ./freertos/timers.o
 .text.prvInsertTimerInActiveList
                0x00002638       0x84 ./freertos/timers.o
 .text.prvProcessReceivedCommands
                0x000026bc      0x128 ./freertos/timers.o
 .text.prvSwitchTimerLists
                0x000027e4       0xb4 ./freertos/timers.o
 .text.prvCheckForValidListAndQueue
                0x00002898       0x74 ./freertos/timers.o
 .text.CLOCK_SetEr32kClock
                0x0000290c       0x34 ./drivers/fsl_clock.o
 .text.CLOCK_SetPllFllSelClock
                0x00002940       0x38 ./drivers/fsl_clock.o
 .text.CLOCK_GetMcgExtClkFreq
                0x00002978       0x28 ./drivers/fsl_clock.o
 .text.CLOCK_GetFllExtRefClkFreq
                0x000029a0       0xa8 ./drivers/fsl_clock.o
 .text.CLOCK_GetFllRefClkFreq
                0x00002a48       0x2c ./drivers/fsl_clock.o
 .text.CLOCK_GetOscRangeFromFreq
                0x00002a74       0x4c ./drivers/fsl_clock.o
 .text.CLOCK_GetPllFllSelClkFreq
                0x00002ac0       0x4c ./drivers/fsl_clock.o
                0x00002ac0                CLOCK_GetPllFllSelClkFreq
 .text.CLOCK_SetSimConfig
                0x00002b0c       0x38 ./drivers/fsl_clock.o
                0x00002b0c                CLOCK_SetSimConfig
 .text.CLOCK_GetFllFreq
                0x00002b44       0x84 ./drivers/fsl_clock.o
                0x00002b44                CLOCK_GetFllFreq
 .text.CLOCK_GetPll0Freq
                0x00002bc8       0x70 ./drivers/fsl_clock.o
                0x00002bc8                CLOCK_GetPll0Freq
 .text.CLOCK_SetInternalRefClkConfig
                0x00002c38      0x124 ./drivers/fsl_clock.o
                0x00002c38                CLOCK_SetInternalRefClkConfig
 .text.CLOCK_EnablePll0
                0x00002d5c       0x94 ./drivers/fsl_clock.o
                0x00002d5c                CLOCK_EnablePll0
 .text.CLOCK_InitOsc0
                0x00002df0       0x94 ./drivers/fsl_clock.o
                0x00002df0                CLOCK_InitOsc0
 .text.CLOCK_SetPbeMode
                0x00002e84       0xb0 ./drivers/fsl_clock.o
                0x00002e84                CLOCK_SetPbeMode
 .text.CLOCK_BootToPeeMode
                0x00002f34       0x70 ./drivers/fsl_clock.o
                0x00002f34                CLOCK_BootToPeeMode
 .text.CLOCK_EnableClock
                0x00002fa4       0x34 ./drivers/fsl_lpsci.o
 .text.LPSCI_GetInstance
                0x00002fd8       0x48 ./drivers/fsl_lpsci.o
                0x00002fd8                LPSCI_GetInstance
 .text.LPSCI_Init
                0x00003020      0x258 ./drivers/fsl_lpsci.o
                0x00003020                LPSCI_Init
 .text.LPSCI_GetDefaultConfig
                0x00003278       0x44 ./drivers/fsl_lpsci.o
                0x00003278                LPSCI_GetDefaultConfig
 .text.LPSCI_ClearStatusFlags
                0x000032bc       0x94 ./drivers/fsl_lpsci.o
                0x000032bc                LPSCI_ClearStatusFlags
 .text.LPSCI_WriteBlocking
                0x00003350       0x4c ./drivers/fsl_lpsci.o
                0x00003350                LPSCI_WriteBlocking
 .text.LPSCI_ReadBlocking
                0x0000339c       0xc0 ./drivers/fsl_lpsci.o
                0x0000339c                LPSCI_ReadBlocking
 .text.UART0_DriverIRQHandler
                0x0000345c       0x24 ./drivers/fsl_lpsci.o
                0x0000345c                UART0_DriverIRQHandler
 .text.CLOCK_EnableClock
                0x00003480       0x34 ./drivers/fsl_uart.o
 .text.UART_GetInstance
                0x000034b4       0x54 ./drivers/fsl_uart.o
                0x000034b4                UART_GetInstance
 .text.UART_Init
                0x00003508      0x1e0 ./drivers/fsl_uart.o
                0x00003508                UART_Init
 .text.UART_GetDefaultConfig
                0x000036e8       0x44 ./drivers/fsl_uart.o
                0x000036e8                UART_GetDefaultConfig
 .text.UART_ReadBlocking
                0x0000372c       0x98 ./drivers/fsl_uart.o
                0x0000372c                UART_ReadBlocking
 .text.UART1_DriverIRQHandler
                0x000037c4       0x24 ./drivers/fsl_uart.o
                0x000037c4                UART1_DriverIRQHandler
 .text.UART2_DriverIRQHandler
                0x000037e8       0x24 ./drivers/fsl_uart.o
                0x000037e8                UART2_DriverIRQHandler
 .text.CLOCK_SetLpsci0Clock
                0x0000380c       0x38 ./board/board.o
 .text.BOARD_InitDebugConsole
                0x00003844       0x30 ./board/board.o
                0x00003844                BOARD_InitDebugConsole
 .text.CLOCK_SetSimSafeDivs
                0x00003874       0x20 ./board/clock_config.o
 .text.CLOCK_SetXtal0Freq
                0x00003894       0x1c ./board/clock_config.o
 .text.CLOCK_CONFIG_SetFllExtRefDiv
                0x000038b0       0x3c ./board/clock_config.o
 .text.BOARD_BootClockRUN
                0x000038ec       0x64 ./board/clock_config.o
                0x000038ec                BOARD_BootClockRUN
 .text.CLOCK_EnableClock
                0x00003950       0x34 ./board/pin_mux.o
 .text.PORT_SetPinMux
                0x00003984       0x40 ./board/pin_mux.o
 .text.BOARD_InitPins
                0x000039c4       0x4c ./board/pin_mux.o
                0x000039c4                BOARD_InitPins
 .text.SystemInit
                0x00003a10       0x18 ./CMSIS/system_MKL25Z4.o
                0x00003a10                SystemInit
 .text.__assertion_failed
                0x00003a28       0x4c c:/nxp/mcuxpressoide_11.5.1_7266/ide/plugins/com.nxp.mcuxpresso.tools.win32_11.5.1.202201181444/tools/bin/../lib/gcc/arm-none-eabi/10.3.1/../../../../arm-none-eabi/lib/thumb/v6-m/nofp\libcr_semihost_nf.a(_cr_assert.o)
                0x00003a28                __assertion_failed
 .text.__sys_appexit
                0x00003a74        0xc c:/nxp/mcuxpressoide_11.5.1_7266/ide/plugins/com.nxp.mcuxpresso.tools.win32_11.5.1.202201181444/tools/bin/../lib/gcc/arm-none-eabi/10.3.1/../../../../arm-none-eabi/lib/thumb/v6-m/nofp\libcr_semihost_nf.a(__sys_appexit.o)
                0x00003a74                __sys_appexit
                0x00003a74                __exit
 .text._deferredlazyseek
                0x00003a80       0x40 c:/nxp/mcuxpressoide_11.5.1_7266/ide/plugins/com.nxp.mcuxpresso.tools.win32_11.5.1.202201181444/tools/bin/../lib/gcc/arm-none-eabi/10.3.1/../../../../arm-none-eabi/lib/thumb/v6-m/nofp\libcr_c.a(_deferredlazyseek.o)
                0x00003a80                _deferredlazyseek
 .text.__flsbuf
                0x00003ac0      0x150 c:/nxp/mcuxpressoide_11.5.1_7266/ide/plugins/com.nxp.mcuxpresso.tools.win32_11.5.1.202201181444/tools/bin/../lib/gcc/arm-none-eabi/10.3.1/../../../../arm-none-eabi/lib/thumb/v6-m/nofp\libcr_c.a(_deferredlazyseek.o)
                0x00003ac0                __flsbuf
 .text._fflush  0x00003c10       0x60 c:/nxp/mcuxpressoide_11.5.1_7266/ide/plugins/com.nxp.mcuxpresso.tools.win32_11.5.1.202201181444/tools/bin/../lib/gcc/arm-none-eabi/10.3.1/../../../../arm-none-eabi/lib/thumb/v6-m/nofp\libcr_c.a(_fflush.o)
                0x00003c10                _fflush
 .text._Cwritebuf
                0x00003c70       0x68 c:/nxp/mcuxpressoide_11.5.1_7266/ide/plugins/com.nxp.mcuxpresso.tools.win32_11.5.1.202201181444/tools/bin/../lib/gcc/arm-none-eabi/10.3.1/../../../../arm-none-eabi/lib/thumb/v6-m/nofp\libcr_c.a(_writebuf.o)
                0x00003c70                _Cwritebuf
 .text.malloc   0x00003cd8       0xcc c:/nxp/mcuxpressoide_11.5.1_7266/ide/plugins/com.nxp.mcuxpresso.tools.win32_11.5.1.202201181444/tools/bin/../lib/gcc/arm-none-eabi/10.3.1/../../../../arm-none-eabi/lib/thumb/v6-m/nofp\libcr_c.a(alloc.o)
                0x00003cd8                malloc
 .text._Csys_alloc
                0x00003da4       0x20 c:/nxp/mcuxpressoide_11.5.1_7266/ide/plugins/com.nxp.mcuxpresso.tools.win32_11.5.1.202201181444/tools/bin/../lib/gcc/arm-none-eabi/10.3.1/../../../../arm-none-eabi/lib/thumb/v6-m/nofp\libcr_c.a(alloc.o)
                0x00003da4                _Csys_alloc
 .text.fseek    0x00003dc4       0xf0 c:/nxp/mcuxpressoide_11.5.1_7266/ide/plugins/com.nxp.mcuxpresso.tools.win32_11.5.1.202201181444/tools/bin/../lib/gcc/arm-none-eabi/10.3.1/../../../../arm-none-eabi/lib/thumb/v6-m/nofp\libcr_c.a(fseek.o)
                0x00003dc4                fseek
 .text.ftell    0x00003eb4       0x48 c:/nxp/mcuxpressoide_11.5.1_7266/ide/plugins/com.nxp.mcuxpresso.tools.win32_11.5.1.202201181444/tools/bin/../lib/gcc/arm-none-eabi/10.3.1/../../../../arm-none-eabi/lib/thumb/v6-m/nofp\libcr_c.a(ftell.o)
                0x00003eb4                ftell
 .text._initio  0x00003efc       0x7c c:/nxp/mcuxpressoide_11.5.1_7266/ide/plugins/com.nxp.mcuxpresso.tools.win32_11.5.1.202201181444/tools/bin/../lib/gcc/arm-none-eabi/10.3.1/../../../../arm-none-eabi/lib/thumb/v6-m/nofp\libcr_c.a(initio.o)
                0x00003efc                _initio
 .text.__vfprintf
                0x00003f78      0xd40 c:/nxp/mcuxpressoide_11.5.1_7266/ide/plugins/com.nxp.mcuxpresso.tools.win32_11.5.1.202201181444/tools/bin/../lib/gcc/arm-none-eabi/10.3.1/../../../../arm-none-eabi/lib/thumb/v6-m/nofp\libcr_c.a(printf.o)
                0x00003f78                __vfprintf
 .text._vsnprintf
                0x00004cb8       0x70 c:/nxp/mcuxpressoide_11.5.1_7266/ide/plugins/com.nxp.mcuxpresso.tools.win32_11.5.1.202201181444/tools/bin/../lib/gcc/arm-none-eabi/10.3.1/../../../../arm-none-eabi/lib/thumb/v6-m/nofp\libcr_c.a(printf.o)
                0x00004cb8                _vsnprintf
 .text._printf  0x00004d28       0x50 c:/nxp/mcuxpressoide_11.5.1_7266/ide/plugins/com.nxp.mcuxpresso.tools.win32_11.5.1.202201181444/tools/bin/../lib/gcc/arm-none-eabi/10.3.1/../../../../arm-none-eabi/lib/thumb/v6-m/nofp\libcr_c.a(printf.o)
                0x00004d28                _printf
 .text.setvbuf  0x00004d78       0x4c c:/nxp/mcuxpressoide_11.5.1_7266/ide/plugins/com.nxp.mcuxpresso.tools.win32_11.5.1.202201181444/tools/bin/../lib/gcc/arm-none-eabi/10.3.1/../../../../arm-none-eabi/lib/thumb/v6-m/nofp\libcr_c.a(setvbuf.o)
                0x00004d78                setvbuf
 .text.strlen   0x00004dc4       0x58 c:/nxp/mcuxpressoide_11.5.1_7266/ide/plugins/com.nxp.mcuxpresso.tools.win32_11.5.1.202201181444/tools/bin/../lib/gcc/arm-none-eabi/10.3.1/../../../../arm-none-eabi/lib/thumb/v6-m/nofp\libcr_c.a(strlen.o)
                0x00004dc4                strlen
 .text._sbrk    0x00004e1c       0x44 c:/nxp/mcuxpressoide_11.5.1_7266/ide/plugins/com.nxp.mcuxpresso.tools.win32_11.5.1.202201181444/tools/bin/../lib/gcc/arm-none-eabi/10.3.1/../../../../arm-none-eabi/lib/thumb/v6-m/nofp\libcr_c.a(_cr_sbrk.o)
                0x00004e1c                _sbrk
 .text._fdopen  0x00004e60       0x74 c:/nxp/mcuxpressoide_11.5.1_7266/ide/plugins/com.nxp.mcuxpresso.tools.win32_11.5.1.202201181444/tools/bin/../lib/gcc/arm-none-eabi/10.3.1/../../../../arm-none-eabi/lib/thumb/v6-m/nofp\libcr_c.a(_fdopen.o)
                0x00004e60                _fdopen
 .text.fclose   0x00004ed4       0x5c c:/nxp/mcuxpressoide_11.5.1_7266/ide/plugins/com.nxp.mcuxpresso.tools.win32_11.5.1.202201181444/tools/bin/../lib/gcc/arm-none-eabi/10.3.1/../../../../arm-none-eabi/lib/thumb/v6-m/nofp\libcr_c.a(fclose.o)
                0x00004ed4                fclose
 .text.fflush   0x00004f30       0x44 c:/nxp/mcuxpressoide_11.5.1_7266/ide/plugins/com.nxp.mcuxpresso.tools.win32_11.5.1.202201181444/tools/bin/../lib/gcc/arm-none-eabi/10.3.1/../../../../arm-none-eabi/lib/thumb/v6-m/nofp\libcr_c.a(fflush.o)
                0x00004f30                fflush
 .text.__check_heap_overflow
                0x00004f74       0x18 c:/nxp/mcuxpressoide_11.5.1_7266/ide/plugins/com.nxp.mcuxpresso.tools.win32_11.5.1.202201181444/tools/bin/../lib/gcc/arm-none-eabi/10.3.1/../../../../arm-none-eabi/lib/thumb/v6-m/nofp\libcr_c.a(_cr_check_heap.o)
                0x00004f74                __check_heap_overflow
 .text._do_fflush
                0x00004f8c       0x48 c:/nxp/mcuxpressoide_11.5.1_7266/ide/plugins/com.nxp.mcuxpresso.tools.win32_11.5.1.202201181444/tools/bin/../lib/gcc/arm-none-eabi/10.3.1/../../../../arm-none-eabi/lib/thumb/v6-m/nofp\libcr_c.a(_do_fflush.o)
                0x00004f8c                _do_fflush
 .text.UART_EnableTx
                0x00004fd4       0x40 ./utilities/fsl_debug_console.o
 .text.UART_EnableRx
                0x00005014       0x40 ./utilities/fsl_debug_console.o
 .text.LPSCI_EnableTx
                0x00005054       0x40 ./utilities/fsl_debug_console.o
 .text.LPSCI_EnableRx
                0x00005094       0x40 ./utilities/fsl_debug_console.o
 .text.Neo_init
                0x000050d4       0x18 ./source/neopixel_lib.o
                0x000050d4                Neo_init
 .text.Neo_SetColor
                0x000050ec       0x6c ./source/neopixel_lib.o
 .text.Neo_GetColor
                0x00005158       0x6c ./source/neopixel_lib.o
 .text.Neo_SetPixel
                0x000051c4       0x66 ./source/neopixel_lib.o
                0x000051c4                Neo_SetPixel
 .text.Neo_PixelBrightness
                0x0000522a       0x80 ./source/neopixel_lib.o
                0x0000522a                Neo_PixelBrightness
 .text.Neo_GetPixel
                0x000052aa       0x6a ./source/neopixel_lib.o
                0x000052aa                Neo_GetPixel
 .text.vListInitialise
                0x00005314       0x3c ./freertos/list.o
                0x00005314                vListInitialise
 .text.vListInitialiseItem
                0x00005350       0x16 ./freertos/list.o
                0x00005350                vListInitialiseItem
 .text.vListInsertEnd
                0x00005366       0x44 ./freertos/list.o
                0x00005366                vListInsertEnd
 .text.vListInsert
                0x000053aa       0x6c ./freertos/list.o
                0x000053aa                vListInsert
 .text.uxListRemove
                0x00005416       0x50 ./freertos/list.o
                0x00005416                uxListRemove
 .text.SVC_Handler
                0x00005466        0xa ./freertos/port.o
                0x00005466                SVC_Handler
 .text.ulSetInterruptMaskFromISR
                0x00005470        0xc ./freertos/port.o
                0x00005470                ulSetInterruptMaskFromISR
 .text.vClearInterruptMaskFromISR
                0x0000547c        0x8 ./freertos/port.o
                0x0000547c                vClearInterruptMaskFromISR
 .text.xQueueGenericReset
                0x00005484       0xa8 ./freertos/queue.o
                0x00005484                xQueueGenericReset
 .text.xQueueGenericCreate
                0x0000552c       0x64 ./freertos/queue.o
                0x0000552c                xQueueGenericCreate
 .text.prvInitialiseNewQueue
                0x00005590       0x4e ./freertos/queue.o
 .text.prvInitialiseMutex
                0x000055de       0x34 ./freertos/queue.o
 .text.xQueueCreateMutex
                0x00005612       0x38 ./freertos/queue.o
                0x00005612                xQueueCreateMutex
 .text.xQueueGenericSend
                0x0000564a      0x188 ./freertos/queue.o
                0x0000564a                xQueueGenericSend
 .text.xQueueGenericSendFromISR
                0x000057d2       0xe2 ./freertos/queue.o
                0x000057d2                xQueueGenericSendFromISR
 .text.xQueueGenericReceive
                0x000058b4      0x1c8 ./freertos/queue.o
                0x000058b4                xQueueGenericReceive
 .text.prvCopyDataToQueue
                0x00005a7c       0xd6 ./freertos/queue.o
 .text.prvCopyDataFromQueue
                0x00005b52       0x4c ./freertos/queue.o
 .text.prvUnlockQueue
                0x00005b9e       0xbc ./freertos/queue.o
 .text.prvIsQueueEmpty
                0x00005c5a       0x2c ./freertos/queue.o
 .text.prvIsQueueFull
                0x00005c86       0x30 ./freertos/queue.o
 .text.vQueueWaitForMessageRestricted
                0x00005cb6       0x66 ./freertos/queue.o
                0x00005cb6                vQueueWaitForMessageRestricted
 .text.xTaskCreate
                0x00005d1c       0x90 ./freertos/tasks.o
                0x00005d1c                xTaskCreate
 .text.prvDeleteTCB
                0x00005dac       0x22 ./freertos/tasks.o
 .text.prvTimerTask
                0x00005dce       0x28 ./freertos/timers.o
 .text.OSC_SetExtRefClkConfig
                0x00005df6       0x3e ./drivers/fsl_clock.o
 .text.OSC_SetCapLoad
                0x00005e34       0x42 ./drivers/fsl_clock.o
 .text.CLOCK_GetPll0RefFreq
                0x00005e76       0x10 ./drivers/fsl_clock.o
 .text.CLOCK_SetExternalRefClkConfig
                0x00005e86       0x16 ./drivers/fsl_clock.o
                0x00005e86                CLOCK_SetExternalRefClkConfig
 .text.LPSCI_GetStatusFlags
                0x00005e9c       0x26 ./drivers/fsl_lpsci.o
                0x00005e9c                LPSCI_GetStatusFlags
 .text.UART_GetStatusFlags
                0x00005ec2       0x26 ./drivers/fsl_uart.o
                0x00005ec2                UART_GetStatusFlags
 .text.UART_WriteBlocking
                0x00005ee8       0x3c ./drivers/fsl_uart.o
                0x00005ee8                UART_WriteBlocking
 .text.BOARD_InitBootClocks
                0x00005f24        0xe ./board/clock_config.o
                0x00005f24                BOARD_InitBootClocks
 .text.BOARD_InitBootPeripherals
                0x00005f32        0xa ./board/peripherals.o
                0x00005f32                BOARD_InitBootPeripherals
 .text.BOARD_InitBootPins
                0x00005f3c        0xe ./board/pin_mux.o
                0x00005f3c                BOARD_InitBootPins
 .text.__main   0x00005f4a        0xc c:/nxp/mcuxpressoide_11.5.1_7266/ide/plugins/com.nxp.mcuxpresso.tools.win32_11.5.1.202201181444/tools/bin/../lib/gcc/arm-none-eabi/10.3.1/../../../../arm-none-eabi/lib/thumb/v6-m/nofp\libcr_semihost_nf.a(_cr__main.o)
                0x00005f4a                __CR_SEMIHOST
                0x00005f4a                __main
 .text.memcpy   0x00005f56        0x8 c:/nxp/mcuxpressoide_11.5.1_7266/ide/plugins/com.nxp.mcuxpresso.tools.win32_11.5.1.202201181444/tools/bin/../lib/gcc/arm-none-eabi/10.3.1/../../../../arm-none-eabi/lib/thumb/v6-m/nofp\libcr_c.a(memcpy.o)
                0x00005f56                memcpy
 .text.memset   0x00005f5e        0x8 c:/nxp/mcuxpressoide_11.5.1_7266/ide/plugins/com.nxp.mcuxpresso.tools.win32_11.5.1.202201181444/tools/bin/../lib/gcc/arm-none-eabi/10.3.1/../../../../arm-none-eabi/lib/thumb/v6-m/nofp\libcr_c.a(memset.o)
                0x00005f5e                memset
 .text.free     0x00005f66       0x2c c:/nxp/mcuxpressoide_11.5.1_7266/ide/plugins/com.nxp.mcuxpresso.tools.win32_11.5.1.202201181444/tools/bin/../lib/gcc/arm-none-eabi/10.3.1/../../../../arm-none-eabi/lib/thumb/v6-m/nofp\libcr_c.a(alloc.o)
                0x00005f66                free
 .text.fputs    0x00005f92       0x2e c:/nxp/mcuxpressoide_11.5.1_7266/ide/plugins/com.nxp.mcuxpresso.tools.win32_11.5.1.202201181444/tools/bin/../lib/gcc/arm-none-eabi/10.3.1/../../../../arm-none-eabi/lib/thumb/v6-m/nofp\libcr_c.a(fputs.o)
                0x00005f92                fputs
 .text.no_fp_display
                0x00005fc0        0x4 c:/nxp/mcuxpressoide_11.5.1_7266/ide/plugins/com.nxp.mcuxpresso.tools.win32_11.5.1.202201181444/tools/bin/../lib/gcc/arm-none-eabi/10.3.1/../../../../arm-none-eabi/lib/thumb/v6-m/nofp\libcr_c.a(printf.o)
 .text.remove   0x00005fc4       0x12 c:/nxp/mcuxpressoide_11.5.1_7266/ide/plugins/com.nxp.mcuxpresso.tools.win32_11.5.1.202201181444/tools/bin/../lib/gcc/arm-none-eabi/10.3.1/../../../../arm-none-eabi/lib/thumb/v6-m/nofp\libcr_c.a(remove.o)
                0x00005fc4                remove
 .text.__aeabi_division_idivmod
                0x00005fd6       0x78 c:/nxp/mcuxpressoide_11.5.1_7266/ide/plugins/com.nxp.mcuxpresso.tools.win32_11.5.1.202201181444/tools/bin/../lib/gcc/arm-none-eabi/10.3.1/thumb/v6-m/nofp\libcr_eabihelpers.a(division_32.o)
                0x00005fd6                __aeabi_idivmod
                0x00005fd6                __aeabi_idiv
                0x00005fdc                __aeabi_uidivmod
                0x00005fdc                __aeabi_uidiv
 .text.__aeabi_division_idiv0
                0x0000604e        0x2 c:/nxp/mcuxpressoide_11.5.1_7266/ide/plugins/com.nxp.mcuxpresso.tools.win32_11.5.1.202201181444/tools/bin/../lib/gcc/arm-none-eabi/10.3.1/thumb/v6-m/nofp\libcr_eabihelpers.a(division_idiv0.o)
                0x0000604e                __aeabi_idiv0
 .text.__aeabi_llong_lmul
                0x00006050       0x2e c:/nxp/mcuxpressoide_11.5.1_7266/ide/plugins/com.nxp.mcuxpresso.tools.win32_11.5.1.202201181444/tools/bin/../lib/gcc/arm-none-eabi/10.3.1/thumb/v6-m/nofp\libcr_eabihelpers.a(llong.o)
                0x00006050                __aeabi_lmul
 .text.__aeabi_memcpy
                0x0000607e       0x2c c:/nxp/mcuxpressoide_11.5.1_7266/ide/plugins/com.nxp.mcuxpresso.tools.win32_11.5.1.202201181444/tools/bin/../lib/gcc/arm-none-eabi/10.3.1/thumb/v6-m/nofp\libcr_eabihelpers.a(memcpy.o)
                0x0000607e                __aeabi_memcpy4
                0x0000607e                __aeabi_memcpy8
                0x0000607e                __aeabi_memcpy
 .text.__aeabi_memset_lowlevel
                0x000060aa       0x2a c:/nxp/mcuxpressoide_11.5.1_7266/ide/plugins/com.nxp.mcuxpresso.tools.win32_11.5.1.202201181444/tools/bin/../lib/gcc/arm-none-eabi/10.3.1/thumb/v6-m/nofp\libcr_eabihelpers.a(memcpy.o)
                0x000060aa                __aeabi_lowlevel_memset
 .text.__gnu_thumb1_case_shi
                0x000060d4       0x10 c:/nxp/mcuxpressoide_11.5.1_7266/ide/plugins/com.nxp.mcuxpresso.tools.win32_11.5.1.202201181444/tools/bin/../lib/gcc/arm-none-eabi/10.3.1/thumb/v6-m/nofp\libcr_eabihelpers.a(thumb1_switch_helpers.o)
                0x000060d4                __gnu_thumb1_case_shi
 .text.__sys_close
                0x000060e4        0xc c:/nxp/mcuxpressoide_11.5.1_7266/ide/plugins/com.nxp.mcuxpresso.tools.win32_11.5.1.202201181444/tools/bin/../lib/gcc/arm-none-eabi/10.3.1/../../../../arm-none-eabi/lib/thumb/v6-m/nofp\libcr_semihost_nf.a(__sys_close.o)
                0x000060e4                __sys_close
 .text.__sys_flen
                0x000060f0        0xc c:/nxp/mcuxpressoide_11.5.1_7266/ide/plugins/com.nxp.mcuxpresso.tools.win32_11.5.1.202201181444/tools/bin/../lib/gcc/arm-none-eabi/10.3.1/../../../../arm-none-eabi/lib/thumb/v6-m/nofp\libcr_semihost_nf.a(__sys_flen.o)
                0x000060f0                __sys_flen
 .text.__sys_istty
                0x000060fc        0xc c:/nxp/mcuxpressoide_11.5.1_7266/ide/plugins/com.nxp.mcuxpresso.tools.win32_11.5.1.202201181444/tools/bin/../lib/gcc/arm-none-eabi/10.3.1/../../../../arm-none-eabi/lib/thumb/v6-m/nofp\libcr_semihost_nf.a(__sys_istty.o)
                0x000060fc                __sys_istty
 .text.__sys_remove
                0x00006108        0xc c:/nxp/mcuxpressoide_11.5.1_7266/ide/plugins/com.nxp.mcuxpresso.tools.win32_11.5.1.202201181444/tools/bin/../lib/gcc/arm-none-eabi/10.3.1/../../../../arm-none-eabi/lib/thumb/v6-m/nofp\libcr_semihost_nf.a(__sys_remove.o)
                0x00006108                __sys_remove
 .text.__sys_seek
                0x00006114        0xc c:/nxp/mcuxpressoide_11.5.1_7266/ide/plugins/com.nxp.mcuxpresso.tools.win32_11.5.1.202201181444/tools/bin/../lib/gcc/arm-none-eabi/10.3.1/../../../../arm-none-eabi/lib/thumb/v6-m/nofp\libcr_semihost_nf.a(__sys_seek.o)
                0x00006114                __sys_seek
 .text.__sys_tmpnam
                0x00006120        0xc c:/nxp/mcuxpressoide_11.5.1_7266/ide/plugins/com.nxp.mcuxpresso.tools.win32_11.5.1.202201181444/tools/bin/../lib/gcc/arm-none-eabi/10.3.1/../../../../arm-none-eabi/lib/thumb/v6-m/nofp\libcr_semihost_nf.a(__sys_tmpnam.o)
                0x00006120                __sys_tmpnam
 .text.__sys_write
                0x0000612c        0xc c:/nxp/mcuxpressoide_11.5.1_7266/ide/plugins/com.nxp.mcuxpresso.tools.win32_11.5.1.202201181444/tools/bin/../lib/gcc/arm-none-eabi/10.3.1/../../../../arm-none-eabi/lib/thumb/v6-m/nofp\libcr_semihost_nf.a(__sys_write.o)
                0x0000612c                __sys_write
 *freertos*/tasks.o(SORT_BY_ALIGNMENT(.rodata*))
 .rodata.vTaskStartScheduler.str1.4
                0x00006138        0x5 ./freertos/tasks.o
 *fill*         0x0000613d        0x3 ff
 .rodata.xTaskGenericNotify
                0x00006140       0x14 ./freertos/tasks.o
 .rodata.xTaskGenericNotifyFromISR
                0x00006154       0x14 ./freertos/tasks.o
 .rodata        0x00006168       0x10 ./freertos/tasks.o
                0x00006168                FreeRTOSDebugConfig
 *(SORT_BY_ALIGNMENT(.rodata) SORT_BY_ALIGNMENT(.rodata.*) SORT_BY_ALIGNMENT(.constdata) SORT_BY_ALIGNMENT(.constdata.*))
 .rodata.DMA0_IRQHandler.str1.4
                0x00006178        0xf ./source/led_out.o
 *fill*         0x00006187        0x1 ff
 .rodata.main.str1.4
                0x00006188       0x29 ./source/main.o
 *fill*         0x000061b1        0x3 ff
 .rodata.ADC_task.str1.4
                0x000061b4       0x1a ./source/main.o
 *fill*         0x000061ce        0x2 ff
 .rodata        0x000061d0        0x3 ./source/neopixel_lib.o
 *fill*         0x000061d3        0x1 ff
 .rodata.xTimerCreateTimerTask.str1.4
                0x000061d4        0x8 ./freertos/timers.o
 .rodata.prvProcessReceivedCommands
                0x000061dc       0x28 ./freertos/timers.o
 .rodata.prvCheckForValidListAndQueue.str1.4
                0x00006204        0x5 ./freertos/timers.o
 *fill*         0x00006209        0x3 ff
 .rodata.CLOCK_GetMcgExtClkFreq.str1.4
                0x0000620c       0x1e ./drivers/fsl_clock.o
 *fill*         0x0000622a        0x2 ff
 .rodata.CLOCK_GetPll0Freq.str1.4
                0x0000622c       0x1d ./drivers/fsl_clock.o
 *fill*         0x00006249        0x3 ff
 .rodata.CLOCK_EnablePll0.str1.4
                0x0000624c       0x19 ./drivers/fsl_clock.o
 *fill*         0x00006265        0x3 ff
 .rodata.CLOCK_SetPbeMode.str1.4
                0x00006268       0x1a ./drivers/fsl_clock.o
 *fill*         0x00006282        0x2 ff
 .rodata.CLOCK_BootToPeeMode.str1.4
                0x00006284       0x1a ./drivers/fsl_clock.o
 *fill*         0x0000629e        0x2 ff
 .rodata.fllFactorTable.1
                0x000062a0       0x10 ./drivers/fsl_clock.o
 .rodata.LPSCI_GetInstance.str1.4
                0x000062b0       0x36 ./drivers/fsl_lpsci.o
 *fill*         0x000062e6        0x2 ff
 .rodata.LPSCI_Init.str1.4
                0x000062e8       0x43 ./drivers/fsl_lpsci.o
 *fill*         0x0000632b        0x1 ff
 .rodata.LPSCI_GetDefaultConfig.str1.4
                0x0000632c       0x19 ./drivers/fsl_lpsci.o
 *fill*         0x00006345        0x3 ff
 .rodata.LPSCI_WriteBlocking.str1.4
                0x00006348       0x17 ./drivers/fsl_lpsci.o
 *fill*         0x0000635f        0x1 ff
 .rodata.LPSCI_ReadBlocking.str1.4
                0x00006360       0x17 ./drivers/fsl_lpsci.o
 *fill*         0x00006377        0x1 ff
 .rodata.s_uartBases
                0x00006378        0xc ./drivers/fsl_uart.o
 .rodata.s_uartClock
                0x00006384        0xc ./drivers/fsl_uart.o
 .rodata.UART_GetInstance.str1.4
                0x00006390       0x2b ./drivers/fsl_uart.o
 *fill*         0x000063bb        0x1 ff
 .rodata.UART_Init.str1.4
                0x000063bc       0x3e ./drivers/fsl_uart.o
 *fill*         0x000063fa        0x2 ff
 .rodata.UART_GetDefaultConfig.str1.4
                0x000063fc       0x18 ./drivers/fsl_uart.o
 .rodata.UART_ReadBlocking.str1.4
                0x00006414       0x16 ./drivers/fsl_uart.o
 *fill*         0x0000642a        0x2 ff
 .rodata.mcgConfig_BOARD_BootClockRUN
                0x0000642c        0xa ./board/clock_config.o
                0x0000642c                mcgConfig_BOARD_BootClockRUN
 *fill*         0x00006436        0x2 ff
 .rodata.simConfig_BOARD_BootClockRUN
                0x00006438        0x8 ./board/clock_config.o
                0x00006438                simConfig_BOARD_BootClockRUN
 .rodata.oscConfig_BOARD_BootClockRUN
                0x00006440        0x8 ./board/clock_config.o
                0x00006440                oscConfig_BOARD_BootClockRUN
 .rodata.__num_Ciob_streams
                0x00006448        0x4 c:/nxp/mcuxpressoide_11.5.1_7266/ide/plugins/com.nxp.mcuxpresso.tools.win32_11.5.1.202201181444/tools/bin/../lib/gcc/arm-none-eabi/10.3.1/../../../../arm-none-eabi/lib/thumb/v6-m/nofp\libcr_semihost_nf.a(__ciob.o)
                0x00006448                __num_Ciob_streams
 .rodata.__assertion_failed.str1.1
                0x0000644c       0x15 c:/nxp/mcuxpressoide_11.5.1_7266/ide/plugins/com.nxp.mcuxpresso.tools.win32_11.5.1.202201181444/tools/bin/../lib/gcc/arm-none-eabi/10.3.1/../../../../arm-none-eabi/lib/thumb/v6-m/nofp\libcr_semihost_nf.a(_cr_assert.o)
 .rodata._Csys_alloc.str1.1
                0x00006461       0x18 c:/nxp/mcuxpressoide_11.5.1_7266/ide/plugins/com.nxp.mcuxpresso.tools.win32_11.5.1.202201181444/tools/bin/../lib/gcc/arm-none-eabi/10.3.1/../../../../arm-none-eabi/lib/thumb/v6-m/nofp\libcr_c.a(alloc.o)
 .rodata._initio.str1.1
                0x00006479        0x4 c:/nxp/mcuxpressoide_11.5.1_7266/ide/plugins/com.nxp.mcuxpresso.tools.win32_11.5.1.202201181444/tools/bin/../lib/gcc/arm-none-eabi/10.3.1/../../../../arm-none-eabi/lib/thumb/v6-m/nofp\libcr_c.a(initio.o)
 .rodata.__vfprintf.str1.1
                0x0000647d       0x35 c:/nxp/mcuxpressoide_11.5.1_7266/ide/plugins/com.nxp.mcuxpresso.tools.win32_11.5.1.202201181444/tools/bin/../lib/gcc/arm-none-eabi/10.3.1/../../../../arm-none-eabi/lib/thumb/v6-m/nofp\libcr_c.a(printf.o)
                                 0x38 (size before relaxing)
                0x000064b4                . = ALIGN (0x4)
 *fill*         0x000064b2        0x2 ff
                0x000064b4                _etext = .

.glue_7         0x000064b4        0x0
 .glue_7        0x000064b4        0x0 linker stubs

.glue_7t        0x000064b4        0x0
 .glue_7t       0x000064b4        0x0 linker stubs

.vfp11_veneer   0x000064b4        0x0
 .vfp11_veneer  0x000064b4        0x0 linker stubs

.v4_bx          0x000064b4        0x0
 .v4_bx         0x000064b4        0x0 linker stubs

.iplt           0x000064b4        0x0
 .iplt          0x000064b4        0x0 ./utilities/fsl_debug_console.o

.rel.dyn        0x000064b4        0x0
 .rel.iplt      0x000064b4        0x0 ./utilities/fsl_debug_console.o

.m_usb_data
 *(SORT_BY_ALIGNMENT(m_usb_bdt))

.mtb_buffer_default
                0x1ffff000       0x80
 *(SORT_BY_ALIGNMENT(.mtb*))
 .mtb.$RAM1     0x1ffff000       0x80 ./source/mtb.o
                0x1ffff000                __mtb_buffer__

.uninit_RESERVED
                0x1ffff080        0x0
                0x1ffff080                _start_uninit_RESERVED = .
 *(SORT_BY_ALIGNMENT(.bss.$RESERVED*))
                0x1ffff080                . = ALIGN (0x4)
                0x1ffff080                _end_uninit_RESERVED = .

.data           0x1ffff080       0x14 load address 0x000064b4
 FILL mask 0xff
                0x1ffff080                _data = .
                [!provide]                PROVIDE (__start_data_RAM = .)
                [!provide]                PROVIDE (__start_data_SRAM = .)
 *(SORT_BY_ALIGNMENT(vtable))
 *(SORT_BY_ALIGNMENT(.ramfunc*))
 *(SORT_BY_ALIGNMENT(CodeQuickAccess))
 *(SORT_BY_ALIGNMENT(DataQuickAccess))
 *(SORT_BY_ALIGNMENT(RamFunction))
 *(SORT_BY_ALIGNMENT(.data*))
 .data.colors_initial
                0x1ffff080        0x3 ./source/led_out.o
                0x1ffff080                colors_initial
 *fill*         0x1ffff083        0x1 ff
 .data.colors   0x1ffff084        0x3 ./source/main.o
                0x1ffff084                colors
 *fill*         0x1ffff087        0x1 ff
 .data.uxCriticalNesting
                0x1ffff088        0x4 ./freertos/port.o
 .data.s_slowIrcFreq
                0x1ffff08c        0x4 ./drivers/fsl_clock.o
 .data.SystemCoreClock
                0x1ffff090        0x4 ./CMSIS/system_MKL25Z4.o
                0x1ffff090                SystemCoreClock
                0x1ffff094                . = ALIGN (0x4)
                0x1ffff094                _edata = .
                [!provide]                PROVIDE (__end_data_RAM = .)
                [!provide]                PROVIDE (__end_data_SRAM = .)

.igot.plt       0x1ffff094        0x0 load address 0x000064c8
 .igot.plt      0x1ffff094        0x0 ./utilities/fsl_debug_console.o

.bss            0x1ffff094     0x305c
                0x1ffff094                _bss = .
                [!provide]                PROVIDE (__start_bss_RAM = .)
                [!provide]                PROVIDE (__start_bss_SRAM = .)
 *(SORT_BY_ALIGNMENT(.bss*))
 .bss.s_debugConsole
                0x1ffff094       0x10 ./utilities/fsl_debug_console.o
 .bss.LED_buffer
                0x1ffff0a4      0x5ba ./source/led_out.o
                0x1ffff0a4                LED_buffer
 *fill*         0x1ffff65e        0x2 
 .bss.ADC_handle
                0x1ffff660        0x4 ./source/main.o
                0x1ffff660                ADC_handle
 .bss.neopixel_handle
                0x1ffff664        0x4 ./source/main.o
                0x1ffff664                neopixel_handle
 .bss.process_handle
                0x1ffff668        0x4 ./source/main.o
                0x1ffff668                process_handle
 .bss.xQueue_sample
                0x1ffff66c        0x4 ./source/main.o
                0x1ffff66c                xQueue_sample
 .bss.xMutex    0x1ffff670        0x4 ./source/main.o
                0x1ffff670                xMutex
 .bss.clear_pixel
                0x1ffff674        0x3 ./source/neopixel_lib.o
                0x1ffff674                clear_pixel
 *fill*         0x1ffff677        0x1 
 .bss.ucHeap    0x1ffff678     0x2800 ./freertos/heap_4.o
 .bss.xStart    0x20001e78        0x8 ./freertos/heap_4.o
 .bss.pxEnd     0x20001e80        0x4 ./freertos/heap_4.o
 .bss.xFreeBytesRemaining
                0x20001e84        0x4 ./freertos/heap_4.o
 .bss.xMinimumEverFreeBytesRemaining
                0x20001e88        0x4 ./freertos/heap_4.o
 .bss.xBlockAllocatedBit
                0x20001e8c        0x4 ./freertos/heap_4.o
 .bss.xQueueRegistry
                0x20001e90       0x40 ./freertos/queue.o
                0x20001e90                xQueueRegistry
 .bss.pxCurrentTCB
                0x20001ed0        0x4 ./freertos/tasks.o
                0x20001ed0                pxCurrentTCB
 .bss.pxReadyTasksLists
                0x20001ed4       0x64 ./freertos/tasks.o
 .bss.xDelayedTaskList1
                0x20001f38       0x14 ./freertos/tasks.o
 .bss.xDelayedTaskList2
                0x20001f4c       0x14 ./freertos/tasks.o
 .bss.pxDelayedTaskList
                0x20001f60        0x4 ./freertos/tasks.o
 .bss.pxOverflowDelayedTaskList
                0x20001f64        0x4 ./freertos/tasks.o
 .bss.xPendingReadyList
                0x20001f68       0x14 ./freertos/tasks.o
 .bss.xTasksWaitingTermination
                0x20001f7c       0x14 ./freertos/tasks.o
 .bss.uxDeletedTasksWaitingCleanUp
                0x20001f90        0x4 ./freertos/tasks.o
 .bss.xSuspendedTaskList
                0x20001f94       0x14 ./freertos/tasks.o
 .bss.uxCurrentNumberOfTasks
                0x20001fa8        0x4 ./freertos/tasks.o
 .bss.xTickCount
                0x20001fac        0x4 ./freertos/tasks.o
 .bss.uxTopReadyPriority
                0x20001fb0        0x4 ./freertos/tasks.o
 .bss.xSchedulerRunning
                0x20001fb4        0x4 ./freertos/tasks.o
 .bss.uxPendedTicks
                0x20001fb8        0x4 ./freertos/tasks.o
 .bss.xYieldPending
                0x20001fbc        0x4 ./freertos/tasks.o
 .bss.xNumOfOverflows
                0x20001fc0        0x4 ./freertos/tasks.o
 .bss.uxTaskNumber
                0x20001fc4        0x4 ./freertos/tasks.o
 .bss.xNextTaskUnblockTime
                0x20001fc8        0x4 ./freertos/tasks.o
 .bss.xIdleTaskHandle
                0x20001fcc        0x4 ./freertos/tasks.o
 .bss.uxSchedulerSuspended
                0x20001fd0        0x4 ./freertos/tasks.o
 .bss.xActiveTimerList1
                0x20001fd4       0x14 ./freertos/timers.o
 .bss.xActiveTimerList2
                0x20001fe8       0x14 ./freertos/timers.o
 .bss.pxCurrentTimerList
                0x20001ffc        0x4 ./freertos/timers.o
 .bss.pxOverflowTimerList
                0x20002000        0x4 ./freertos/timers.o
 .bss.xTimerQueue
                0x20002004        0x4 ./freertos/timers.o
 .bss.xTimerTaskHandle
                0x20002008        0x4 ./freertos/timers.o
 .bss.xLastTime.0
                0x2000200c        0x4 ./freertos/timers.o
 .bss.g_xtal0Freq
                0x20002010        0x4 ./drivers/fsl_clock.o
                0x20002010                g_xtal0Freq
 .bss.s_lpsciHandle
                0x20002014        0x4 ./drivers/fsl_lpsci.o
 .bss.s_lpsciIsr
                0x20002018        0x4 ./drivers/fsl_lpsci.o
 .bss.s_uartHandle
                0x2000201c        0xc ./drivers/fsl_uart.o
 .bss.s_uartIsr
                0x20002028        0x4 ./drivers/fsl_uart.o
 .bss.__Ciob    0x2000202c       0xb4 c:/nxp/mcuxpressoide_11.5.1_7266/ide/plugins/com.nxp.mcuxpresso.tools.win32_11.5.1.202201181444/tools/bin/../lib/gcc/arm-none-eabi/10.3.1/../../../../arm-none-eabi/lib/thumb/v6-m/nofp\libcr_semihost_nf.a(__ciob.o)
                0x2000202c                __Ciob
 .bss.__end_of_heap
                0x200020e0        0x4 c:/nxp/mcuxpressoide_11.5.1_7266/ide/plugins/com.nxp.mcuxpresso.tools.win32_11.5.1.202201181444/tools/bin/../lib/gcc/arm-none-eabi/10.3.1/../../../../arm-none-eabi/lib/thumb/v6-m/nofp\libcr_c.a(__init_alloc.o)
                0x200020e0                __end_of_heap
 .bss.__heaps   0x200020e4        0x4 c:/nxp/mcuxpressoide_11.5.1_7266/ide/plugins/com.nxp.mcuxpresso.tools.win32_11.5.1.202201181444/tools/bin/../lib/gcc/arm-none-eabi/10.3.1/../../../../arm-none-eabi/lib/thumb/v6-m/nofp\libcr_c.a(__init_alloc.o)
                0x200020e4                __heaps
 .bss.errno     0x200020e8        0x4 c:/nxp/mcuxpressoide_11.5.1_7266/ide/plugins/com.nxp.mcuxpresso.tools.win32_11.5.1.202201181444/tools/bin/../lib/gcc/arm-none-eabi/10.3.1/../../../../arm-none-eabi/lib/thumb/v6-m/nofp\libcr_c.a(errno.o)
                0x200020e8                errno
 .bss.transfer_done
                0x200020ec        0x1 ./source/led_out.o
                0x200020ec                transfer_done
 *(SORT_BY_ALIGNMENT(COMMON))
                0x200020f0                . = ALIGN (0x4)
 *fill*         0x200020ed        0x3 
                0x200020f0                _ebss = .
                [!provide]                PROVIDE (__end_bss_RAM = .)
                [!provide]                PROVIDE (__end_bss_SRAM = .)
                [!provide]                PROVIDE (end = .)

.noinit         0x200020f0        0x0
                0x200020f0                _noinit = .
                [!provide]                PROVIDE (__start_noinit_RAM = .)
                [!provide]                PROVIDE (__start_noinit_SRAM = .)
 *(SORT_BY_ALIGNMENT(.noinit*))
                0x200020f0                . = ALIGN (0x4)
                0x200020f0                _end_noinit = .
                [!provide]                PROVIDE (__end_noinit_RAM = .)
                [!provide]                PROVIDE (__end_noinit_SRAM = .)

.ARM.extab
 *(SORT_BY_ALIGNMENT(.ARM.extab*) SORT_BY_ALIGNMENT(.gnu.linkonce.armextab.*))

.ARM.exidx      0x000064c8        0x0
                0x000064c8                __exidx_start = .
 *(SORT_BY_ALIGNMENT(.ARM.exidx*) SORT_BY_ALIGNMENT(.gnu.linkonce.armexidx.*))
                0x000064c8                __exidx_end = .
                0x00000400                _HeapSize = 0x400

.heap           0x200020f0      0x400
                0x200020f0                _pvHeapStart = .
                0x200024f0                . = (. + _HeapSize)
 *fill*         0x200020f0      0x400 
                0x200024f0                . = ALIGN (0x4)
                0x200024f0                _pvHeapLimit = .
                0x00000400                _StackSize = 0x400

.heap2stackfill
                0x200024f0      0x400
                0x200028f0                . = (. + _StackSize)
 *fill*         0x200024f0      0x400 

.stack          0x20002c00        0x0
                0x20002c00                _vStackBase = .
                0x20002c00                . = ALIGN (0x4)
                0x20003000                _vStackTop = (. + _StackSize)
                0x00000000                _image_start = LOADADDR (.text)
                0x000064c8                _image_end = (LOADADDR (.data) + SIZEOF (.data))
                0x000064c8                _image_size = (_image_end - _image_start)
OUTPUT(Music_Reactive_LEDs.axf elf32-littlearm)
LOAD linker stubs

.debug_info     0x00000000     0xbd01
 .debug_info    0x00000000      0x84b ./utilities/fsl_debug_console.o
 .debug_info    0x0000084b      0x4e7 ./startup/startup_mkl25z4.o
 .debug_info    0x00000d32      0x5ef ./source/analog_in.o
 .debug_info    0x00001321      0xb50 ./source/led_out.o
 .debug_info    0x00001e71      0x355 ./source/main.o
 .debug_info    0x000021c6       0x4f ./source/mtb.o
 .debug_info    0x00002215      0x583 ./source/neopixel_lib.o
 .debug_info    0x00002798       0x38 ./source/semihost_hardfault.o
 .debug_info    0x000027d0       0xb0 ./freertos/fsl_tickless_lptmr.o
 .debug_info    0x00002880      0x2f8 ./freertos/heap_4.o
 .debug_info    0x00002b78      0x2af ./freertos/list.o
 .debug_info    0x00002e27      0x232 ./freertos/port.o
 .debug_info    0x00003059      0xebf ./freertos/queue.o
 .debug_info    0x00003f18     0x18c3 ./freertos/tasks.o
 .debug_info    0x000057db      0xb56 ./freertos/timers.o
 .debug_info    0x00006331     0x1a56 ./drivers/fsl_clock.o
 .debug_info    0x00007d87     0x1409 ./drivers/fsl_lpsci.o
 .debug_info    0x00009190     0x13aa ./drivers/fsl_uart.o
 .debug_info    0x0000a53a      0x397 ./board/board.o
 .debug_info    0x0000a8d1      0xab8 ./board/clock_config.o
 .debug_info    0x0000b389       0x38 ./board/peripherals.o
 .debug_info    0x0000b3c1      0x543 ./board/pin_mux.o
 .debug_info    0x0000b904      0x3fd ./CMSIS/system_MKL25Z4.o

.debug_abbrev   0x00000000     0x229f
 .debug_abbrev  0x00000000      0x1d4 ./utilities/fsl_debug_console.o
 .debug_abbrev  0x000001d4      0x195 ./startup/startup_mkl25z4.o
 .debug_abbrev  0x00000369      0x107 ./source/analog_in.o
 .debug_abbrev  0x00000470      0x1fd ./source/led_out.o
 .debug_abbrev  0x0000066d       0xdb ./source/main.o
 .debug_abbrev  0x00000748       0x43 ./source/mtb.o
 .debug_abbrev  0x0000078b      0x12b ./source/neopixel_lib.o
 .debug_abbrev  0x000008b6       0x2e ./source/semihost_hardfault.o
 .debug_abbrev  0x000008e4       0x66 ./freertos/fsl_tickless_lptmr.o
 .debug_abbrev  0x0000094a      0x172 ./freertos/heap_4.o
 .debug_abbrev  0x00000abc       0xe8 ./freertos/list.o
 .debug_abbrev  0x00000ba4      0x175 ./freertos/port.o
 .debug_abbrev  0x00000d19      0x1df ./freertos/queue.o
 .debug_abbrev  0x00000ef8      0x2b5 ./freertos/tasks.o
 .debug_abbrev  0x000011ad      0x1e7 ./freertos/timers.o
 .debug_abbrev  0x00001394      0x354 ./drivers/fsl_clock.o
 .debug_abbrev  0x000016e8      0x2d4 ./drivers/fsl_lpsci.o
 .debug_abbrev  0x000019bc      0x2ee ./drivers/fsl_uart.o
 .debug_abbrev  0x00001caa      0x118 ./board/board.o
 .debug_abbrev  0x00001dc2      0x1fe ./board/clock_config.o
 .debug_abbrev  0x00001fc0       0x2e ./board/peripherals.o
 .debug_abbrev  0x00001fee      0x186 ./board/pin_mux.o
 .debug_abbrev  0x00002174      0x12b ./CMSIS/system_MKL25Z4.o

.debug_aranges  0x00000000      0xd38
 .debug_aranges
                0x00000000       0x48 ./utilities/fsl_debug_console.o
 .debug_aranges
                0x00000048      0x160 ./startup/startup_mkl25z4.o
 .debug_aranges
                0x000001a8       0x30 ./source/analog_in.o
 .debug_aranges
                0x000001d8       0x78 ./source/led_out.o
 .debug_aranges
                0x00000250       0x38 ./source/main.o
 .debug_aranges
                0x00000288       0x18 ./source/mtb.o
 .debug_aranges
                0x000002a0       0x60 ./source/neopixel_lib.o
 .debug_aranges
                0x00000300       0x20 ./source/semihost_hardfault.o
 .debug_aranges
                0x00000320       0x20 ./freertos/fsl_tickless_lptmr.o
 .debug_aranges
                0x00000340       0x50 ./freertos/heap_4.o
 .debug_aranges
                0x00000390       0x40 ./freertos/list.o
 .debug_aranges
                0x000003d0       0x80 ./freertos/port.o
 .debug_aranges
                0x00000450      0x118 ./freertos/queue.o
 .debug_aranges
                0x00000568      0x1e8 ./freertos/tasks.o
 .debug_aranges
                0x00000750       0xc8 ./freertos/timers.o
 .debug_aranges
                0x00000818      0x1d8 ./drivers/fsl_clock.o
 .debug_aranges
                0x000009f0      0x118 ./drivers/fsl_lpsci.o
 .debug_aranges
                0x00000b08      0x130 ./drivers/fsl_uart.o
 .debug_aranges
                0x00000c38       0x28 ./board/board.o
 .debug_aranges
                0x00000c60       0x58 ./board/clock_config.o
 .debug_aranges
                0x00000cb8       0x20 ./board/peripherals.o
 .debug_aranges
                0x00000cd8       0x38 ./board/pin_mux.o
 .debug_aranges
                0x00000d10       0x28 ./CMSIS/system_MKL25Z4.o

.debug_ranges   0x00000000      0xbc0
 .debug_ranges  0x00000000       0x38 ./utilities/fsl_debug_console.o
 .debug_ranges  0x00000038      0x150 ./startup/startup_mkl25z4.o
 .debug_ranges  0x00000188       0x20 ./source/analog_in.o
 .debug_ranges  0x000001a8       0x68 ./source/led_out.o
 .debug_ranges  0x00000210       0x28 ./source/main.o
 .debug_ranges  0x00000238       0x50 ./source/neopixel_lib.o
 .debug_ranges  0x00000288       0x10 ./source/semihost_hardfault.o
 .debug_ranges  0x00000298       0x10 ./freertos/fsl_tickless_lptmr.o
 .debug_ranges  0x000002a8       0x40 ./freertos/heap_4.o
 .debug_ranges  0x000002e8       0x30 ./freertos/list.o
 .debug_ranges  0x00000318       0x70 ./freertos/port.o
 .debug_ranges  0x00000388      0x108 ./freertos/queue.o
 .debug_ranges  0x00000490      0x1d8 ./freertos/tasks.o
 .debug_ranges  0x00000668       0xb8 ./freertos/timers.o
 .debug_ranges  0x00000720      0x1c8 ./drivers/fsl_clock.o
 .debug_ranges  0x000008e8      0x108 ./drivers/fsl_lpsci.o
 .debug_ranges  0x000009f0      0x120 ./drivers/fsl_uart.o
 .debug_ranges  0x00000b10       0x18 ./board/board.o
 .debug_ranges  0x00000b28       0x48 ./board/clock_config.o
 .debug_ranges  0x00000b70       0x10 ./board/peripherals.o
 .debug_ranges  0x00000b80       0x28 ./board/pin_mux.o
 .debug_ranges  0x00000ba8       0x18 ./CMSIS/system_MKL25Z4.o

.debug_line     0x00000000     0x75aa
 .debug_line    0x00000000      0x383 ./utilities/fsl_debug_console.o
 .debug_line    0x00000383      0x1ed ./startup/startup_mkl25z4.o
 .debug_line    0x00000570      0x1b0 ./source/analog_in.o
 .debug_line    0x00000720      0x3cf ./source/led_out.o
 .debug_line    0x00000aef      0x26c ./source/main.o
 .debug_line    0x00000d5b       0x30 ./source/mtb.o
 .debug_line    0x00000d8b      0x415 ./source/neopixel_lib.o
 .debug_line    0x000011a0       0x59 ./source/semihost_hardfault.o
 .debug_line    0x000011f9      0x100 ./freertos/fsl_tickless_lptmr.o
 .debug_line    0x000012f9      0x3c6 ./freertos/heap_4.o
 .debug_line    0x000016bf      0x1e6 ./freertos/list.o
 .debug_line    0x000018a5      0x281 ./freertos/port.o
 .debug_line    0x00001b26      0xbdd ./freertos/queue.o
 .debug_line    0x00002703     0x1488 ./freertos/tasks.o
 .debug_line    0x00003b8b      0x5ef ./freertos/timers.o
 .debug_line    0x0000417a     0x11ba ./drivers/fsl_clock.o
 .debug_line    0x00005334      0xcc2 ./drivers/fsl_lpsci.o
 .debug_line    0x00005ff6      0xcb1 ./drivers/fsl_uart.o
 .debug_line    0x00006ca7      0x1c4 ./board/board.o
 .debug_line    0x00006e6b      0x2c7 ./board/clock_config.o
 .debug_line    0x00007132       0x4b ./board/peripherals.o
 .debug_line    0x0000717d      0x21d ./board/pin_mux.o
 .debug_line    0x0000739a      0x210 ./CMSIS/system_MKL25Z4.o

.debug_str      0x00000000     0x558d
 .debug_str     0x00000000      0xa00 ./utilities/fsl_debug_console.o
                                0xa6c (size before relaxing)
 .debug_str     0x00000a00      0x37b ./startup/startup_mkl25z4.o
                                0x4cb (size before relaxing)
 .debug_str     0x00000d7b      0x19d ./source/analog_in.o
                                0x382 (size before relaxing)
 .debug_str     0x00000f18      0x380 ./source/led_out.o
                                0xb04 (size before relaxing)
 .debug_str     0x00001298       0xc4 ./source/main.o
                                0x72a (size before relaxing)
 .debug_str     0x0000135c       0x1f ./source/mtb.o
                                0x169 (size before relaxing)
 .debug_str     0x0000137b      0x113 ./source/neopixel_lib.o
                                0x780 (size before relaxing)
 .debug_str     0x0000148e       0x1f ./source/semihost_hardfault.o
                                0x169 (size before relaxing)
 .debug_str     0x000014ad       0x48 ./freertos/fsl_tickless_lptmr.o
                                0x224 (size before relaxing)
 .debug_str     0x000014f5      0x1d3 ./freertos/heap_4.o
                                0x3aa (size before relaxing)
 .debug_str     0x000016c8      0x131 ./freertos/list.o
                                0x31e (size before relaxing)
 .debug_str     0x000017f9      0x130 ./freertos/port.o
                                0x350 (size before relaxing)
 .debug_str     0x00001929      0x557 ./freertos/queue.o
                                0x840 (size before relaxing)
 .debug_str     0x00001e80      0xbdf ./freertos/tasks.o
                                0xfbe (size before relaxing)
 .debug_str     0x00002a5f      0x4dd ./freertos/timers.o
                                0x800 (size before relaxing)
 .debug_str     0x00002f3c      0xfc2 ./drivers/fsl_clock.o
                               0x17c4 (size before relaxing)
 .debug_str     0x00003efe      0x975 ./drivers/fsl_lpsci.o
                               0x1573 (size before relaxing)
 .debug_str     0x00004873      0x819 ./drivers/fsl_uart.o
                               0x157f (size before relaxing)
 .debug_str     0x0000508c       0x4c ./board/board.o
                                0x301 (size before relaxing)
 .debug_str     0x000050d8      0x2e8 ./board/clock_config.o
                                0xdae (size before relaxing)
 .debug_str     0x000053c0       0x31 ./board/peripherals.o
                                0x169 (size before relaxing)
 .debug_str     0x000053f1      0x14d ./board/pin_mux.o
                                0x59b (size before relaxing)
 .debug_str     0x0000553e       0x4f ./CMSIS/system_MKL25Z4.o
                                0x315 (size before relaxing)

.comment        0x00000000       0x49
 .comment       0x00000000       0x49 ./utilities/fsl_debug_console.o
                                 0x4a (size before relaxing)
 .comment       0x00000049       0x4a ./startup/startup_mkl25z4.o
 .comment       0x00000049       0x4a ./source/analog_in.o
 .comment       0x00000049       0x4a ./source/led_out.o
 .comment       0x00000049       0x4a ./source/main.o
 .comment       0x00000049       0x4a ./source/mtb.o
 .comment       0x00000049       0x4a ./source/neopixel_lib.o
 .comment       0x00000049       0x4a ./source/semihost_hardfault.o
 .comment       0x00000049       0x4a ./freertos/fsl_tickless_lptmr.o
 .comment       0x00000049       0x4a ./freertos/heap_4.o
 .comment       0x00000049       0x4a ./freertos/list.o
 .comment       0x00000049       0x4a ./freertos/port.o
 .comment       0x00000049       0x4a ./freertos/queue.o
 .comment       0x00000049       0x4a ./freertos/tasks.o
 .comment       0x00000049       0x4a ./freertos/timers.o
 .comment       0x00000049       0x4a ./drivers/fsl_clock.o
 .comment       0x00000049       0x4a ./drivers/fsl_lpsci.o
 .comment       0x00000049       0x4a ./drivers/fsl_uart.o
 .comment       0x00000049       0x4a ./board/board.o
 .comment       0x00000049       0x4a ./board/clock_config.o
 .comment       0x00000049       0x4a ./board/peripherals.o
 .comment       0x00000049       0x4a ./board/pin_mux.o
 .comment       0x00000049       0x4a ./CMSIS/system_MKL25Z4.o
 .comment       0x00000049       0x4a c:/nxp/mcuxpressoide_11.5.1_7266/ide/plugins/com.nxp.mcuxpresso.tools.win32_11.5.1.202201181444/tools/bin/../lib/gcc/arm-none-eabi/10.3.1/../../../../arm-none-eabi/lib/thumb/v6-m/nofp\libcr_semihost_nf.a(_cr__main.o)
 .comment       0x00000049       0x4a c:/nxp/mcuxpressoide_11.5.1_7266/ide/plugins/com.nxp.mcuxpresso.tools.win32_11.5.1.202201181444/tools/bin/../lib/gcc/arm-none-eabi/10.3.1/../../../../arm-none-eabi/lib/thumb/v6-m/nofp\libcr_semihost_nf.a(_cr_assert.o)
 .comment       0x00000049       0x4a c:/nxp/mcuxpressoide_11.5.1_7266/ide/plugins/com.nxp.mcuxpresso.tools.win32_11.5.1.202201181444/tools/bin/../lib/gcc/arm-none-eabi/10.3.1/../../../../arm-none-eabi/lib/thumb/v6-m/nofp\libcr_semihost_nf.a(__ciob.o)
 .comment       0x00000049       0x4a c:/nxp/mcuxpressoide_11.5.1_7266/ide/plugins/com.nxp.mcuxpresso.tools.win32_11.5.1.202201181444/tools/bin/../lib/gcc/arm-none-eabi/10.3.1/../../../../arm-none-eabi/lib/thumb/v6-m/nofp\libcr_c.a(memcpy.o)
 .comment       0x00000049       0x4a c:/nxp/mcuxpressoide_11.5.1_7266/ide/plugins/com.nxp.mcuxpresso.tools.win32_11.5.1.202201181444/tools/bin/../lib/gcc/arm-none-eabi/10.3.1/../../../../arm-none-eabi/lib/thumb/v6-m/nofp\libcr_c.a(memset.o)
 .comment       0x00000049       0x4a c:/nxp/mcuxpressoide_11.5.1_7266/ide/plugins/com.nxp.mcuxpresso.tools.win32_11.5.1.202201181444/tools/bin/../lib/gcc/arm-none-eabi/10.3.1/../../../../arm-none-eabi/lib/thumb/v6-m/nofp\libcr_c.a(_deferredlazyseek.o)
 .comment       0x00000049       0x4a c:/nxp/mcuxpressoide_11.5.1_7266/ide/plugins/com.nxp.mcuxpresso.tools.win32_11.5.1.202201181444/tools/bin/../lib/gcc/arm-none-eabi/10.3.1/../../../../arm-none-eabi/lib/thumb/v6-m/nofp\libcr_c.a(_fflush.o)
 .comment       0x00000049       0x4a c:/nxp/mcuxpressoide_11.5.1_7266/ide/plugins/com.nxp.mcuxpresso.tools.win32_11.5.1.202201181444/tools/bin/../lib/gcc/arm-none-eabi/10.3.1/../../../../arm-none-eabi/lib/thumb/v6-m/nofp\libcr_c.a(_writebuf.o)
 .comment       0x00000049       0x4a c:/nxp/mcuxpressoide_11.5.1_7266/ide/plugins/com.nxp.mcuxpresso.tools.win32_11.5.1.202201181444/tools/bin/../lib/gcc/arm-none-eabi/10.3.1/../../../../arm-none-eabi/lib/thumb/v6-m/nofp\libcr_c.a(alloc.o)
 .comment       0x00000049       0x4a c:/nxp/mcuxpressoide_11.5.1_7266/ide/plugins/com.nxp.mcuxpresso.tools.win32_11.5.1.202201181444/tools/bin/../lib/gcc/arm-none-eabi/10.3.1/../../../../arm-none-eabi/lib/thumb/v6-m/nofp\libcr_c.a(fputs.o)
 .comment       0x00000049       0x4a c:/nxp/mcuxpressoide_11.5.1_7266/ide/plugins/com.nxp.mcuxpresso.tools.win32_11.5.1.202201181444/tools/bin/../lib/gcc/arm-none-eabi/10.3.1/../../../../arm-none-eabi/lib/thumb/v6-m/nofp\libcr_c.a(fseek.o)
 .comment       0x00000049       0x4a c:/nxp/mcuxpressoide_11.5.1_7266/ide/plugins/com.nxp.mcuxpresso.tools.win32_11.5.1.202201181444/tools/bin/../lib/gcc/arm-none-eabi/10.3.1/../../../../arm-none-eabi/lib/thumb/v6-m/nofp\libcr_c.a(ftell.o)
 .comment       0x00000049       0x4a c:/nxp/mcuxpressoide_11.5.1_7266/ide/plugins/com.nxp.mcuxpresso.tools.win32_11.5.1.202201181444/tools/bin/../lib/gcc/arm-none-eabi/10.3.1/../../../../arm-none-eabi/lib/thumb/v6-m/nofp\libcr_c.a(initio.o)
 .comment       0x00000049       0x4a c:/nxp/mcuxpressoide_11.5.1_7266/ide/plugins/com.nxp.mcuxpresso.tools.win32_11.5.1.202201181444/tools/bin/../lib/gcc/arm-none-eabi/10.3.1/../../../../arm-none-eabi/lib/thumb/v6-m/nofp\libcr_c.a(printf.o)
 .comment       0x00000049       0x4a c:/nxp/mcuxpressoide_11.5.1_7266/ide/plugins/com.nxp.mcuxpresso.tools.win32_11.5.1.202201181444/tools/bin/../lib/gcc/arm-none-eabi/10.3.1/../../../../arm-none-eabi/lib/thumb/v6-m/nofp\libcr_c.a(setvbuf.o)
 .comment       0x00000049       0x4a c:/nxp/mcuxpressoide_11.5.1_7266/ide/plugins/com.nxp.mcuxpresso.tools.win32_11.5.1.202201181444/tools/bin/../lib/gcc/arm-none-eabi/10.3.1/../../../../arm-none-eabi/lib/thumb/v6-m/nofp\libcr_c.a(strlen.o)
 .comment       0x00000049       0x4a c:/nxp/mcuxpressoide_11.5.1_7266/ide/plugins/com.nxp.mcuxpresso.tools.win32_11.5.1.202201181444/tools/bin/../lib/gcc/arm-none-eabi/10.3.1/../../../../arm-none-eabi/lib/thumb/v6-m/nofp\libcr_c.a(__init_alloc.o)
 .comment       0x00000049       0x4a c:/nxp/mcuxpressoide_11.5.1_7266/ide/plugins/com.nxp.mcuxpresso.tools.win32_11.5.1.202201181444/tools/bin/../lib/gcc/arm-none-eabi/10.3.1/../../../../arm-none-eabi/lib/thumb/v6-m/nofp\libcr_c.a(_cr_sbrk.o)
 .comment       0x00000049       0x4a c:/nxp/mcuxpressoide_11.5.1_7266/ide/plugins/com.nxp.mcuxpresso.tools.win32_11.5.1.202201181444/tools/bin/../lib/gcc/arm-none-eabi/10.3.1/../../../../arm-none-eabi/lib/thumb/v6-m/nofp\libcr_c.a(_fdopen.o)
 .comment       0x00000049       0x4a c:/nxp/mcuxpressoide_11.5.1_7266/ide/plugins/com.nxp.mcuxpresso.tools.win32_11.5.1.202201181444/tools/bin/../lib/gcc/arm-none-eabi/10.3.1/../../../../arm-none-eabi/lib/thumb/v6-m/nofp\libcr_c.a(errno.o)
 .comment       0x00000049       0x4a c:/nxp/mcuxpressoide_11.5.1_7266/ide/plugins/com.nxp.mcuxpresso.tools.win32_11.5.1.202201181444/tools/bin/../lib/gcc/arm-none-eabi/10.3.1/../../../../arm-none-eabi/lib/thumb/v6-m/nofp\libcr_c.a(fclose.o)
 .comment       0x00000049       0x4a c:/nxp/mcuxpressoide_11.5.1_7266/ide/plugins/com.nxp.mcuxpresso.tools.win32_11.5.1.202201181444/tools/bin/../lib/gcc/arm-none-eabi/10.3.1/../../../../arm-none-eabi/lib/thumb/v6-m/nofp\libcr_c.a(fflush.o)
 .comment       0x00000049       0x4a c:/nxp/mcuxpressoide_11.5.1_7266/ide/plugins/com.nxp.mcuxpresso.tools.win32_11.5.1.202201181444/tools/bin/../lib/gcc/arm-none-eabi/10.3.1/../../../../arm-none-eabi/lib/thumb/v6-m/nofp\libcr_c.a(remove.o)
 .comment       0x00000049       0x4a c:/nxp/mcuxpressoide_11.5.1_7266/ide/plugins/com.nxp.mcuxpresso.tools.win32_11.5.1.202201181444/tools/bin/../lib/gcc/arm-none-eabi/10.3.1/../../../../arm-none-eabi/lib/thumb/v6-m/nofp\libcr_c.a(_cr_check_heap.o)
 .comment       0x00000049       0x4a c:/nxp/mcuxpressoide_11.5.1_7266/ide/plugins/com.nxp.mcuxpresso.tools.win32_11.5.1.202201181444/tools/bin/../lib/gcc/arm-none-eabi/10.3.1/../../../../arm-none-eabi/lib/thumb/v6-m/nofp\libcr_c.a(_do_fflush.o)

.ARM.attributes
                0x00000000       0x2a
 .ARM.attributes
                0x00000000       0x2c ./utilities/fsl_debug_console.o
 .ARM.attributes
                0x0000002c       0x2c ./startup/startup_mkl25z4.o
 .ARM.attributes
                0x00000058       0x2c ./source/analog_in.o
 .ARM.attributes
                0x00000084       0x2c ./source/led_out.o
 .ARM.attributes
                0x000000b0       0x2c ./source/main.o
 .ARM.attributes
                0x000000dc       0x32 ./source/mtb.o
 .ARM.attributes
                0x0000010e       0x2c ./source/neopixel_lib.o
 .ARM.attributes
                0x0000013a       0x2c ./source/semihost_hardfault.o
 .ARM.attributes
                0x00000166       0x2c ./freertos/fsl_tickless_lptmr.o
 .ARM.attributes
                0x00000192       0x2c ./freertos/heap_4.o
 .ARM.attributes
                0x000001be       0x2c ./freertos/list.o
 .ARM.attributes
                0x000001ea       0x2c ./freertos/port.o
 .ARM.attributes
                0x00000216       0x2c ./freertos/queue.o
 .ARM.attributes
                0x00000242       0x2c ./freertos/tasks.o
 .ARM.attributes
                0x0000026e       0x2c ./freertos/timers.o
 .ARM.attributes
                0x0000029a       0x2c ./drivers/fsl_clock.o
 .ARM.attributes
                0x000002c6       0x2c ./drivers/fsl_lpsci.o
 .ARM.attributes
                0x000002f2       0x2c ./drivers/fsl_uart.o
 .ARM.attributes
                0x0000031e       0x2c ./board/board.o
 .ARM.attributes
                0x0000034a       0x2c ./board/clock_config.o
 .ARM.attributes
                0x00000376       0x2c ./board/peripherals.o
 .ARM.attributes
                0x000003a2       0x2c ./board/pin_mux.o
 .ARM.attributes
                0x000003ce       0x2c ./CMSIS/system_MKL25Z4.o
 .ARM.attributes
                0x000003fa       0x2c c:/nxp/mcuxpressoide_11.5.1_7266/ide/plugins/com.nxp.mcuxpresso.tools.win32_11.5.1.202201181444/tools/bin/../lib/gcc/arm-none-eabi/10.3.1/../../../../arm-none-eabi/lib/thumb/v6-m/nofp\libcr_semihost_nf.a(_cr__main.o)
 .ARM.attributes
                0x00000426       0x2c c:/nxp/mcuxpressoide_11.5.1_7266/ide/plugins/com.nxp.mcuxpresso.tools.win32_11.5.1.202201181444/tools/bin/../lib/gcc/arm-none-eabi/10.3.1/../../../../arm-none-eabi/lib/thumb/v6-m/nofp\libcr_semihost_nf.a(_cr_assert.o)
 .ARM.attributes
                0x00000452       0x31 c:/nxp/mcuxpressoide_11.5.1_7266/ide/plugins/com.nxp.mcuxpresso.tools.win32_11.5.1.202201181444/tools/bin/../lib/gcc/arm-none-eabi/10.3.1/../../../../arm-none-eabi/lib/thumb/v6-m/nofp\libcr_semihost_nf.a(__ciob.o)
 .ARM.attributes
                0x00000483       0x1c c:/nxp/mcuxpressoide_11.5.1_7266/ide/plugins/com.nxp.mcuxpresso.tools.win32_11.5.1.202201181444/tools/bin/../lib/gcc/arm-none-eabi/10.3.1/../../../../arm-none-eabi/lib/thumb/v6-m/nofp\libcr_semihost_nf.a(__sys_appexit.o)
 .ARM.attributes
                0x0000049f       0x2c c:/nxp/mcuxpressoide_11.5.1_7266/ide/plugins/com.nxp.mcuxpresso.tools.win32_11.5.1.202201181444/tools/bin/../lib/gcc/arm-none-eabi/10.3.1/../../../../arm-none-eabi/lib/thumb/v6-m/nofp\libcr_c.a(memcpy.o)
 .ARM.attributes
                0x000004cb       0x2c c:/nxp/mcuxpressoide_11.5.1_7266/ide/plugins/com.nxp.mcuxpresso.tools.win32_11.5.1.202201181444/tools/bin/../lib/gcc/arm-none-eabi/10.3.1/../../../../arm-none-eabi/lib/thumb/v6-m/nofp\libcr_c.a(memset.o)
 .ARM.attributes
                0x000004f7       0x2c c:/nxp/mcuxpressoide_11.5.1_7266/ide/plugins/com.nxp.mcuxpresso.tools.win32_11.5.1.202201181444/tools/bin/../lib/gcc/arm-none-eabi/10.3.1/../../../../arm-none-eabi/lib/thumb/v6-m/nofp\libcr_c.a(_deferredlazyseek.o)
 .ARM.attributes
                0x00000523       0x2c c:/nxp/mcuxpressoide_11.5.1_7266/ide/plugins/com.nxp.mcuxpresso.tools.win32_11.5.1.202201181444/tools/bin/../lib/gcc/arm-none-eabi/10.3.1/../../../../arm-none-eabi/lib/thumb/v6-m/nofp\libcr_c.a(_fflush.o)
 .ARM.attributes
                0x0000054f       0x2c c:/nxp/mcuxpressoide_11.5.1_7266/ide/plugins/com.nxp.mcuxpresso.tools.win32_11.5.1.202201181444/tools/bin/../lib/gcc/arm-none-eabi/10.3.1/../../../../arm-none-eabi/lib/thumb/v6-m/nofp\libcr_c.a(_writebuf.o)
 .ARM.attributes
                0x0000057b       0x2c c:/nxp/mcuxpressoide_11.5.1_7266/ide/plugins/com.nxp.mcuxpresso.tools.win32_11.5.1.202201181444/tools/bin/../lib/gcc/arm-none-eabi/10.3.1/../../../../arm-none-eabi/lib/thumb/v6-m/nofp\libcr_c.a(alloc.o)
 .ARM.attributes
                0x000005a7       0x2c c:/nxp/mcuxpressoide_11.5.1_7266/ide/plugins/com.nxp.mcuxpresso.tools.win32_11.5.1.202201181444/tools/bin/../lib/gcc/arm-none-eabi/10.3.1/../../../../arm-none-eabi/lib/thumb/v6-m/nofp\libcr_c.a(fputs.o)
 .ARM.attributes
                0x000005d3       0x2c c:/nxp/mcuxpressoide_11.5.1_7266/ide/plugins/com.nxp.mcuxpresso.tools.win32_11.5.1.202201181444/tools/bin/../lib/gcc/arm-none-eabi/10.3.1/../../../../arm-none-eabi/lib/thumb/v6-m/nofp\libcr_c.a(fseek.o)
 .ARM.attributes
                0x000005ff       0x2c c:/nxp/mcuxpressoide_11.5.1_7266/ide/plugins/com.nxp.mcuxpresso.tools.win32_11.5.1.202201181444/tools/bin/../lib/gcc/arm-none-eabi/10.3.1/../../../../arm-none-eabi/lib/thumb/v6-m/nofp\libcr_c.a(ftell.o)
 .ARM.attributes
                0x0000062b       0x2c c:/nxp/mcuxpressoide_11.5.1_7266/ide/plugins/com.nxp.mcuxpresso.tools.win32_11.5.1.202201181444/tools/bin/../lib/gcc/arm-none-eabi/10.3.1/../../../../arm-none-eabi/lib/thumb/v6-m/nofp\libcr_c.a(initio.o)
 .ARM.attributes
                0x00000657       0x2c c:/nxp/mcuxpressoide_11.5.1_7266/ide/plugins/com.nxp.mcuxpresso.tools.win32_11.5.1.202201181444/tools/bin/../lib/gcc/arm-none-eabi/10.3.1/../../../../arm-none-eabi/lib/thumb/v6-m/nofp\libcr_c.a(printf.o)
 .ARM.attributes
                0x00000683       0x2c c:/nxp/mcuxpressoide_11.5.1_7266/ide/plugins/com.nxp.mcuxpresso.tools.win32_11.5.1.202201181444/tools/bin/../lib/gcc/arm-none-eabi/10.3.1/../../../../arm-none-eabi/lib/thumb/v6-m/nofp\libcr_c.a(setvbuf.o)
 .ARM.attributes
                0x000006af       0x2c c:/nxp/mcuxpressoide_11.5.1_7266/ide/plugins/com.nxp.mcuxpresso.tools.win32_11.5.1.202201181444/tools/bin/../lib/gcc/arm-none-eabi/10.3.1/../../../../arm-none-eabi/lib/thumb/v6-m/nofp\libcr_c.a(strlen.o)
 .ARM.attributes
                0x000006db       0x2c c:/nxp/mcuxpressoide_11.5.1_7266/ide/plugins/com.nxp.mcuxpresso.tools.win32_11.5.1.202201181444/tools/bin/../lib/gcc/arm-none-eabi/10.3.1/../../../../arm-none-eabi/lib/thumb/v6-m/nofp\libcr_c.a(__init_alloc.o)
 .ARM.attributes
                0x00000707       0x2c c:/nxp/mcuxpressoide_11.5.1_7266/ide/plugins/com.nxp.mcuxpresso.tools.win32_11.5.1.202201181444/tools/bin/../lib/gcc/arm-none-eabi/10.3.1/../../../../arm-none-eabi/lib/thumb/v6-m/nofp\libcr_c.a(_cr_sbrk.o)
 .ARM.attributes
                0x00000733       0x2c c:/nxp/mcuxpressoide_11.5.1_7266/ide/plugins/com.nxp.mcuxpresso.tools.win32_11.5.1.202201181444/tools/bin/../lib/gcc/arm-none-eabi/10.3.1/../../../../arm-none-eabi/lib/thumb/v6-m/nofp\libcr_c.a(_fdopen.o)
 .ARM.attributes
                0x0000075f       0x31 c:/nxp/mcuxpressoide_11.5.1_7266/ide/plugins/com.nxp.mcuxpresso.tools.win32_11.5.1.202201181444/tools/bin/../lib/gcc/arm-none-eabi/10.3.1/../../../../arm-none-eabi/lib/thumb/v6-m/nofp\libcr_c.a(errno.o)
 .ARM.attributes
                0x00000790       0x2c c:/nxp/mcuxpressoide_11.5.1_7266/ide/plugins/com.nxp.mcuxpresso.tools.win32_11.5.1.202201181444/tools/bin/../lib/gcc/arm-none-eabi/10.3.1/../../../../arm-none-eabi/lib/thumb/v6-m/nofp\libcr_c.a(fclose.o)
 .ARM.attributes
                0x000007bc       0x2c c:/nxp/mcuxpressoide_11.5.1_7266/ide/plugins/com.nxp.mcuxpresso.tools.win32_11.5.1.202201181444/tools/bin/../lib/gcc/arm-none-eabi/10.3.1/../../../../arm-none-eabi/lib/thumb/v6-m/nofp\libcr_c.a(fflush.o)
 .ARM.attributes
                0x000007e8       0x2c c:/nxp/mcuxpressoide_11.5.1_7266/ide/plugins/com.nxp.mcuxpresso.tools.win32_11.5.1.202201181444/tools/bin/../lib/gcc/arm-none-eabi/10.3.1/../../../../arm-none-eabi/lib/thumb/v6-m/nofp\libcr_c.a(remove.o)
 .ARM.attributes
                0x00000814       0x2c c:/nxp/mcuxpressoide_11.5.1_7266/ide/plugins/com.nxp.mcuxpresso.tools.win32_11.5.1.202201181444/tools/bin/../lib/gcc/arm-none-eabi/10.3.1/../../../../arm-none-eabi/lib/thumb/v6-m/nofp\libcr_c.a(_cr_check_heap.o)
 .ARM.attributes
                0x00000840       0x2c c:/nxp/mcuxpressoide_11.5.1_7266/ide/plugins/com.nxp.mcuxpresso.tools.win32_11.5.1.202201181444/tools/bin/../lib/gcc/arm-none-eabi/10.3.1/../../../../arm-none-eabi/lib/thumb/v6-m/nofp\libcr_c.a(_do_fflush.o)
 .ARM.attributes
                0x0000086c       0x1c c:/nxp/mcuxpressoide_11.5.1_7266/ide/plugins/com.nxp.mcuxpresso.tools.win32_11.5.1.202201181444/tools/bin/../lib/gcc/arm-none-eabi/10.3.1/thumb/v6-m/nofp\libcr_eabihelpers.a(division_32.o)
 .ARM.attributes
                0x00000888       0x1c c:/nxp/mcuxpressoide_11.5.1_7266/ide/plugins/com.nxp.mcuxpresso.tools.win32_11.5.1.202201181444/tools/bin/../lib/gcc/arm-none-eabi/10.3.1/thumb/v6-m/nofp\libcr_eabihelpers.a(division_idiv0.o)
 .ARM.attributes
                0x000008a4       0x1c c:/nxp/mcuxpressoide_11.5.1_7266/ide/plugins/com.nxp.mcuxpresso.tools.win32_11.5.1.202201181444/tools/bin/../lib/gcc/arm-none-eabi/10.3.1/thumb/v6-m/nofp\libcr_eabihelpers.a(llong.o)
 .ARM.attributes
                0x000008c0       0x1c c:/nxp/mcuxpressoide_11.5.1_7266/ide/plugins/com.nxp.mcuxpresso.tools.win32_11.5.1.202201181444/tools/bin/../lib/gcc/arm-none-eabi/10.3.1/thumb/v6-m/nofp\libcr_eabihelpers.a(memcpy.o)
 .ARM.attributes
                0x000008dc       0x1c c:/nxp/mcuxpressoide_11.5.1_7266/ide/plugins/com.nxp.mcuxpresso.tools.win32_11.5.1.202201181444/tools/bin/../lib/gcc/arm-none-eabi/10.3.1/thumb/v6-m/nofp\libcr_eabihelpers.a(thumb1_switch_helpers.o)
 .ARM.attributes
                0x000008f8       0x1c c:/nxp/mcuxpressoide_11.5.1_7266/ide/plugins/com.nxp.mcuxpresso.tools.win32_11.5.1.202201181444/tools/bin/../lib/gcc/arm-none-eabi/10.3.1/../../../../arm-none-eabi/lib/thumb/v6-m/nofp\libcr_semihost_nf.a(__sys_close.o)
 .ARM.attributes
                0x00000914       0x1c c:/nxp/mcuxpressoide_11.5.1_7266/ide/plugins/com.nxp.mcuxpresso.tools.win32_11.5.1.202201181444/tools/bin/../lib/gcc/arm-none-eabi/10.3.1/../../../../arm-none-eabi/lib/thumb/v6-m/nofp\libcr_semihost_nf.a(__sys_flen.o)
 .ARM.attributes
                0x00000930       0x1c c:/nxp/mcuxpressoide_11.5.1_7266/ide/plugins/com.nxp.mcuxpresso.tools.win32_11.5.1.202201181444/tools/bin/../lib/gcc/arm-none-eabi/10.3.1/../../../../arm-none-eabi/lib/thumb/v6-m/nofp\libcr_semihost_nf.a(__sys_istty.o)
 .ARM.attributes
                0x0000094c       0x1c c:/nxp/mcuxpressoide_11.5.1_7266/ide/plugins/com.nxp.mcuxpresso.tools.win32_11.5.1.202201181444/tools/bin/../lib/gcc/arm-none-eabi/10.3.1/../../../../arm-none-eabi/lib/thumb/v6-m/nofp\libcr_semihost_nf.a(__sys_remove.o)
 .ARM.attributes
                0x00000968       0x1c c:/nxp/mcuxpressoide_11.5.1_7266/ide/plugins/com.nxp.mcuxpresso.tools.win32_11.5.1.202201181444/tools/bin/../lib/gcc/arm-none-eabi/10.3.1/../../../../arm-none-eabi/lib/thumb/v6-m/nofp\libcr_semihost_nf.a(__sys_seek.o)
 .ARM.attributes
                0x00000984       0x1c c:/nxp/mcuxpressoide_11.5.1_7266/ide/plugins/com.nxp.mcuxpresso.tools.win32_11.5.1.202201181444/tools/bin/../lib/gcc/arm-none-eabi/10.3.1/../../../../arm-none-eabi/lib/thumb/v6-m/nofp\libcr_semihost_nf.a(__sys_tmpnam.o)
 .ARM.attributes
                0x000009a0       0x1c c:/nxp/mcuxpressoide_11.5.1_7266/ide/plugins/com.nxp.mcuxpresso.tools.win32_11.5.1.202201181444/tools/bin/../lib/gcc/arm-none-eabi/10.3.1/../../../../arm-none-eabi/lib/thumb/v6-m/nofp\libcr_semihost_nf.a(__sys_write.o)

.debug_frame    0x00000000     0x2b0c
 .debug_frame   0x00000000       0xcc ./utilities/fsl_debug_console.o
 .debug_frame   0x000000cc      0x3b0 ./startup/startup_mkl25z4.o
 .debug_frame   0x0000047c       0x68 ./source/analog_in.o
 .debug_frame   0x000004e4      0x174 ./source/led_out.o
 .debug_frame   0x00000658       0x90 ./source/main.o
 .debug_frame   0x000006e8      0x134 ./source/neopixel_lib.o
 .debug_frame   0x0000081c       0x20 ./source/semihost_hardfault.o
 .debug_frame   0x0000083c       0x2c ./freertos/fsl_tickless_lptmr.o
 .debug_frame   0x00000868       0xe4 ./freertos/heap_4.o
 .debug_frame   0x0000094c       0xb0 ./freertos/list.o
 .debug_frame   0x000009fc      0x154 ./freertos/port.o
 .debug_frame   0x00000b50      0x410 ./freertos/queue.o
 .debug_frame   0x00000f60      0x73c ./freertos/tasks.o
 .debug_frame   0x0000169c      0x2c8 ./freertos/timers.o
 .debug_frame   0x00001964      0x6e0 ./drivers/fsl_clock.o
 .debug_frame   0x00002044      0x414 ./drivers/fsl_lpsci.o
 .debug_frame   0x00002458      0x464 ./drivers/fsl_uart.o
 .debug_frame   0x000028bc       0x50 ./board/board.o
 .debug_frame   0x0000290c      0x100 ./board/clock_config.o
 .debug_frame   0x00002a0c       0x2c ./board/peripherals.o
 .debug_frame   0x00002a38       0x88 ./board/pin_mux.o
 .debug_frame   0x00002ac0       0x4c ./CMSIS/system_MKL25Z4.o

Cross Reference Table

Symbol                                            File
ADC0_DriverIRQHandler                             ./startup/startup_mkl25z4.o
ADC0_IRQHandler                                   ./startup/startup_mkl25z4.o
ADC_handle                                        ./source/main.o
ADC_init                                          ./source/analog_in.o
                                                  ./source/main.o
ADC_sampling                                      ./source/analog_in.o
                                                  ./source/main.o
BOARD_BootClockRUN                                ./board/clock_config.o
BOARD_BootClockVLPR                               ./board/clock_config.o
BOARD_InitBootClocks                              ./board/clock_config.o
                                                  ./source/main.o
BOARD_InitBootPeripherals                         ./board/peripherals.o
                                                  ./source/main.o
BOARD_InitBootPins                                ./board/pin_mux.o
                                                  ./source/main.o
BOARD_InitDebugConsole                            ./board/board.o
                                                  ./source/main.o
BOARD_InitPins                                    ./board/pin_mux.o
CLOCK_BootToBlpeMode                              ./drivers/fsl_clock.o
CLOCK_BootToBlpiMode                              ./drivers/fsl_clock.o
                                                  ./board/clock_config.o
CLOCK_BootToFeeMode                               ./drivers/fsl_clock.o
CLOCK_BootToFeiMode                               ./drivers/fsl_clock.o
CLOCK_BootToPeeMode                               ./drivers/fsl_clock.o
                                                  ./board/clock_config.o
CLOCK_CalcPllDiv                                  ./drivers/fsl_clock.o
CLOCK_ClearStatusFlags                            ./drivers/fsl_clock.o
CLOCK_DeinitOsc0                                  ./drivers/fsl_clock.o
CLOCK_EnablePll0                                  ./drivers/fsl_clock.o
CLOCK_EnableUsbfs0Clock                           ./drivers/fsl_clock.o
CLOCK_ExternalModeToFbeModeQuick                  ./drivers/fsl_clock.o
CLOCK_FllStableDelay                              ./drivers/fsl_clock.o
CLOCK_GetBusClkFreq                               ./drivers/fsl_clock.o
CLOCK_GetCoreSysClkFreq                           ./drivers/fsl_clock.o
CLOCK_GetEr32kClkFreq                             ./drivers/fsl_clock.o
CLOCK_GetFixedFreqClkFreq                         ./drivers/fsl_clock.o
CLOCK_GetFlashClkFreq                             ./drivers/fsl_clock.o
CLOCK_GetFllFreq                                  ./drivers/fsl_clock.o
CLOCK_GetFreq                                     ./drivers/fsl_clock.o
CLOCK_GetInternalRefClkFreq                       ./drivers/fsl_clock.o
CLOCK_GetMode                                     ./drivers/fsl_clock.o
CLOCK_GetOsc0ErClkFreq                            ./drivers/fsl_clock.o
CLOCK_GetOutClkFreq                               ./drivers/fsl_clock.o
CLOCK_GetPlatClkFreq                              ./drivers/fsl_clock.o
CLOCK_GetPll0Freq                                 ./drivers/fsl_clock.o
CLOCK_GetPllFllSelClkFreq                         ./drivers/fsl_clock.o
                                                  ./board/board.o
CLOCK_GetStatusFlags                              ./drivers/fsl_clock.o
CLOCK_InitOsc0                                    ./drivers/fsl_clock.o
                                                  ./board/clock_config.o
CLOCK_InternalModeToFbiModeQuick                  ./drivers/fsl_clock.o
CLOCK_SetBlpeMode                                 ./drivers/fsl_clock.o
CLOCK_SetBlpiMode                                 ./drivers/fsl_clock.o
CLOCK_SetExternalRefClkConfig                     ./drivers/fsl_clock.o
CLOCK_SetFbeMode                                  ./drivers/fsl_clock.o
CLOCK_SetFbiMode                                  ./drivers/fsl_clock.o
CLOCK_SetFeeMode                                  ./drivers/fsl_clock.o
CLOCK_SetFeiMode                                  ./drivers/fsl_clock.o
CLOCK_SetInternalRefClkConfig                     ./drivers/fsl_clock.o
                                                  ./board/clock_config.o
CLOCK_SetMcgConfig                                ./drivers/fsl_clock.o
CLOCK_SetOsc0MonitorMode                          ./drivers/fsl_clock.o
CLOCK_SetPbeMode                                  ./drivers/fsl_clock.o
CLOCK_SetPeeMode                                  ./drivers/fsl_clock.o
CLOCK_SetPll0MonitorMode                          ./drivers/fsl_clock.o
CLOCK_SetSimConfig                                ./drivers/fsl_clock.o
                                                  ./board/clock_config.o
CLOCK_TrimInternalRefClk                          ./drivers/fsl_clock.o
CMP0_DriverIRQHandler                             ./startup/startup_mkl25z4.o
CMP0_IRQHandler                                   ./startup/startup_mkl25z4.o
DAC0_DriverIRQHandler                             ./startup/startup_mkl25z4.o
DAC0_IRQHandler                                   ./startup/startup_mkl25z4.o
DMA0_DriverIRQHandler                             ./startup/startup_mkl25z4.o
DMA0_IRQHandler                                   ./source/led_out.o