../drivers/fsl_flash.c:2885:17:flash_check_execute_in_ram_function_info	0	static
../drivers/fsl_flash.c:2622:17:flash_command_sequence	16	static
../drivers/fsl_flash.c:2907:17:flash_check_range	12	static
../drivers/fsl_flash.c:2939:17:flash_get_matched_operation_info.isra	16	static
../drivers/fsl_flash.c:751:10:FLASH_SetCallback	0	static
../drivers/fsl_flash.c:764:10:FLASH_PrepareExecuteInRamFunctions	16	static
../drivers/fsl_flash.c:636:10:FLASH_Init	16	static
../drivers/fsl_flash.c:1285:10:FLASH_ReadResource	64	static
../drivers/fsl_flash.c:1346:10:FLASH_ReadOnce	24	static
../drivers/fsl_flash.c:1382:10:FLASH_GetSecurityState	0	static
../drivers/fsl_flash.c:1420:10:FLASH_SecurityBypass	8	static
../drivers/fsl_flash.c:1452:10:FLASH_VerifyEraseAll	8	static
../drivers/fsl_flash.c:1466:10:FLASH_VerifyErase	72	static
../drivers/fsl_flash.c:1525:10:FLASH_VerifyProgram	64	static
../drivers/fsl_flash.c:1583:10:FLASH_VerifyEraseAllExecuteOnlySegments	8	static
../drivers/fsl_flash.c:1597:10:FLASH_IsProtected	216	static
../drivers/fsl_flash.c:1789:10:FLASH_IsExecuteOnly	16	static
../drivers/fsl_flash.c:1907:10:FLASH_GetProperty	8	static
../drivers/fsl_flash.c:1988:10:FLASH_SetProperty	0	static
../drivers/fsl_flash.c:2248:10:FLASH_PflashSetProtection	0	static
../drivers/fsl_flash.c:2291:10:FLASH_PflashGetProtection	0	static
../drivers/fsl_flash.c:2402:10:FLASH_PflashSetPrefetchSpeculation	0	static
../drivers/fsl_flash.c:2514:10:FLASH_PflashGetPrefetchSpeculation	8	static
../drivers/fsl_flash.c:2701:6:mcm_flash_cache_clear	8	static
../drivers/fsl_flash.c:2847:13:flash_cache_clear_process	16	static
../drivers/fsl_flash.c:2837:6:flash_cache_clear	8	static
../drivers/fsl_flash.c:783:10:FLASH_EraseAll	16	static
../drivers/fsl_flash.c:821:10:FLASH_Erase	64	static
../drivers/fsl_flash.c:934:10:FLASH_EraseAllExecuteOnlySegments	16	static
../drivers/fsl_flash.c:964:10:FLASH_Program	64	static
../drivers/fsl_flash.c:1033:10:FLASH_ProgramOnce	16	static
