../freertos/tasks.c:676:13:xTaskCreate	64	static
../freertos/tasks.c:767:13:prvInitialiseNewTask	32	static
../freertos/tasks.c:970:13:prvAddNewTaskToReadyList	16	static
../freertos/tasks.c:1055:7:vTaskDelete	24	static
../freertos/tasks.c:1147:7:vTaskDelayUntil	32	static
../freertos/tasks.c:1231:7:vTaskDelay	24	static
../freertos/tasks.c:1276:13:eTaskGetState	32	static
../freertos/tasks.c:1347:14:uxTaskPriorityGet	24	static
../freertos/tasks.c:1369:14:uxTaskPriorityGetFromISR	32	static
../freertos/tasks.c:1409:7:vTaskPrioritySet	32	static
../freertos/tasks.c:1573:7:vTaskSuspend	24	static
../freertos/tasks.c:1663:20:prvTaskIsTaskSuspended	24	static
../freertos/tasks.c:1709:7:vTaskResume	24	static
../freertos/tasks.c:1763:13:xTaskResumeFromISR	32	static
../freertos/tasks.c:1833:6:vTaskStartScheduler	24	static
../freertos/tasks.c:1940:6:vTaskEndScheduler	8	static
../freertos/tasks.c:1951:6:vTaskSuspendAll	8	static
../freertos/tasks.c:2024:12:xTaskResumeAll	24	static
../freertos/tasks.c:2134:12:xTaskGetTickCount	16	static
../freertos/tasks.c:2149:12:xTaskGetTickCountFromISR	16	static
../freertos/tasks.c:2180:13:uxTaskGetNumberOfTasks	8	static
../freertos/tasks.c:2188:7:pcTaskGetName	24	static
../freertos/tasks.c:2328:14:uxTaskGetSystemState	32	static
../freertos/tasks.c:2506:12:xTaskIncrementTick	32	static
../freertos/tasks.c:2768:6:vTaskSwitchContext	16	static
../freertos/tasks.c:2827:6:vTaskPlaceOnEventList	16	static
../freertos/tasks.c:2844:6:vTaskPlaceOnUnorderedEventList	24	static
../freertos/tasks.c:2870:7:vTaskPlaceOnEventListRestricted	24	static
../freertos/tasks.c:2901:12:xTaskRemoveFromEventList	24	static
../freertos/tasks.c:2969:12:xTaskRemoveFromUnorderedEventList	24	static
../freertos/tasks.c:3014:6:vTaskSetTimeOutState	16	static
../freertos/tasks.c:3022:12:xTaskCheckForTimeOut	24	static
../freertos/tasks.c:3083:6:vTaskMissedYield	8	static
../freertos/tasks.c:3091:14:uxTaskGetTaskNumber	24	static
../freertos/tasks.c:3114:7:vTaskSetTaskNumber	24	static
../freertos/tasks.c:3138:8:prvIdleTask	16	static
../freertos/tasks.c:3287:7:vTaskSetThreadLocalStoragePointer	32	static
../freertos/tasks.c:3303:8:pvTaskGetThreadLocalStoragePointer	24	static
../freertos/tasks.c:3340:13:prvInitialiseTaskLists	16	static
../freertos/tasks.c:3372:13:prvCheckTasksWaitingTermination	16	static
../freertos/tasks.c:3418:7:vTaskGetInfo	32	static
../freertos/tasks.c:3507:21:prvListTasksWithinSingleList	48	static
../freertos/tasks.c:3540:18:prvTaskCheckFreeStackSpace	24	static
../freertos/tasks.c:3588:14:prvDeleteTCB	16	static
../freertos/tasks.c:3642:13:prvResetNextTaskUnblockTime	16	static
../freertos/tasks.c:3668:15:xTaskGetCurrentTaskHandle	16	static
../freertos/tasks.c:3685:13:xTaskGetSchedulerState	16	static
../freertos/tasks.c:3713:7:vTaskPriorityInherit	24	static
../freertos/tasks.c:3779:13:xTaskPriorityDisinherit	24	static
../freertos/tasks.c:4169:12:uxTaskResetEventItemValue	16	static
../freertos/tasks.c:4185:8:pvTaskIncrementMutexHeldCount	8	static
../freertos/tasks.c:4202:11:ulTaskNotifyTake	24	static
../freertos/tasks.c:4270:13:xTaskNotifyWait	32	static
../freertos/tasks.c:4350:13:xTaskGenericNotify	40	static
../freertos/tasks.c:4456:13:xTaskGenericNotifyFromISR	40	static
../freertos/tasks.c:4580:7:vTaskNotifyGiveFromISR	32	static
../freertos/tasks.c:4669:13:xTaskNotifyStateClear	24	static
../freertos/tasks.c:4699:13:prvAddCurrentTaskToDelayedList	24	static
