C:\Users\ritik\Documents\MCUXpressoIDE_11.5.1_7266\workspace\Music_Reactive_LEDs\CMSIS/core_cm0plus.h:745:22:NVIC_EnableIRQ	16	static
C:\Users\ritik\Documents\MCUXpressoIDE_11.5.1_7266\workspace\Music_Reactive_LEDs\CMSIS/core_cm0plus.h:791:22:NVIC_ClearPendingIRQ	16	static
C:\Users\ritik\Documents\MCUXpressoIDE_11.5.1_7266\workspace\Music_Reactive_LEDs\CMSIS/core_cm0plus.h:804:22:NVIC_SetPriority	24	static
../source/led_out.c:29:6:GPIO_init	8	static
../source/led_out.c:43:6:clock_init	8	static
../source/led_out.c:56:6:DMA_init	8	static
../source/led_out.c:84:6:TPM0_init	8	static
../source/led_out.c:106:6:DMA0_IRQHandler	16	static
../source/led_out.c:148:6:Neo_output	16	static
