C:\Users\ritik\Documents\MCUXpressoIDE_11.5.1_7266\workspace\frdmkl25z_rtos_examples_freertos_hello_project\CMSIS/core_cm0plus.h:745:22:NVIC_EnableIRQ	16	static
C:\Users\ritik\Documents\MCUXpressoIDE_11.5.1_7266\workspace\frdmkl25z_rtos_examples_freertos_hello_project\CMSIS/core_cm0plus.h:791:22:NVIC_ClearPendingIRQ	16	static
C:\Users\ritik\Documents\MCUXpressoIDE_11.5.1_7266\workspace\frdmkl25z_rtos_examples_freertos_hello_project\CMSIS/core_cm0plus.h:804:22:NVIC_SetPriority	24	static
../source/led_out.c:30:6:GPIO_init	8	static
../source/led_out.c:44:6:clock_init	8	static
../source/led_out.c:84:6:DMA_init	8	static
../source/led_out.c:115:6:TPM0_init	8	static
../source/led_out.c:140:6:DMA0_IRQHandler	16	static
../source/led_out.c:177:6:Neo_output	8	static
../source/led_out.c:185:6:Neo_loop	24	static
../source/led_out.c:194:6:DMA_SetValues	8	static
../source/led_out.c:211:6:Neo_UpdateStrip	8	static
